[0.770s] Invoking command in '/home/mmaaz/ros2_ws/build/mycobot_mtc_demos': CMAKE_MODULE_PATH=/home/mmaaz/ros2_ws/install/moveit_task_constructor_core/share/moveit_task_constructor_core/cmake:/home/mmaaz/ros2_ws/install/warehouse_ros_mongo/share/warehouse_ros_mongo/cmake CMAKE_PREFIX_PATH=/home/mmaaz/ros2_ws/install/moveit_task_constructor_core:/home/mmaaz/ros2_ws/install/rviz_marker_tools:/home/mmaaz/ros2_ws/install/moveit_task_constructor_msgs:/home/mmaaz/ros2_ws/install/warehouse_ros_mongo:/home/mmaaz/ros2_ws/install/mycobot_mtc_pick_place_demo:/home/mmaaz/ros2_ws/install/mycobot_mtc_demos:/home/mmaaz/ros2_ws/install/moveit_task_constructor_visualization:/home/mmaaz/ros2_ws/install/moveit_task_constructor_demo:/home/mmaaz/ros2_ws/install/moveit_task_constructor_capabilities:/home/mmaaz/ros2_ws/install/mycobot_ros2:/home/mmaaz/ros2_ws/install/mycobot_system_tests:/home/mmaaz/ros2_ws/install/mycobot_moveit_demos:/home/mmaaz/ros2_ws/install/mycobot_moveit_config:/home/mmaaz/ros2_ws/install/mycobot_interfaces:/home/mmaaz/ros2_ws/install/mycobot_gazebo:/home/mmaaz/ros2_ws/install/mycobot_description:/home/mmaaz/ros2_ws/install/mycobot_bringup:/opt/ros/jazzy/opt/gz_sim_vendor:/opt/ros/jazzy/opt/gz_sensors_vendor:/opt/ros/jazzy/opt/gz_physics_vendor:/opt/ros/jazzy/opt/sdformat_vendor:/opt/ros/jazzy/opt/gz_gui_vendor:/opt/ros/jazzy/opt/gz_transport_vendor:/opt/ros/jazzy/opt/gz_rendering_vendor:/opt/ros/jazzy/opt/gz_plugin_vendor:/opt/ros/jazzy/opt/gz_fuel_tools_vendor:/opt/ros/jazzy/opt/gz_msgs_vendor:/opt/ros/jazzy/opt/gz_common_vendor:/opt/ros/jazzy/opt/gz_math_vendor:/opt/ros/jazzy/opt/gz_utils_vendor:/opt/ros/jazzy/opt/gz_tools_vendor:/opt/ros/jazzy/opt/gz_ogre_next_vendor:/opt/ros/jazzy/opt/gz_dartsim_vendor:/opt/ros/jazzy/opt/gz_cmake_vendor:/opt/ros/jazzy LD_LIBRARY_PATH=/home/mmaaz/ros2_ws/install/moveit_task_constructor_core/lib:/home/mmaaz/ros2_ws/install/rviz_marker_tools/lib:/home/mmaaz/ros2_ws/install/moveit_task_constructor_msgs/lib:/home/mmaaz/ros2_ws/install/warehouse_ros_mongo/lib:/home/mmaaz/ros2_ws/install/mycobot_mtc_pick_place_demo/lib:/home/mmaaz/ros2_ws/install/moveit_task_constructor_visualization/lib:/home/mmaaz/ros2_ws/install/moveit_task_constructor_demo/lib:/home/mmaaz/ros2_ws/install/moveit_task_constructor_capabilities/lib:/home/mmaaz/ros2_ws/install/mycobot_interfaces/lib:/opt/ros/jazzy/opt/gz_sim_vendor/lib:/opt/ros/jazzy/opt/gz_sensors_vendor/lib:/opt/ros/jazzy/opt/gz_physics_vendor/lib:/opt/ros/jazzy/opt/sdformat_vendor/lib:/opt/ros/jazzy/opt/rviz_ogre_vendor/lib:/opt/ros/jazzy/lib/x86_64-linux-gnu:/opt/ros/jazzy/opt/gz_gui_vendor/lib:/opt/ros/jazzy/opt/gz_transport_vendor/lib:/opt/ros/jazzy/opt/gz_rendering_vendor/lib:/opt/ros/jazzy/opt/gz_plugin_vendor/lib:/opt/ros/jazzy/opt/gz_fuel_tools_vendor/lib:/opt/ros/jazzy/opt/gz_msgs_vendor/lib:/opt/ros/jazzy/opt/gz_common_vendor/lib:/opt/ros/jazzy/opt/gz_math_vendor/lib:/opt/ros/jazzy/opt/gz_utils_vendor/lib:/opt/ros/jazzy/opt/gz_tools_vendor/lib:/opt/ros/jazzy/opt/gz_ogre_next_vendor/lib:/opt/ros/jazzy/opt/gz_dartsim_vendor/lib:/opt/ros/jazzy/opt/gz_cmake_vendor/lib:/opt/ros/jazzy/lib PYTHONPATH=/home/mmaaz/ros2_ws/install/moveit_task_constructor_core/lib/python3.12/site-packages:/home/mmaaz/ros2_ws/install/moveit_task_constructor_msgs/lib/python3.12/site-packages:/home/mmaaz/ros2_ws/install/warehouse_ros_mongo/lib/python3.12/site-packages:/home/mmaaz/ros2_ws/install/mycobot_interfaces/lib/python3.12/site-packages:/opt/ros/jazzy/lib/python3.12/site-packages /usr/bin/cmake /home/mmaaz/ros2_ws/src/mycobot_ros2/mycobot_mtc_demos -DAMENT_CMAKE_SYMLINK_INSTALL=1 -DCMAKE_INSTALL_PREFIX=/home/mmaaz/ros2_ws/install/mycobot_mtc_demos
[1.017s] -- The C compiler identification is GNU 13.3.0
[1.698s] -- The CXX compiler identification is GNU 13.3.0
[2.571s] -- Detecting C compiler ABI info
[2.998s] -- Detecting C compiler ABI info - done
[3.011s] -- Check for working C compiler: /usr/bin/cc - skipped
[3.012s] -- Detecting C compile features
[3.012s] -- Detecting C compile features - done
[3.172s] -- Detecting CXX compiler ABI info
[3.667s] -- Detecting CXX compiler ABI info - done
[3.675s] -- Check for working CXX compiler: /usr/bin/c++ - skipped
[3.675s] -- Detecting CXX compile features
[3.676s] -- Detecting CXX compile features - done
[3.679s] -- Found ament_cmake: 2.5.4 (/opt/ros/jazzy/share/ament_cmake/cmake)
[3.837s] -- Found Python3: /usr/bin/python3 (found version "3.12.3") found components: Interpreter 
[3.907s] -- Override CMake install command with custom implementation using symlinks instead of copying resources
[3.956s] -- Found generate_parameter_library: 0.4.0 (/opt/ros/jazzy/share/generate_parameter_library/cmake)
[3.963s] -- Found parameter_traits: 0.4.0 (/opt/ros/jazzy/share/parameter_traits/cmake)
[4.223s] -- Found rosidl_generator_c: 4.6.5 (/opt/ros/jazzy/share/rosidl_generator_c/cmake)
[4.239s] -- Found rosidl_generator_cpp: 4.6.5 (/opt/ros/jazzy/share/rosidl_generator_cpp/cmake)
[4.259s] -- Using all available rosidl_typesupport_c: rosidl_typesupport_fastrtps_c;rosidl_typesupport_introspection_c
[4.282s] -- Using all available rosidl_typesupport_cpp: rosidl_typesupport_fastrtps_cpp;rosidl_typesupport_introspection_cpp
[4.385s] -- Found rmw_implementation_cmake: 7.3.2 (/opt/ros/jazzy/share/rmw_implementation_cmake/cmake)
[4.389s] -- Found rmw_fastrtps_cpp: 8.4.2 (/opt/ros/jazzy/share/rmw_fastrtps_cpp/cmake)
[4.479s] -- Found OpenSSL: /usr/lib/x86_64-linux-gnu/libcrypto.so (found version "3.0.13")  
[4.743s] -- Found FastRTPS: /opt/ros/jazzy/include (Required is at least version "2.13") 
[4.886s] -- Using RMW implementation 'rmw_fastrtps_cpp' as default
[5.217s] -- Found rclcpp_lifecycle: 28.1.9 (/opt/ros/jazzy/share/rclcpp_lifecycle/cmake)
[5.257s] -- Found moveit_common: 2.12.3 (/opt/ros/jazzy/share/moveit_common/cmake)
[5.371s] -- Found moveit_core: 2.12.3 (/opt/ros/jazzy/share/moveit_core/cmake)
[5.797s] -- Found Boost: /usr/lib/x86_64-linux-gnu/cmake/Boost-1.83.0/BoostConfig.cmake (found version "1.83.0") found components: chrono date_time filesystem iostreams program_options regex serialization system thread 
[7.758s] -- Found Boost: /usr/lib/x86_64-linux-gnu/cmake/Boost-1.83.0/BoostConfig.cmake (found version "1.83.0") found components: filesystem 
[7.974s] -- Found Eigen3: TRUE (found version "3.4.0") 
[7.974s] -- Ensuring Eigen3 include directory is part of orocos-kdl CMake target
[8.387s] -- Found moveit_ros_planning: 2.12.3 (/opt/ros/jazzy/share/moveit_ros_planning/cmake)
[8.393s] -- Found Boost: /usr/lib/x86_64-linux-gnu/cmake/Boost-1.83.0/BoostConfig.cmake (found version "1.83.0") found components: system filesystem date_time program_options thread chrono 
[8.441s] -- Found moveit_ros_planning_interface: 2.12.3 (/opt/ros/jazzy/share/moveit_ros_planning_interface/cmake)
[8.447s] -- Found Boost: /usr/lib/x86_64-linux-gnu/cmake/Boost-1.83.0/BoostConfig.cmake (found version "1.83.0") found components: date_time filesystem program_options system thread 
[8.466s] -- Found Boost: /usr/lib/x86_64-linux-gnu/cmake/Boost-1.83.0/BoostConfig.cmake (found version "1.83.0") found components: thread system filesystem regex date_time program_options 
[8.499s] -- Found Boost: /usr/lib/x86_64-linux-gnu/cmake/Boost-1.83.0/BoostConfig.cmake (found version "1.83.0") found components: system filesystem date_time program_options thread 
[8.545s] -- Found moveit_task_constructor_core: 0.1.3 (/home/mmaaz/ros2_ws/install/moveit_task_constructor_core/share/moveit_task_constructor_core/cmake)
[8.666s] -- Found ament_lint_auto: 0.17.2 (/opt/ros/jazzy/share/ament_lint_auto/cmake)
[8.696s] -- Added test 'cppcheck' to perform static code analysis on C / C++ code
[8.697s] -- Configured cppcheck include dirs: 
[8.697s] -- Configured cppcheck exclude dirs and/or files: 
[8.698s] -- Added test 'flake8' to check Python code syntax and style conventions
[8.698s] -- Configured 'flake8' exclude dirs and/or files: 
[8.699s] -- Added test 'lint_cmake' to check CMake code style
[8.700s] -- Added test 'pep257' to check Python code against some of the docstring style conventions in PEP 257
[8.702s] -- Added test 'uncrustify' to check C / C++ code style
[8.702s] -- Configured uncrustify additional arguments: 
[8.704s] -- Added test 'xmllint' to check XML markup files
[8.707s] -- Configuring done (7.9s)
[8.802s] -- Generating done (0.1s)
[8.821s] -- Build files have been written to: /home/mmaaz/ros2_ws/build/mycobot_mtc_demos
[8.840s] Invoked command in '/home/mmaaz/ros2_ws/build/mycobot_mtc_demos' returned '0': CMAKE_MODULE_PATH=/home/mmaaz/ros2_ws/install/moveit_task_constructor_core/share/moveit_task_constructor_core/cmake:/home/mmaaz/ros2_ws/install/warehouse_ros_mongo/share/warehouse_ros_mongo/cmake CMAKE_PREFIX_PATH=/home/mmaaz/ros2_ws/install/moveit_task_constructor_core:/home/mmaaz/ros2_ws/install/rviz_marker_tools:/home/mmaaz/ros2_ws/install/moveit_task_constructor_msgs:/home/mmaaz/ros2_ws/install/warehouse_ros_mongo:/home/mmaaz/ros2_ws/install/mycobot_mtc_pick_place_demo:/home/mmaaz/ros2_ws/install/mycobot_mtc_demos:/home/mmaaz/ros2_ws/install/moveit_task_constructor_visualization:/home/mmaaz/ros2_ws/install/moveit_task_constructor_demo:/home/mmaaz/ros2_ws/install/moveit_task_constructor_capabilities:/home/mmaaz/ros2_ws/install/mycobot_ros2:/home/mmaaz/ros2_ws/install/mycobot_system_tests:/home/mmaaz/ros2_ws/install/mycobot_moveit_demos:/home/mmaaz/ros2_ws/install/mycobot_moveit_config:/home/mmaaz/ros2_ws/install/mycobot_interfaces:/home/mmaaz/ros2_ws/install/mycobot_gazebo:/home/mmaaz/ros2_ws/install/mycobot_description:/home/mmaaz/ros2_ws/install/mycobot_bringup:/opt/ros/jazzy/opt/gz_sim_vendor:/opt/ros/jazzy/opt/gz_sensors_vendor:/opt/ros/jazzy/opt/gz_physics_vendor:/opt/ros/jazzy/opt/sdformat_vendor:/opt/ros/jazzy/opt/gz_gui_vendor:/opt/ros/jazzy/opt/gz_transport_vendor:/opt/ros/jazzy/opt/gz_rendering_vendor:/opt/ros/jazzy/opt/gz_plugin_vendor:/opt/ros/jazzy/opt/gz_fuel_tools_vendor:/opt/ros/jazzy/opt/gz_msgs_vendor:/opt/ros/jazzy/opt/gz_common_vendor:/opt/ros/jazzy/opt/gz_math_vendor:/opt/ros/jazzy/opt/gz_utils_vendor:/opt/ros/jazzy/opt/gz_tools_vendor:/opt/ros/jazzy/opt/gz_ogre_next_vendor:/opt/ros/jazzy/opt/gz_dartsim_vendor:/opt/ros/jazzy/opt/gz_cmake_vendor:/opt/ros/jazzy LD_LIBRARY_PATH=/home/mmaaz/ros2_ws/install/moveit_task_constructor_core/lib:/home/mmaaz/ros2_ws/install/rviz_marker_tools/lib:/home/mmaaz/ros2_ws/install/moveit_task_constructor_msgs/lib:/home/mmaaz/ros2_ws/install/warehouse_ros_mongo/lib:/home/mmaaz/ros2_ws/install/mycobot_mtc_pick_place_demo/lib:/home/mmaaz/ros2_ws/install/moveit_task_constructor_visualization/lib:/home/mmaaz/ros2_ws/install/moveit_task_constructor_demo/lib:/home/mmaaz/ros2_ws/install/moveit_task_constructor_capabilities/lib:/home/mmaaz/ros2_ws/install/mycobot_interfaces/lib:/opt/ros/jazzy/opt/gz_sim_vendor/lib:/opt/ros/jazzy/opt/gz_sensors_vendor/lib:/opt/ros/jazzy/opt/gz_physics_vendor/lib:/opt/ros/jazzy/opt/sdformat_vendor/lib:/opt/ros/jazzy/opt/rviz_ogre_vendor/lib:/opt/ros/jazzy/lib/x86_64-linux-gnu:/opt/ros/jazzy/opt/gz_gui_vendor/lib:/opt/ros/jazzy/opt/gz_transport_vendor/lib:/opt/ros/jazzy/opt/gz_rendering_vendor/lib:/opt/ros/jazzy/opt/gz_plugin_vendor/lib:/opt/ros/jazzy/opt/gz_fuel_tools_vendor/lib:/opt/ros/jazzy/opt/gz_msgs_vendor/lib:/opt/ros/jazzy/opt/gz_common_vendor/lib:/opt/ros/jazzy/opt/gz_math_vendor/lib:/opt/ros/jazzy/opt/gz_utils_vendor/lib:/opt/ros/jazzy/opt/gz_tools_vendor/lib:/opt/ros/jazzy/opt/gz_ogre_next_vendor/lib:/opt/ros/jazzy/opt/gz_dartsim_vendor/lib:/opt/ros/jazzy/opt/gz_cmake_vendor/lib:/opt/ros/jazzy/lib PYTHONPATH=/home/mmaaz/ros2_ws/install/moveit_task_constructor_core/lib/python3.12/site-packages:/home/mmaaz/ros2_ws/install/moveit_task_constructor_msgs/lib/python3.12/site-packages:/home/mmaaz/ros2_ws/install/warehouse_ros_mongo/lib/python3.12/site-packages:/home/mmaaz/ros2_ws/install/mycobot_interfaces/lib/python3.12/site-packages:/opt/ros/jazzy/lib/python3.12/site-packages /usr/bin/cmake /home/mmaaz/ros2_ws/src/mycobot_ros2/mycobot_mtc_demos -DAMENT_CMAKE_SYMLINK_INSTALL=1 -DCMAKE_INSTALL_PREFIX=/home/mmaaz/ros2_ws/install/mycobot_mtc_demos
[8.842s] Invoking command in '/home/mmaaz/ros2_ws/build/mycobot_mtc_demos': CMAKE_MODULE_PATH=/home/mmaaz/ros2_ws/install/moveit_task_constructor_core/share/moveit_task_constructor_core/cmake:/home/mmaaz/ros2_ws/install/warehouse_ros_mongo/share/warehouse_ros_mongo/cmake CMAKE_PREFIX_PATH=/home/mmaaz/ros2_ws/install/moveit_task_constructor_core:/home/mmaaz/ros2_ws/install/rviz_marker_tools:/home/mmaaz/ros2_ws/install/moveit_task_constructor_msgs:/home/mmaaz/ros2_ws/install/warehouse_ros_mongo:/home/mmaaz/ros2_ws/install/mycobot_mtc_pick_place_demo:/home/mmaaz/ros2_ws/install/mycobot_mtc_demos:/home/mmaaz/ros2_ws/install/moveit_task_constructor_visualization:/home/mmaaz/ros2_ws/install/moveit_task_constructor_demo:/home/mmaaz/ros2_ws/install/moveit_task_constructor_capabilities:/home/mmaaz/ros2_ws/install/mycobot_ros2:/home/mmaaz/ros2_ws/install/mycobot_system_tests:/home/mmaaz/ros2_ws/install/mycobot_moveit_demos:/home/mmaaz/ros2_ws/install/mycobot_moveit_config:/home/mmaaz/ros2_ws/install/mycobot_interfaces:/home/mmaaz/ros2_ws/install/mycobot_gazebo:/home/mmaaz/ros2_ws/install/mycobot_description:/home/mmaaz/ros2_ws/install/mycobot_bringup:/opt/ros/jazzy/opt/gz_sim_vendor:/opt/ros/jazzy/opt/gz_sensors_vendor:/opt/ros/jazzy/opt/gz_physics_vendor:/opt/ros/jazzy/opt/sdformat_vendor:/opt/ros/jazzy/opt/gz_gui_vendor:/opt/ros/jazzy/opt/gz_transport_vendor:/opt/ros/jazzy/opt/gz_rendering_vendor:/opt/ros/jazzy/opt/gz_plugin_vendor:/opt/ros/jazzy/opt/gz_fuel_tools_vendor:/opt/ros/jazzy/opt/gz_msgs_vendor:/opt/ros/jazzy/opt/gz_common_vendor:/opt/ros/jazzy/opt/gz_math_vendor:/opt/ros/jazzy/opt/gz_utils_vendor:/opt/ros/jazzy/opt/gz_tools_vendor:/opt/ros/jazzy/opt/gz_ogre_next_vendor:/opt/ros/jazzy/opt/gz_dartsim_vendor:/opt/ros/jazzy/opt/gz_cmake_vendor:/opt/ros/jazzy LD_LIBRARY_PATH=/home/mmaaz/ros2_ws/install/moveit_task_constructor_core/lib:/home/mmaaz/ros2_ws/install/rviz_marker_tools/lib:/home/mmaaz/ros2_ws/install/moveit_task_constructor_msgs/lib:/home/mmaaz/ros2_ws/install/warehouse_ros_mongo/lib:/home/mmaaz/ros2_ws/install/mycobot_mtc_pick_place_demo/lib:/home/mmaaz/ros2_ws/install/moveit_task_constructor_visualization/lib:/home/mmaaz/ros2_ws/install/moveit_task_constructor_demo/lib:/home/mmaaz/ros2_ws/install/moveit_task_constructor_capabilities/lib:/home/mmaaz/ros2_ws/install/mycobot_interfaces/lib:/opt/ros/jazzy/opt/gz_sim_vendor/lib:/opt/ros/jazzy/opt/gz_sensors_vendor/lib:/opt/ros/jazzy/opt/gz_physics_vendor/lib:/opt/ros/jazzy/opt/sdformat_vendor/lib:/opt/ros/jazzy/opt/rviz_ogre_vendor/lib:/opt/ros/jazzy/lib/x86_64-linux-gnu:/opt/ros/jazzy/opt/gz_gui_vendor/lib:/opt/ros/jazzy/opt/gz_transport_vendor/lib:/opt/ros/jazzy/opt/gz_rendering_vendor/lib:/opt/ros/jazzy/opt/gz_plugin_vendor/lib:/opt/ros/jazzy/opt/gz_fuel_tools_vendor/lib:/opt/ros/jazzy/opt/gz_msgs_vendor/lib:/opt/ros/jazzy/opt/gz_common_vendor/lib:/opt/ros/jazzy/opt/gz_math_vendor/lib:/opt/ros/jazzy/opt/gz_utils_vendor/lib:/opt/ros/jazzy/opt/gz_tools_vendor/lib:/opt/ros/jazzy/opt/gz_ogre_next_vendor/lib:/opt/ros/jazzy/opt/gz_dartsim_vendor/lib:/opt/ros/jazzy/opt/gz_cmake_vendor/lib:/opt/ros/jazzy/lib PYTHONPATH=/home/mmaaz/ros2_ws/install/moveit_task_constructor_core/lib/python3.12/site-packages:/home/mmaaz/ros2_ws/install/moveit_task_constructor_msgs/lib/python3.12/site-packages:/home/mmaaz/ros2_ws/install/warehouse_ros_mongo/lib/python3.12/site-packages:/home/mmaaz/ros2_ws/install/mycobot_interfaces/lib/python3.12/site-packages:/opt/ros/jazzy/lib/python3.12/site-packages /usr/bin/cmake --build /home/mmaaz/ros2_ws/build/mycobot_mtc_demos -- -j22 -l22
[8.897s] [  8%] [32mBuilding CXX object CMakeFiles/mycobot_mtc_demos_cartesian.dir/src/cartesian.cpp.o[0m
[8.897s] [ 16%] [32mBuilding CXX object CMakeFiles/mycobot_mtc_demos_modular.dir/src/modular.cpp.o[0m
[8.899s] [ 25%] [32mBuilding CXX object CMakeFiles/mycobot_mtc_demos_alternative_path_costs.dir/src/alternative_path_costs.cpp.o[0m
[8.902s] [ 33%] [34m[1mRunning `/opt/ros/jazzy/bin/generate_parameter_library_cpp /home/mmaaz/ros2_ws/build/mycobot_mtc_demos/include/mycobot_mtc_demos/ik_clearance_cost_parameters.hpp /home/mmaaz/ros2_ws/src/mycobot_ros2/mycobot_mtc_demos/src/ik_clearance_cost_parameters.yaml `[0m
[8.903s] [ 41%] [32mBuilding CXX object CMakeFiles/mycobot_mtc_demos_fallbacks_move_to.dir/src/fallbacks_move_to.cpp.o[0m
[9.650s] [ 50%] [34m[1mCreating deprecated header file /home/mmaaz/ros2_ws/build/mycobot_mtc_demos/include/ik_clearance_cost_parameters.hpp[0m
[9.700s] [ 50%] Built target ik_clearance_cost_parameters
[9.727s] [ 58%] [32mBuilding CXX object CMakeFiles/mycobot_mtc_demos_ik_clearance_cost.dir/src/ik_clearance_cost.cpp.o[0m
[15.635s] In file included from [01m[K/home/mmaaz/ros2_ws/src/mycobot_ros2/mycobot_mtc_demos/src/ik_clearance_cost.cpp:19[m[K:
[15.635s] [01m[K/home/mmaaz/ros2_ws/build/mycobot_mtc_demos/include/ik_clearance_cost_parameters.hpp:1:154:[m[K [01;36m[Knote: [m[K‘[01m[K#pragma message: #include "ik_clearance_cost_parameters.hpp" is deprecated. Use #include <mycobot_mtc_demos/ik_clearance_cost_parameters.hpp> instead.[m[K’
[15.635s]     1 | #pragma message("#include \"ik_clearance_cost_parameters.hpp\" is deprecated. Use #include <mycobot_mtc_demos/ik_clearance_cost_parameters.hpp> instead."[01;36m[K)[m[K
[15.635s]       |                                                                                                                                                          [01;36m[K^[m[K
[19.612s] [ 66%] [32m[1mLinking CXX executable modular[0m
[20.057s] [ 75%] [32m[1mLinking CXX executable cartesian[0m
[20.340s] [ 75%] Built target mycobot_mtc_demos_modular
[20.868s] [ 75%] Built target mycobot_mtc_demos_cartesian
[21.593s] [ 83%] [32m[1mLinking CXX executable ik_clearance_cost[0m
[22.231s] [ 91%] [32m[1mLinking CXX executable alternative_path_costs[0m
[22.376s] [ 91%] Built target mycobot_mtc_demos_ik_clearance_cost
[23.018s] [ 91%] Built target mycobot_mtc_demos_alternative_path_costs
[24.177s] [100%] [32m[1mLinking CXX executable fallbacks_move_to[0m
[24.869s] [100%] Built target mycobot_mtc_demos_fallbacks_move_to
[24.881s] Invoked command in '/home/mmaaz/ros2_ws/build/mycobot_mtc_demos' returned '0': CMAKE_MODULE_PATH=/home/mmaaz/ros2_ws/install/moveit_task_constructor_core/share/moveit_task_constructor_core/cmake:/home/mmaaz/ros2_ws/install/warehouse_ros_mongo/share/warehouse_ros_mongo/cmake CMAKE_PREFIX_PATH=/home/mmaaz/ros2_ws/install/moveit_task_constructor_core:/home/mmaaz/ros2_ws/install/rviz_marker_tools:/home/mmaaz/ros2_ws/install/moveit_task_constructor_msgs:/home/mmaaz/ros2_ws/install/warehouse_ros_mongo:/home/mmaaz/ros2_ws/install/mycobot_mtc_pick_place_demo:/home/mmaaz/ros2_ws/install/mycobot_mtc_demos:/home/mmaaz/ros2_ws/install/moveit_task_constructor_visualization:/home/mmaaz/ros2_ws/install/moveit_task_constructor_demo:/home/mmaaz/ros2_ws/install/moveit_task_constructor_capabilities:/home/mmaaz/ros2_ws/install/mycobot_ros2:/home/mmaaz/ros2_ws/install/mycobot_system_tests:/home/mmaaz/ros2_ws/install/mycobot_moveit_demos:/home/mmaaz/ros2_ws/install/mycobot_moveit_config:/home/mmaaz/ros2_ws/install/mycobot_interfaces:/home/mmaaz/ros2_ws/install/mycobot_gazebo:/home/mmaaz/ros2_ws/install/mycobot_description:/home/mmaaz/ros2_ws/install/mycobot_bringup:/opt/ros/jazzy/opt/gz_sim_vendor:/opt/ros/jazzy/opt/gz_sensors_vendor:/opt/ros/jazzy/opt/gz_physics_vendor:/opt/ros/jazzy/opt/sdformat_vendor:/opt/ros/jazzy/opt/gz_gui_vendor:/opt/ros/jazzy/opt/gz_transport_vendor:/opt/ros/jazzy/opt/gz_rendering_vendor:/opt/ros/jazzy/opt/gz_plugin_vendor:/opt/ros/jazzy/opt/gz_fuel_tools_vendor:/opt/ros/jazzy/opt/gz_msgs_vendor:/opt/ros/jazzy/opt/gz_common_vendor:/opt/ros/jazzy/opt/gz_math_vendor:/opt/ros/jazzy/opt/gz_utils_vendor:/opt/ros/jazzy/opt/gz_tools_vendor:/opt/ros/jazzy/opt/gz_ogre_next_vendor:/opt/ros/jazzy/opt/gz_dartsim_vendor:/opt/ros/jazzy/opt/gz_cmake_vendor:/opt/ros/jazzy LD_LIBRARY_PATH=/home/mmaaz/ros2_ws/install/moveit_task_constructor_core/lib:/home/mmaaz/ros2_ws/install/rviz_marker_tools/lib:/home/mmaaz/ros2_ws/install/moveit_task_constructor_msgs/lib:/home/mmaaz/ros2_ws/install/warehouse_ros_mongo/lib:/home/mmaaz/ros2_ws/install/mycobot_mtc_pick_place_demo/lib:/home/mmaaz/ros2_ws/install/moveit_task_constructor_visualization/lib:/home/mmaaz/ros2_ws/install/moveit_task_constructor_demo/lib:/home/mmaaz/ros2_ws/install/moveit_task_constructor_capabilities/lib:/home/mmaaz/ros2_ws/install/mycobot_interfaces/lib:/opt/ros/jazzy/opt/gz_sim_vendor/lib:/opt/ros/jazzy/opt/gz_sensors_vendor/lib:/opt/ros/jazzy/opt/gz_physics_vendor/lib:/opt/ros/jazzy/opt/sdformat_vendor/lib:/opt/ros/jazzy/opt/rviz_ogre_vendor/lib:/opt/ros/jazzy/lib/x86_64-linux-gnu:/opt/ros/jazzy/opt/gz_gui_vendor/lib:/opt/ros/jazzy/opt/gz_transport_vendor/lib:/opt/ros/jazzy/opt/gz_rendering_vendor/lib:/opt/ros/jazzy/opt/gz_plugin_vendor/lib:/opt/ros/jazzy/opt/gz_fuel_tools_vendor/lib:/opt/ros/jazzy/opt/gz_msgs_vendor/lib:/opt/ros/jazzy/opt/gz_common_vendor/lib:/opt/ros/jazzy/opt/gz_math_vendor/lib:/opt/ros/jazzy/opt/gz_utils_vendor/lib:/opt/ros/jazzy/opt/gz_tools_vendor/lib:/opt/ros/jazzy/opt/gz_ogre_next_vendor/lib:/opt/ros/jazzy/opt/gz_dartsim_vendor/lib:/opt/ros/jazzy/opt/gz_cmake_vendor/lib:/opt/ros/jazzy/lib PYTHONPATH=/home/mmaaz/ros2_ws/install/moveit_task_constructor_core/lib/python3.12/site-packages:/home/mmaaz/ros2_ws/install/moveit_task_constructor_msgs/lib/python3.12/site-packages:/home/mmaaz/ros2_ws/install/warehouse_ros_mongo/lib/python3.12/site-packages:/home/mmaaz/ros2_ws/install/mycobot_interfaces/lib/python3.12/site-packages:/opt/ros/jazzy/lib/python3.12/site-packages /usr/bin/cmake --build /home/mmaaz/ros2_ws/build/mycobot_mtc_demos -- -j22 -l22
[24.884s] Invoking command in '/home/mmaaz/ros2_ws/build/mycobot_mtc_demos': CMAKE_MODULE_PATH=/home/mmaaz/ros2_ws/install/moveit_task_constructor_core/share/moveit_task_constructor_core/cmake:/home/mmaaz/ros2_ws/install/warehouse_ros_mongo/share/warehouse_ros_mongo/cmake CMAKE_PREFIX_PATH=/home/mmaaz/ros2_ws/install/moveit_task_constructor_core:/home/mmaaz/ros2_ws/install/rviz_marker_tools:/home/mmaaz/ros2_ws/install/moveit_task_constructor_msgs:/home/mmaaz/ros2_ws/install/warehouse_ros_mongo:/home/mmaaz/ros2_ws/install/mycobot_mtc_pick_place_demo:/home/mmaaz/ros2_ws/install/mycobot_mtc_demos:/home/mmaaz/ros2_ws/install/moveit_task_constructor_visualization:/home/mmaaz/ros2_ws/install/moveit_task_constructor_demo:/home/mmaaz/ros2_ws/install/moveit_task_constructor_capabilities:/home/mmaaz/ros2_ws/install/mycobot_ros2:/home/mmaaz/ros2_ws/install/mycobot_system_tests:/home/mmaaz/ros2_ws/install/mycobot_moveit_demos:/home/mmaaz/ros2_ws/install/mycobot_moveit_config:/home/mmaaz/ros2_ws/install/mycobot_interfaces:/home/mmaaz/ros2_ws/install/mycobot_gazebo:/home/mmaaz/ros2_ws/install/mycobot_description:/home/mmaaz/ros2_ws/install/mycobot_bringup:/opt/ros/jazzy/opt/gz_sim_vendor:/opt/ros/jazzy/opt/gz_sensors_vendor:/opt/ros/jazzy/opt/gz_physics_vendor:/opt/ros/jazzy/opt/sdformat_vendor:/opt/ros/jazzy/opt/gz_gui_vendor:/opt/ros/jazzy/opt/gz_transport_vendor:/opt/ros/jazzy/opt/gz_rendering_vendor:/opt/ros/jazzy/opt/gz_plugin_vendor:/opt/ros/jazzy/opt/gz_fuel_tools_vendor:/opt/ros/jazzy/opt/gz_msgs_vendor:/opt/ros/jazzy/opt/gz_common_vendor:/opt/ros/jazzy/opt/gz_math_vendor:/opt/ros/jazzy/opt/gz_utils_vendor:/opt/ros/jazzy/opt/gz_tools_vendor:/opt/ros/jazzy/opt/gz_ogre_next_vendor:/opt/ros/jazzy/opt/gz_dartsim_vendor:/opt/ros/jazzy/opt/gz_cmake_vendor:/opt/ros/jazzy LD_LIBRARY_PATH=/home/mmaaz/ros2_ws/install/moveit_task_constructor_core/lib:/home/mmaaz/ros2_ws/install/rviz_marker_tools/lib:/home/mmaaz/ros2_ws/install/moveit_task_constructor_msgs/lib:/home/mmaaz/ros2_ws/install/warehouse_ros_mongo/lib:/home/mmaaz/ros2_ws/install/mycobot_mtc_pick_place_demo/lib:/home/mmaaz/ros2_ws/install/moveit_task_constructor_visualization/lib:/home/mmaaz/ros2_ws/install/moveit_task_constructor_demo/lib:/home/mmaaz/ros2_ws/install/moveit_task_constructor_capabilities/lib:/home/mmaaz/ros2_ws/install/mycobot_interfaces/lib:/opt/ros/jazzy/opt/gz_sim_vendor/lib:/opt/ros/jazzy/opt/gz_sensors_vendor/lib:/opt/ros/jazzy/opt/gz_physics_vendor/lib:/opt/ros/jazzy/opt/sdformat_vendor/lib:/opt/ros/jazzy/opt/rviz_ogre_vendor/lib:/opt/ros/jazzy/lib/x86_64-linux-gnu:/opt/ros/jazzy/opt/gz_gui_vendor/lib:/opt/ros/jazzy/opt/gz_transport_vendor/lib:/opt/ros/jazzy/opt/gz_rendering_vendor/lib:/opt/ros/jazzy/opt/gz_plugin_vendor/lib:/opt/ros/jazzy/opt/gz_fuel_tools_vendor/lib:/opt/ros/jazzy/opt/gz_msgs_vendor/lib:/opt/ros/jazzy/opt/gz_common_vendor/lib:/opt/ros/jazzy/opt/gz_math_vendor/lib:/opt/ros/jazzy/opt/gz_utils_vendor/lib:/opt/ros/jazzy/opt/gz_tools_vendor/lib:/opt/ros/jazzy/opt/gz_ogre_next_vendor/lib:/opt/ros/jazzy/opt/gz_dartsim_vendor/lib:/opt/ros/jazzy/opt/gz_cmake_vendor/lib:/opt/ros/jazzy/lib PYTHONPATH=/home/mmaaz/ros2_ws/install/moveit_task_constructor_core/lib/python3.12/site-packages:/home/mmaaz/ros2_ws/install/moveit_task_constructor_msgs/lib/python3.12/site-packages:/home/mmaaz/ros2_ws/install/warehouse_ros_mongo/lib/python3.12/site-packages:/home/mmaaz/ros2_ws/install/mycobot_interfaces/lib/python3.12/site-packages:/opt/ros/jazzy/lib/python3.12/site-packages /usr/bin/cmake --install /home/mmaaz/ros2_ws/build/mycobot_mtc_demos
[24.898s] -- Install configuration: "Release"
[24.899s] -- Execute custom install script
[24.900s] -- Symlinking: /home/mmaaz/ros2_ws/install/mycobot_mtc_demos/lib/mycobot_mtc_demos/alternative_path_costs
[24.910s] -- Symlinking: /home/mmaaz/ros2_ws/install/mycobot_mtc_demos/lib/mycobot_mtc_demos/cartesian
[24.919s] -- Symlinking: /home/mmaaz/ros2_ws/install/mycobot_mtc_demos/lib/mycobot_mtc_demos/fallbacks_move_to
[24.929s] -- Symlinking: /home/mmaaz/ros2_ws/install/mycobot_mtc_demos/include/mycobot_mtc_demos/ik_clearance_cost_parameters.hpp
[24.942s] -- Symlinking: /home/mmaaz/ros2_ws/install/mycobot_mtc_demos/lib/mycobot_mtc_demos/ik_clearance_cost
[24.952s] -- Symlinking: /home/mmaaz/ros2_ws/install/mycobot_mtc_demos/lib/mycobot_mtc_demos/modular
[24.961s] -- Symlinking: /home/mmaaz/ros2_ws/install/mycobot_mtc_demos/share/mycobot_mtc_demos/launch/mtc_demos.launch.py
[24.971s] -- Symlinking: /home/mmaaz/ros2_ws/install/mycobot_mtc_demos/share/mycobot_mtc_demos/rviz/mtc_demos.rviz
[24.986s] -- Symlinking: /home/mmaaz/ros2_ws/install/mycobot_mtc_demos/share/ament_index/resource_index/package_run_dependencies/mycobot_mtc_demos
[24.996s] -- Symlinking: /home/mmaaz/ros2_ws/install/mycobot_mtc_demos/share/ament_index/resource_index/parent_prefix_path/mycobot_mtc_demos
[25.005s] -- Symlinking: /home/mmaaz/ros2_ws/install/mycobot_mtc_demos/share/mycobot_mtc_demos/environment/ament_prefix_path.sh
[25.017s] -- Symlinking: /home/mmaaz/ros2_ws/install/mycobot_mtc_demos/share/mycobot_mtc_demos/environment/ament_prefix_path.dsv
[25.026s] -- Symlinking: /home/mmaaz/ros2_ws/install/mycobot_mtc_demos/share/mycobot_mtc_demos/environment/path.sh
[25.035s] -- Symlinking: /home/mmaaz/ros2_ws/install/mycobot_mtc_demos/share/mycobot_mtc_demos/environment/path.dsv
[25.050s] -- Symlinking: /home/mmaaz/ros2_ws/install/mycobot_mtc_demos/share/mycobot_mtc_demos/local_setup.bash
[25.060s] -- Symlinking: /home/mmaaz/ros2_ws/install/mycobot_mtc_demos/share/mycobot_mtc_demos/local_setup.sh
[25.074s] -- Symlinking: /home/mmaaz/ros2_ws/install/mycobot_mtc_demos/share/mycobot_mtc_demos/local_setup.zsh
[25.089s] -- Symlinking: /home/mmaaz/ros2_ws/install/mycobot_mtc_demos/share/mycobot_mtc_demos/local_setup.dsv
[25.099s] -- Symlinking: /home/mmaaz/ros2_ws/install/mycobot_mtc_demos/share/mycobot_mtc_demos/package.dsv
[25.114s] -- Symlinking: /home/mmaaz/ros2_ws/install/mycobot_mtc_demos/share/ament_index/resource_index/packages/mycobot_mtc_demos
[25.124s] -- Symlinking: /home/mmaaz/ros2_ws/install/mycobot_mtc_demos/share/mycobot_mtc_demos/cmake/mycobot_mtc_demosConfig.cmake
[25.138s] -- Symlinking: /home/mmaaz/ros2_ws/install/mycobot_mtc_demos/share/mycobot_mtc_demos/cmake/mycobot_mtc_demosConfig-version.cmake
[25.148s] -- Symlinking: /home/mmaaz/ros2_ws/install/mycobot_mtc_demos/share/mycobot_mtc_demos/package.xml
[25.159s] Invoked command in '/home/mmaaz/ros2_ws/build/mycobot_mtc_demos' returned '0': CMAKE_MODULE_PATH=/home/mmaaz/ros2_ws/install/moveit_task_constructor_core/share/moveit_task_constructor_core/cmake:/home/mmaaz/ros2_ws/install/warehouse_ros_mongo/share/warehouse_ros_mongo/cmake CMAKE_PREFIX_PATH=/home/mmaaz/ros2_ws/install/moveit_task_constructor_core:/home/mmaaz/ros2_ws/install/rviz_marker_tools:/home/mmaaz/ros2_ws/install/moveit_task_constructor_msgs:/home/mmaaz/ros2_ws/install/warehouse_ros_mongo:/home/mmaaz/ros2_ws/install/mycobot_mtc_pick_place_demo:/home/mmaaz/ros2_ws/install/mycobot_mtc_demos:/home/mmaaz/ros2_ws/install/moveit_task_constructor_visualization:/home/mmaaz/ros2_ws/install/moveit_task_constructor_demo:/home/mmaaz/ros2_ws/install/moveit_task_constructor_capabilities:/home/mmaaz/ros2_ws/install/mycobot_ros2:/home/mmaaz/ros2_ws/install/mycobot_system_tests:/home/mmaaz/ros2_ws/install/mycobot_moveit_demos:/home/mmaaz/ros2_ws/install/mycobot_moveit_config:/home/mmaaz/ros2_ws/install/mycobot_interfaces:/home/mmaaz/ros2_ws/install/mycobot_gazebo:/home/mmaaz/ros2_ws/install/mycobot_description:/home/mmaaz/ros2_ws/install/mycobot_bringup:/opt/ros/jazzy/opt/gz_sim_vendor:/opt/ros/jazzy/opt/gz_sensors_vendor:/opt/ros/jazzy/opt/gz_physics_vendor:/opt/ros/jazzy/opt/sdformat_vendor:/opt/ros/jazzy/opt/gz_gui_vendor:/opt/ros/jazzy/opt/gz_transport_vendor:/opt/ros/jazzy/opt/gz_rendering_vendor:/opt/ros/jazzy/opt/gz_plugin_vendor:/opt/ros/jazzy/opt/gz_fuel_tools_vendor:/opt/ros/jazzy/opt/gz_msgs_vendor:/opt/ros/jazzy/opt/gz_common_vendor:/opt/ros/jazzy/opt/gz_math_vendor:/opt/ros/jazzy/opt/gz_utils_vendor:/opt/ros/jazzy/opt/gz_tools_vendor:/opt/ros/jazzy/opt/gz_ogre_next_vendor:/opt/ros/jazzy/opt/gz_dartsim_vendor:/opt/ros/jazzy/opt/gz_cmake_vendor:/opt/ros/jazzy LD_LIBRARY_PATH=/home/mmaaz/ros2_ws/install/moveit_task_constructor_core/lib:/home/mmaaz/ros2_ws/install/rviz_marker_tools/lib:/home/mmaaz/ros2_ws/install/moveit_task_constructor_msgs/lib:/home/mmaaz/ros2_ws/install/warehouse_ros_mongo/lib:/home/mmaaz/ros2_ws/install/mycobot_mtc_pick_place_demo/lib:/home/mmaaz/ros2_ws/install/moveit_task_constructor_visualization/lib:/home/mmaaz/ros2_ws/install/moveit_task_constructor_demo/lib:/home/mmaaz/ros2_ws/install/moveit_task_constructor_capabilities/lib:/home/mmaaz/ros2_ws/install/mycobot_interfaces/lib:/opt/ros/jazzy/opt/gz_sim_vendor/lib:/opt/ros/jazzy/opt/gz_sensors_vendor/lib:/opt/ros/jazzy/opt/gz_physics_vendor/lib:/opt/ros/jazzy/opt/sdformat_vendor/lib:/opt/ros/jazzy/opt/rviz_ogre_vendor/lib:/opt/ros/jazzy/lib/x86_64-linux-gnu:/opt/ros/jazzy/opt/gz_gui_vendor/lib:/opt/ros/jazzy/opt/gz_transport_vendor/lib:/opt/ros/jazzy/opt/gz_rendering_vendor/lib:/opt/ros/jazzy/opt/gz_plugin_vendor/lib:/opt/ros/jazzy/opt/gz_fuel_tools_vendor/lib:/opt/ros/jazzy/opt/gz_msgs_vendor/lib:/opt/ros/jazzy/opt/gz_common_vendor/lib:/opt/ros/jazzy/opt/gz_math_vendor/lib:/opt/ros/jazzy/opt/gz_utils_vendor/lib:/opt/ros/jazzy/opt/gz_tools_vendor/lib:/opt/ros/jazzy/opt/gz_ogre_next_vendor/lib:/opt/ros/jazzy/opt/gz_dartsim_vendor/lib:/opt/ros/jazzy/opt/gz_cmake_vendor/lib:/opt/ros/jazzy/lib PYTHONPATH=/home/mmaaz/ros2_ws/install/moveit_task_constructor_core/lib/python3.12/site-packages:/home/mmaaz/ros2_ws/install/moveit_task_constructor_msgs/lib/python3.12/site-packages:/home/mmaaz/ros2_ws/install/warehouse_ros_mongo/lib/python3.12/site-packages:/home/mmaaz/ros2_ws/install/mycobot_interfaces/lib/python3.12/site-packages:/opt/ros/jazzy/lib/python3.12/site-packages /usr/bin/cmake --install /home/mmaaz/ros2_ws/build/mycobot_mtc_demos
