[2.406s] Invoking command in '/home/mmaaz/ros2_ws/build/moveit_task_constructor_demo': CMAKE_MODULE_PATH=/home/mmaaz/ros2_ws/install/moveit_task_constructor_core/share/moveit_task_constructor_core/cmake:/home/mmaaz/ros2_ws/install/warehouse_ros_mongo/share/warehouse_ros_mongo/cmake CMAKE_PREFIX_PATH=/home/mmaaz/ros2_ws/install/moveit_task_constructor_capabilities:/home/mmaaz/ros2_ws/install/moveit_task_constructor_core:/home/mmaaz/ros2_ws/install/rviz_marker_tools:/home/mmaaz/ros2_ws/install/moveit_task_constructor_msgs:/home/mmaaz/ros2_ws/install/warehouse_ros_mongo:/home/mmaaz/ros2_ws/install/mycobot_mtc_pick_place_demo:/home/mmaaz/ros2_ws/install/mycobot_mtc_demos:/home/mmaaz/ros2_ws/install/moveit_task_constructor_visualization:/home/mmaaz/ros2_ws/install/moveit_task_constructor_demo:/home/mmaaz/ros2_ws/install/mycobot_ros2:/home/mmaaz/ros2_ws/install/mycobot_system_tests:/home/mmaaz/ros2_ws/install/mycobot_moveit_demos:/home/mmaaz/ros2_ws/install/mycobot_moveit_config:/home/mmaaz/ros2_ws/install/mycobot_interfaces:/home/mmaaz/ros2_ws/install/mycobot_gazebo:/home/mmaaz/ros2_ws/install/mycobot_description:/home/mmaaz/ros2_ws/install/mycobot_bringup:/opt/ros/jazzy/opt/gz_sim_vendor:/opt/ros/jazzy/opt/gz_sensors_vendor:/opt/ros/jazzy/opt/gz_physics_vendor:/opt/ros/jazzy/opt/sdformat_vendor:/opt/ros/jazzy/opt/gz_gui_vendor:/opt/ros/jazzy/opt/gz_transport_vendor:/opt/ros/jazzy/opt/gz_rendering_vendor:/opt/ros/jazzy/opt/gz_plugin_vendor:/opt/ros/jazzy/opt/gz_fuel_tools_vendor:/opt/ros/jazzy/opt/gz_msgs_vendor:/opt/ros/jazzy/opt/gz_common_vendor:/opt/ros/jazzy/opt/gz_math_vendor:/opt/ros/jazzy/opt/gz_utils_vendor:/opt/ros/jazzy/opt/gz_tools_vendor:/opt/ros/jazzy/opt/gz_ogre_next_vendor:/opt/ros/jazzy/opt/gz_dartsim_vendor:/opt/ros/jazzy/opt/gz_cmake_vendor:/opt/ros/jazzy LD_LIBRARY_PATH=/home/mmaaz/ros2_ws/install/moveit_task_constructor_capabilities/lib:/home/mmaaz/ros2_ws/install/moveit_task_constructor_core/lib:/home/mmaaz/ros2_ws/install/rviz_marker_tools/lib:/home/mmaaz/ros2_ws/install/moveit_task_constructor_msgs/lib:/home/mmaaz/ros2_ws/install/warehouse_ros_mongo/lib:/home/mmaaz/ros2_ws/install/mycobot_mtc_pick_place_demo/lib:/home/mmaaz/ros2_ws/install/moveit_task_constructor_visualization/lib:/home/mmaaz/ros2_ws/install/moveit_task_constructor_demo/lib:/home/mmaaz/ros2_ws/install/mycobot_interfaces/lib:/opt/ros/jazzy/opt/gz_sim_vendor/lib:/opt/ros/jazzy/opt/gz_sensors_vendor/lib:/opt/ros/jazzy/opt/gz_physics_vendor/lib:/opt/ros/jazzy/opt/sdformat_vendor/lib:/opt/ros/jazzy/opt/rviz_ogre_vendor/lib:/opt/ros/jazzy/lib/x86_64-linux-gnu:/opt/ros/jazzy/opt/gz_gui_vendor/lib:/opt/ros/jazzy/opt/gz_transport_vendor/lib:/opt/ros/jazzy/opt/gz_rendering_vendor/lib:/opt/ros/jazzy/opt/gz_plugin_vendor/lib:/opt/ros/jazzy/opt/gz_fuel_tools_vendor/lib:/opt/ros/jazzy/opt/gz_msgs_vendor/lib:/opt/ros/jazzy/opt/gz_common_vendor/lib:/opt/ros/jazzy/opt/gz_math_vendor/lib:/opt/ros/jazzy/opt/gz_utils_vendor/lib:/opt/ros/jazzy/opt/gz_tools_vendor/lib:/opt/ros/jazzy/opt/gz_ogre_next_vendor/lib:/opt/ros/jazzy/opt/gz_dartsim_vendor/lib:/opt/ros/jazzy/opt/gz_cmake_vendor/lib:/opt/ros/jazzy/lib PYTHONPATH=/home/mmaaz/ros2_ws/install/moveit_task_constructor_core/lib/python3.12/site-packages:/home/mmaaz/ros2_ws/install/moveit_task_constructor_msgs/lib/python3.12/site-packages:/home/mmaaz/ros2_ws/install/warehouse_ros_mongo/lib/python3.12/site-packages:/home/mmaaz/ros2_ws/install/mycobot_interfaces/lib/python3.12/site-packages:/opt/ros/jazzy/lib/python3.12/site-packages /usr/bin/cmake /home/mmaaz/ros2_ws/src/moveit_task_constructor/demo -DAMENT_CMAKE_SYMLINK_INSTALL=1 -DCMAKE_INSTALL_PREFIX=/home/mmaaz/ros2_ws/install/moveit_task_constructor_demo
[2.802s] -- The C compiler identification is GNU 13.3.0
[4.193s] -- The CXX compiler identification is GNU 13.3.0
[5.547s] -- Detecting C compiler ABI info
[6.261s] -- Detecting C compiler ABI info - done
[6.271s] -- Check for working C compiler: /usr/bin/cc - skipped
[6.271s] -- Detecting C compile features
[6.271s] -- Detecting C compile features - done
[6.594s] -- Detecting CXX compiler ABI info
[7.250s] -- Detecting CXX compiler ABI info - done
[7.259s] -- Check for working CXX compiler: /usr/bin/c++ - skipped
[7.260s] -- Detecting CXX compile features
[7.260s] -- Detecting CXX compile features - done
[7.265s] -- Found ament_cmake: 2.5.4 (/opt/ros/jazzy/share/ament_cmake/cmake)
[7.456s] -- Found Python3: /usr/bin/python3 (found version "3.12.3") found components: Interpreter 
[7.585s] -- Override CMake install command with custom implementation using symlinks instead of copying resources
[7.649s] -- Found generate_parameter_library: 0.4.0 (/opt/ros/jazzy/share/generate_parameter_library/cmake)
[7.661s] -- Found parameter_traits: 0.4.0 (/opt/ros/jazzy/share/parameter_traits/cmake)
[7.935s] -- Found rosidl_generator_c: 4.6.5 (/opt/ros/jazzy/share/rosidl_generator_c/cmake)
[7.964s] -- Found rosidl_generator_cpp: 4.6.5 (/opt/ros/jazzy/share/rosidl_generator_cpp/cmake)
[7.990s] -- Using all available rosidl_typesupport_c: rosidl_typesupport_fastrtps_c;rosidl_typesupport_introspection_c
[8.020s] -- Using all available rosidl_typesupport_cpp: rosidl_typesupport_fastrtps_cpp;rosidl_typesupport_introspection_cpp
[8.137s] -- Found rmw_implementation_cmake: 7.3.2 (/opt/ros/jazzy/share/rmw_implementation_cmake/cmake)
[8.143s] -- Found rmw_fastrtps_cpp: 8.4.2 (/opt/ros/jazzy/share/rmw_fastrtps_cpp/cmake)
[8.244s] -- Found OpenSSL: /usr/lib/x86_64-linux-gnu/libcrypto.so (found version "3.0.13")  
[8.604s] -- Found FastRTPS: /opt/ros/jazzy/include (Required is at least version "2.13") 
[8.806s] -- Using RMW implementation 'rmw_fastrtps_cpp' as default
[9.211s] -- Found rclcpp_lifecycle: 28.1.9 (/opt/ros/jazzy/share/rclcpp_lifecycle/cmake)
[9.255s] -- Found moveit_common: 2.12.3 (/opt/ros/jazzy/share/moveit_common/cmake)
[9.365s] [0mmoveit_task_constructor_demo: You did not request a specific build type: Choosing 'Release' for maximum performance[0m
[9.368s] -- Found moveit_core: 2.12.3 (/opt/ros/jazzy/share/moveit_core/cmake)
[9.837s] -- Found Boost: /usr/lib/x86_64-linux-gnu/cmake/Boost-1.83.0/BoostConfig.cmake (found version "1.83.0") found components: chrono date_time filesystem iostreams program_options regex serialization system thread 
[12.211s] -- Found Boost: /usr/lib/x86_64-linux-gnu/cmake/Boost-1.83.0/BoostConfig.cmake (found version "1.83.0") found components: filesystem 
[12.444s] -- Found Eigen3: TRUE (found version "3.4.0") 
[12.444s] -- Ensuring Eigen3 include directory is part of orocos-kdl CMake target
[12.864s] -- Found moveit_ros_planning: 2.12.3 (/opt/ros/jazzy/share/moveit_ros_planning/cmake)
[12.870s] -- Found Boost: /usr/lib/x86_64-linux-gnu/cmake/Boost-1.83.0/BoostConfig.cmake (found version "1.83.0") found components: system filesystem date_time program_options thread chrono 
[12.930s] -- Found moveit_ros_planning_interface: 2.12.3 (/opt/ros/jazzy/share/moveit_ros_planning_interface/cmake)
[12.935s] -- Found Boost: /usr/lib/x86_64-linux-gnu/cmake/Boost-1.83.0/BoostConfig.cmake (found version "1.83.0") found components: date_time filesystem program_options system thread 
[12.954s] -- Found Boost: /usr/lib/x86_64-linux-gnu/cmake/Boost-1.83.0/BoostConfig.cmake (found version "1.83.0") found components: thread system filesystem regex date_time program_options 
[12.991s] -- Found Boost: /usr/lib/x86_64-linux-gnu/cmake/Boost-1.83.0/BoostConfig.cmake (found version "1.83.0") found components: system filesystem date_time program_options thread 
[13.055s] -- Found moveit_task_constructor_core: 0.1.3 (/home/mmaaz/ros2_ws/install/moveit_task_constructor_core/share/moveit_task_constructor_core/cmake)
[13.191s] -- Configuring done (10.8s)
[13.305s] -- Generating done (0.1s)
[13.330s] -- Build files have been written to: /home/mmaaz/ros2_ws/build/moveit_task_constructor_demo
[13.343s] Invoked command in '/home/mmaaz/ros2_ws/build/moveit_task_constructor_demo' returned '0': CMAKE_MODULE_PATH=/home/mmaaz/ros2_ws/install/moveit_task_constructor_core/share/moveit_task_constructor_core/cmake:/home/mmaaz/ros2_ws/install/warehouse_ros_mongo/share/warehouse_ros_mongo/cmake CMAKE_PREFIX_PATH=/home/mmaaz/ros2_ws/install/moveit_task_constructor_capabilities:/home/mmaaz/ros2_ws/install/moveit_task_constructor_core:/home/mmaaz/ros2_ws/install/rviz_marker_tools:/home/mmaaz/ros2_ws/install/moveit_task_constructor_msgs:/home/mmaaz/ros2_ws/install/warehouse_ros_mongo:/home/mmaaz/ros2_ws/install/mycobot_mtc_pick_place_demo:/home/mmaaz/ros2_ws/install/mycobot_mtc_demos:/home/mmaaz/ros2_ws/install/moveit_task_constructor_visualization:/home/mmaaz/ros2_ws/install/moveit_task_constructor_demo:/home/mmaaz/ros2_ws/install/mycobot_ros2:/home/mmaaz/ros2_ws/install/mycobot_system_tests:/home/mmaaz/ros2_ws/install/mycobot_moveit_demos:/home/mmaaz/ros2_ws/install/mycobot_moveit_config:/home/mmaaz/ros2_ws/install/mycobot_interfaces:/home/mmaaz/ros2_ws/install/mycobot_gazebo:/home/mmaaz/ros2_ws/install/mycobot_description:/home/mmaaz/ros2_ws/install/mycobot_bringup:/opt/ros/jazzy/opt/gz_sim_vendor:/opt/ros/jazzy/opt/gz_sensors_vendor:/opt/ros/jazzy/opt/gz_physics_vendor:/opt/ros/jazzy/opt/sdformat_vendor:/opt/ros/jazzy/opt/gz_gui_vendor:/opt/ros/jazzy/opt/gz_transport_vendor:/opt/ros/jazzy/opt/gz_rendering_vendor:/opt/ros/jazzy/opt/gz_plugin_vendor:/opt/ros/jazzy/opt/gz_fuel_tools_vendor:/opt/ros/jazzy/opt/gz_msgs_vendor:/opt/ros/jazzy/opt/gz_common_vendor:/opt/ros/jazzy/opt/gz_math_vendor:/opt/ros/jazzy/opt/gz_utils_vendor:/opt/ros/jazzy/opt/gz_tools_vendor:/opt/ros/jazzy/opt/gz_ogre_next_vendor:/opt/ros/jazzy/opt/gz_dartsim_vendor:/opt/ros/jazzy/opt/gz_cmake_vendor:/opt/ros/jazzy LD_LIBRARY_PATH=/home/mmaaz/ros2_ws/install/moveit_task_constructor_capabilities/lib:/home/mmaaz/ros2_ws/install/moveit_task_constructor_core/lib:/home/mmaaz/ros2_ws/install/rviz_marker_tools/lib:/home/mmaaz/ros2_ws/install/moveit_task_constructor_msgs/lib:/home/mmaaz/ros2_ws/install/warehouse_ros_mongo/lib:/home/mmaaz/ros2_ws/install/mycobot_mtc_pick_place_demo/lib:/home/mmaaz/ros2_ws/install/moveit_task_constructor_visualization/lib:/home/mmaaz/ros2_ws/install/moveit_task_constructor_demo/lib:/home/mmaaz/ros2_ws/install/mycobot_interfaces/lib:/opt/ros/jazzy/opt/gz_sim_vendor/lib:/opt/ros/jazzy/opt/gz_sensors_vendor/lib:/opt/ros/jazzy/opt/gz_physics_vendor/lib:/opt/ros/jazzy/opt/sdformat_vendor/lib:/opt/ros/jazzy/opt/rviz_ogre_vendor/lib:/opt/ros/jazzy/lib/x86_64-linux-gnu:/opt/ros/jazzy/opt/gz_gui_vendor/lib:/opt/ros/jazzy/opt/gz_transport_vendor/lib:/opt/ros/jazzy/opt/gz_rendering_vendor/lib:/opt/ros/jazzy/opt/gz_plugin_vendor/lib:/opt/ros/jazzy/opt/gz_fuel_tools_vendor/lib:/opt/ros/jazzy/opt/gz_msgs_vendor/lib:/opt/ros/jazzy/opt/gz_common_vendor/lib:/opt/ros/jazzy/opt/gz_math_vendor/lib:/opt/ros/jazzy/opt/gz_utils_vendor/lib:/opt/ros/jazzy/opt/gz_tools_vendor/lib:/opt/ros/jazzy/opt/gz_ogre_next_vendor/lib:/opt/ros/jazzy/opt/gz_dartsim_vendor/lib:/opt/ros/jazzy/opt/gz_cmake_vendor/lib:/opt/ros/jazzy/lib PYTHONPATH=/home/mmaaz/ros2_ws/install/moveit_task_constructor_core/lib/python3.12/site-packages:/home/mmaaz/ros2_ws/install/moveit_task_constructor_msgs/lib/python3.12/site-packages:/home/mmaaz/ros2_ws/install/warehouse_ros_mongo/lib/python3.12/site-packages:/home/mmaaz/ros2_ws/install/mycobot_interfaces/lib/python3.12/site-packages:/opt/ros/jazzy/lib/python3.12/site-packages /usr/bin/cmake /home/mmaaz/ros2_ws/src/moveit_task_constructor/demo -DAMENT_CMAKE_SYMLINK_INSTALL=1 -DCMAKE_INSTALL_PREFIX=/home/mmaaz/ros2_ws/install/moveit_task_constructor_demo
[13.345s] Invoking command in '/home/mmaaz/ros2_ws/build/moveit_task_constructor_demo': CMAKE_MODULE_PATH=/home/mmaaz/ros2_ws/install/moveit_task_constructor_core/share/moveit_task_constructor_core/cmake:/home/mmaaz/ros2_ws/install/warehouse_ros_mongo/share/warehouse_ros_mongo/cmake CMAKE_PREFIX_PATH=/home/mmaaz/ros2_ws/install/moveit_task_constructor_capabilities:/home/mmaaz/ros2_ws/install/moveit_task_constructor_core:/home/mmaaz/ros2_ws/install/rviz_marker_tools:/home/mmaaz/ros2_ws/install/moveit_task_constructor_msgs:/home/mmaaz/ros2_ws/install/warehouse_ros_mongo:/home/mmaaz/ros2_ws/install/mycobot_mtc_pick_place_demo:/home/mmaaz/ros2_ws/install/mycobot_mtc_demos:/home/mmaaz/ros2_ws/install/moveit_task_constructor_visualization:/home/mmaaz/ros2_ws/install/moveit_task_constructor_demo:/home/mmaaz/ros2_ws/install/mycobot_ros2:/home/mmaaz/ros2_ws/install/mycobot_system_tests:/home/mmaaz/ros2_ws/install/mycobot_moveit_demos:/home/mmaaz/ros2_ws/install/mycobot_moveit_config:/home/mmaaz/ros2_ws/install/mycobot_interfaces:/home/mmaaz/ros2_ws/install/mycobot_gazebo:/home/mmaaz/ros2_ws/install/mycobot_description:/home/mmaaz/ros2_ws/install/mycobot_bringup:/opt/ros/jazzy/opt/gz_sim_vendor:/opt/ros/jazzy/opt/gz_sensors_vendor:/opt/ros/jazzy/opt/gz_physics_vendor:/opt/ros/jazzy/opt/sdformat_vendor:/opt/ros/jazzy/opt/gz_gui_vendor:/opt/ros/jazzy/opt/gz_transport_vendor:/opt/ros/jazzy/opt/gz_rendering_vendor:/opt/ros/jazzy/opt/gz_plugin_vendor:/opt/ros/jazzy/opt/gz_fuel_tools_vendor:/opt/ros/jazzy/opt/gz_msgs_vendor:/opt/ros/jazzy/opt/gz_common_vendor:/opt/ros/jazzy/opt/gz_math_vendor:/opt/ros/jazzy/opt/gz_utils_vendor:/opt/ros/jazzy/opt/gz_tools_vendor:/opt/ros/jazzy/opt/gz_ogre_next_vendor:/opt/ros/jazzy/opt/gz_dartsim_vendor:/opt/ros/jazzy/opt/gz_cmake_vendor:/opt/ros/jazzy LD_LIBRARY_PATH=/home/mmaaz/ros2_ws/install/moveit_task_constructor_capabilities/lib:/home/mmaaz/ros2_ws/install/moveit_task_constructor_core/lib:/home/mmaaz/ros2_ws/install/rviz_marker_tools/lib:/home/mmaaz/ros2_ws/install/moveit_task_constructor_msgs/lib:/home/mmaaz/ros2_ws/install/warehouse_ros_mongo/lib:/home/mmaaz/ros2_ws/install/mycobot_mtc_pick_place_demo/lib:/home/mmaaz/ros2_ws/install/moveit_task_constructor_visualization/lib:/home/mmaaz/ros2_ws/install/moveit_task_constructor_demo/lib:/home/mmaaz/ros2_ws/install/mycobot_interfaces/lib:/opt/ros/jazzy/opt/gz_sim_vendor/lib:/opt/ros/jazzy/opt/gz_sensors_vendor/lib:/opt/ros/jazzy/opt/gz_physics_vendor/lib:/opt/ros/jazzy/opt/sdformat_vendor/lib:/opt/ros/jazzy/opt/rviz_ogre_vendor/lib:/opt/ros/jazzy/lib/x86_64-linux-gnu:/opt/ros/jazzy/opt/gz_gui_vendor/lib:/opt/ros/jazzy/opt/gz_transport_vendor/lib:/opt/ros/jazzy/opt/gz_rendering_vendor/lib:/opt/ros/jazzy/opt/gz_plugin_vendor/lib:/opt/ros/jazzy/opt/gz_fuel_tools_vendor/lib:/opt/ros/jazzy/opt/gz_msgs_vendor/lib:/opt/ros/jazzy/opt/gz_common_vendor/lib:/opt/ros/jazzy/opt/gz_math_vendor/lib:/opt/ros/jazzy/opt/gz_utils_vendor/lib:/opt/ros/jazzy/opt/gz_tools_vendor/lib:/opt/ros/jazzy/opt/gz_ogre_next_vendor/lib:/opt/ros/jazzy/opt/gz_dartsim_vendor/lib:/opt/ros/jazzy/opt/gz_cmake_vendor/lib:/opt/ros/jazzy/lib PYTHONPATH=/home/mmaaz/ros2_ws/install/moveit_task_constructor_core/lib/python3.12/site-packages:/home/mmaaz/ros2_ws/install/moveit_task_constructor_msgs/lib/python3.12/site-packages:/home/mmaaz/ros2_ws/install/warehouse_ros_mongo/lib/python3.12/site-packages:/home/mmaaz/ros2_ws/install/mycobot_interfaces/lib/python3.12/site-packages:/opt/ros/jazzy/lib/python3.12/site-packages /usr/bin/cmake --build /home/mmaaz/ros2_ws/build/moveit_task_constructor_demo -- -j22 -l22
[13.396s] [  5%] [34m[1mRunning `/opt/ros/jazzy/bin/generate_parameter_library_cpp /home/mmaaz/ros2_ws/build/moveit_task_constructor_demo/include/moveit_task_constructor_demo/pick_place_demo_parameters.hpp /home/mmaaz/ros2_ws/src/moveit_task_constructor/demo/src/pick_place_demo_parameters.yaml `[0m
[13.397s] [ 11%] [32mBuilding CXX object CMakeFiles/moveit_task_constructor_demo_alternative_path_costs.dir/src/alternative_path_costs.cpp.o[0m
[13.398s] [ 16%] [34m[1mRunning `/opt/ros/jazzy/bin/generate_parameter_library_cpp /home/mmaaz/ros2_ws/build/moveit_task_constructor_demo/include/moveit_task_constructor_demo/ik_clearance_cost_parameters.hpp /home/mmaaz/ros2_ws/src/moveit_task_constructor/demo/src/ik_clearance_cost_parameters.yaml `[0m
[13.399s] [ 27%] [32mBuilding CXX object CMakeFiles/moveit_task_constructor_demo_fallbacks_move_to.dir/src/fallbacks_move_to.cpp.o[0m
[13.399s] [ 27%] [32mBuilding CXX object CMakeFiles/moveit_task_constructor_demo_cartesian.dir/src/cartesian.cpp.o[0m
[13.401s] [ 33%] [32mBuilding CXX object CMakeFiles/moveit_task_constructor_demo_modular.dir/src/modular.cpp.o[0m
[14.120s] [ 38%] [34m[1mCreating deprecated header file /home/mmaaz/ros2_ws/build/moveit_task_constructor_demo/include/ik_clearance_cost_parameters.hpp[0m
[14.167s] [ 38%] Built target ik_clearance_cost_parameters
[14.188s] [ 44%] [32mBuilding CXX object CMakeFiles/moveit_task_constructor_demo_ik_clearance_cost.dir/src/ik_clearance_cost.cpp.o[0m
[14.659s] [ 50%] [34m[1mCreating deprecated header file /home/mmaaz/ros2_ws/build/moveit_task_constructor_demo/include/pick_place_demo_parameters.hpp[0m
[14.718s] [ 50%] Built target pick_place_demo_parameters
[14.743s] [ 55%] [32mBuilding CXX object CMakeFiles/moveit_task_constructor_demo_pick_place_task.dir/src/pick_place_task.cpp.o[0m
[27.653s] [ 61%] [32m[1mLinking CXX executable modular[0m
[28.488s] [ 66%] [32m[1mLinking CXX executable cartesian[0m
[28.913s] [ 66%] Built target moveit_task_constructor_demo_modular
[29.671s] [ 66%] Built target moveit_task_constructor_demo_cartesian
[31.652s] [ 72%] [32m[1mLinking CXX executable ik_clearance_cost[0m
[31.796s] [ 77%] [32m[1mLinking CXX executable alternative_path_costs[0m
[32.665s] [ 77%] Built target moveit_task_constructor_demo_ik_clearance_cost
[32.795s] [ 77%] Built target moveit_task_constructor_demo_alternative_path_costs
[32.840s] [ 83%] [32m[1mLinking CXX executable fallbacks_move_to[0m
[33.869s] [ 83%] Built target moveit_task_constructor_demo_fallbacks_move_to
[37.282s] [ 88%] [32m[1mLinking CXX shared library libmoveit_task_constructor_demo_pick_place_task.so[0m
[37.769s] [ 88%] Built target moveit_task_constructor_demo_pick_place_task
[37.799s] [ 94%] [32mBuilding CXX object CMakeFiles/moveit_task_constructor_demo_pick_place_demo.dir/src/pick_place_demo.cpp.o[0m
[51.450s] [100%] [32m[1mLinking CXX executable pick_place_demo[0m
[51.937s] [100%] Built target moveit_task_constructor_demo_pick_place_demo
[51.947s] Invoked command in '/home/mmaaz/ros2_ws/build/moveit_task_constructor_demo' returned '0': CMAKE_MODULE_PATH=/home/mmaaz/ros2_ws/install/moveit_task_constructor_core/share/moveit_task_constructor_core/cmake:/home/mmaaz/ros2_ws/install/warehouse_ros_mongo/share/warehouse_ros_mongo/cmake CMAKE_PREFIX_PATH=/home/mmaaz/ros2_ws/install/moveit_task_constructor_capabilities:/home/mmaaz/ros2_ws/install/moveit_task_constructor_core:/home/mmaaz/ros2_ws/install/rviz_marker_tools:/home/mmaaz/ros2_ws/install/moveit_task_constructor_msgs:/home/mmaaz/ros2_ws/install/warehouse_ros_mongo:/home/mmaaz/ros2_ws/install/mycobot_mtc_pick_place_demo:/home/mmaaz/ros2_ws/install/mycobot_mtc_demos:/home/mmaaz/ros2_ws/install/moveit_task_constructor_visualization:/home/mmaaz/ros2_ws/install/moveit_task_constructor_demo:/home/mmaaz/ros2_ws/install/mycobot_ros2:/home/mmaaz/ros2_ws/install/mycobot_system_tests:/home/mmaaz/ros2_ws/install/mycobot_moveit_demos:/home/mmaaz/ros2_ws/install/mycobot_moveit_config:/home/mmaaz/ros2_ws/install/mycobot_interfaces:/home/mmaaz/ros2_ws/install/mycobot_gazebo:/home/mmaaz/ros2_ws/install/mycobot_description:/home/mmaaz/ros2_ws/install/mycobot_bringup:/opt/ros/jazzy/opt/gz_sim_vendor:/opt/ros/jazzy/opt/gz_sensors_vendor:/opt/ros/jazzy/opt/gz_physics_vendor:/opt/ros/jazzy/opt/sdformat_vendor:/opt/ros/jazzy/opt/gz_gui_vendor:/opt/ros/jazzy/opt/gz_transport_vendor:/opt/ros/jazzy/opt/gz_rendering_vendor:/opt/ros/jazzy/opt/gz_plugin_vendor:/opt/ros/jazzy/opt/gz_fuel_tools_vendor:/opt/ros/jazzy/opt/gz_msgs_vendor:/opt/ros/jazzy/opt/gz_common_vendor:/opt/ros/jazzy/opt/gz_math_vendor:/opt/ros/jazzy/opt/gz_utils_vendor:/opt/ros/jazzy/opt/gz_tools_vendor:/opt/ros/jazzy/opt/gz_ogre_next_vendor:/opt/ros/jazzy/opt/gz_dartsim_vendor:/opt/ros/jazzy/opt/gz_cmake_vendor:/opt/ros/jazzy LD_LIBRARY_PATH=/home/mmaaz/ros2_ws/install/moveit_task_constructor_capabilities/lib:/home/mmaaz/ros2_ws/install/moveit_task_constructor_core/lib:/home/mmaaz/ros2_ws/install/rviz_marker_tools/lib:/home/mmaaz/ros2_ws/install/moveit_task_constructor_msgs/lib:/home/mmaaz/ros2_ws/install/warehouse_ros_mongo/lib:/home/mmaaz/ros2_ws/install/mycobot_mtc_pick_place_demo/lib:/home/mmaaz/ros2_ws/install/moveit_task_constructor_visualization/lib:/home/mmaaz/ros2_ws/install/moveit_task_constructor_demo/lib:/home/mmaaz/ros2_ws/install/mycobot_interfaces/lib:/opt/ros/jazzy/opt/gz_sim_vendor/lib:/opt/ros/jazzy/opt/gz_sensors_vendor/lib:/opt/ros/jazzy/opt/gz_physics_vendor/lib:/opt/ros/jazzy/opt/sdformat_vendor/lib:/opt/ros/jazzy/opt/rviz_ogre_vendor/lib:/opt/ros/jazzy/lib/x86_64-linux-gnu:/opt/ros/jazzy/opt/gz_gui_vendor/lib:/opt/ros/jazzy/opt/gz_transport_vendor/lib:/opt/ros/jazzy/opt/gz_rendering_vendor/lib:/opt/ros/jazzy/opt/gz_plugin_vendor/lib:/opt/ros/jazzy/opt/gz_fuel_tools_vendor/lib:/opt/ros/jazzy/opt/gz_msgs_vendor/lib:/opt/ros/jazzy/opt/gz_common_vendor/lib:/opt/ros/jazzy/opt/gz_math_vendor/lib:/opt/ros/jazzy/opt/gz_utils_vendor/lib:/opt/ros/jazzy/opt/gz_tools_vendor/lib:/opt/ros/jazzy/opt/gz_ogre_next_vendor/lib:/opt/ros/jazzy/opt/gz_dartsim_vendor/lib:/opt/ros/jazzy/opt/gz_cmake_vendor/lib:/opt/ros/jazzy/lib PYTHONPATH=/home/mmaaz/ros2_ws/install/moveit_task_constructor_core/lib/python3.12/site-packages:/home/mmaaz/ros2_ws/install/moveit_task_constructor_msgs/lib/python3.12/site-packages:/home/mmaaz/ros2_ws/install/warehouse_ros_mongo/lib/python3.12/site-packages:/home/mmaaz/ros2_ws/install/mycobot_interfaces/lib/python3.12/site-packages:/opt/ros/jazzy/lib/python3.12/site-packages /usr/bin/cmake --build /home/mmaaz/ros2_ws/build/moveit_task_constructor_demo -- -j22 -l22
[51.948s] Invoking command in '/home/mmaaz/ros2_ws/build/moveit_task_constructor_demo': CMAKE_MODULE_PATH=/home/mmaaz/ros2_ws/install/moveit_task_constructor_core/share/moveit_task_constructor_core/cmake:/home/mmaaz/ros2_ws/install/warehouse_ros_mongo/share/warehouse_ros_mongo/cmake CMAKE_PREFIX_PATH=/home/mmaaz/ros2_ws/install/moveit_task_constructor_capabilities:/home/mmaaz/ros2_ws/install/moveit_task_constructor_core:/home/mmaaz/ros2_ws/install/rviz_marker_tools:/home/mmaaz/ros2_ws/install/moveit_task_constructor_msgs:/home/mmaaz/ros2_ws/install/warehouse_ros_mongo:/home/mmaaz/ros2_ws/install/mycobot_mtc_pick_place_demo:/home/mmaaz/ros2_ws/install/mycobot_mtc_demos:/home/mmaaz/ros2_ws/install/moveit_task_constructor_visualization:/home/mmaaz/ros2_ws/install/moveit_task_constructor_demo:/home/mmaaz/ros2_ws/install/mycobot_ros2:/home/mmaaz/ros2_ws/install/mycobot_system_tests:/home/mmaaz/ros2_ws/install/mycobot_moveit_demos:/home/mmaaz/ros2_ws/install/mycobot_moveit_config:/home/mmaaz/ros2_ws/install/mycobot_interfaces:/home/mmaaz/ros2_ws/install/mycobot_gazebo:/home/mmaaz/ros2_ws/install/mycobot_description:/home/mmaaz/ros2_ws/install/mycobot_bringup:/opt/ros/jazzy/opt/gz_sim_vendor:/opt/ros/jazzy/opt/gz_sensors_vendor:/opt/ros/jazzy/opt/gz_physics_vendor:/opt/ros/jazzy/opt/sdformat_vendor:/opt/ros/jazzy/opt/gz_gui_vendor:/opt/ros/jazzy/opt/gz_transport_vendor:/opt/ros/jazzy/opt/gz_rendering_vendor:/opt/ros/jazzy/opt/gz_plugin_vendor:/opt/ros/jazzy/opt/gz_fuel_tools_vendor:/opt/ros/jazzy/opt/gz_msgs_vendor:/opt/ros/jazzy/opt/gz_common_vendor:/opt/ros/jazzy/opt/gz_math_vendor:/opt/ros/jazzy/opt/gz_utils_vendor:/opt/ros/jazzy/opt/gz_tools_vendor:/opt/ros/jazzy/opt/gz_ogre_next_vendor:/opt/ros/jazzy/opt/gz_dartsim_vendor:/opt/ros/jazzy/opt/gz_cmake_vendor:/opt/ros/jazzy LD_LIBRARY_PATH=/home/mmaaz/ros2_ws/install/moveit_task_constructor_capabilities/lib:/home/mmaaz/ros2_ws/install/moveit_task_constructor_core/lib:/home/mmaaz/ros2_ws/install/rviz_marker_tools/lib:/home/mmaaz/ros2_ws/install/moveit_task_constructor_msgs/lib:/home/mmaaz/ros2_ws/install/warehouse_ros_mongo/lib:/home/mmaaz/ros2_ws/install/mycobot_mtc_pick_place_demo/lib:/home/mmaaz/ros2_ws/install/moveit_task_constructor_visualization/lib:/home/mmaaz/ros2_ws/install/moveit_task_constructor_demo/lib:/home/mmaaz/ros2_ws/install/mycobot_interfaces/lib:/opt/ros/jazzy/opt/gz_sim_vendor/lib:/opt/ros/jazzy/opt/gz_sensors_vendor/lib:/opt/ros/jazzy/opt/gz_physics_vendor/lib:/opt/ros/jazzy/opt/sdformat_vendor/lib:/opt/ros/jazzy/opt/rviz_ogre_vendor/lib:/opt/ros/jazzy/lib/x86_64-linux-gnu:/opt/ros/jazzy/opt/gz_gui_vendor/lib:/opt/ros/jazzy/opt/gz_transport_vendor/lib:/opt/ros/jazzy/opt/gz_rendering_vendor/lib:/opt/ros/jazzy/opt/gz_plugin_vendor/lib:/opt/ros/jazzy/opt/gz_fuel_tools_vendor/lib:/opt/ros/jazzy/opt/gz_msgs_vendor/lib:/opt/ros/jazzy/opt/gz_common_vendor/lib:/opt/ros/jazzy/opt/gz_math_vendor/lib:/opt/ros/jazzy/opt/gz_utils_vendor/lib:/opt/ros/jazzy/opt/gz_tools_vendor/lib:/opt/ros/jazzy/opt/gz_ogre_next_vendor/lib:/opt/ros/jazzy/opt/gz_dartsim_vendor/lib:/opt/ros/jazzy/opt/gz_cmake_vendor/lib:/opt/ros/jazzy/lib PYTHONPATH=/home/mmaaz/ros2_ws/install/moveit_task_constructor_core/lib/python3.12/site-packages:/home/mmaaz/ros2_ws/install/moveit_task_constructor_msgs/lib/python3.12/site-packages:/home/mmaaz/ros2_ws/install/warehouse_ros_mongo/lib/python3.12/site-packages:/home/mmaaz/ros2_ws/install/mycobot_interfaces/lib/python3.12/site-packages:/opt/ros/jazzy/lib/python3.12/site-packages /usr/bin/cmake --install /home/mmaaz/ros2_ws/build/moveit_task_constructor_demo
[51.959s] -- Install configuration: "Release"
[51.959s] -- Execute custom install script
[51.960s] -- Symlinking: /home/mmaaz/ros2_ws/install/moveit_task_constructor_demo/lib/libmoveit_task_constructor_demo_pick_place_task.so
[51.969s] -- Symlinking: /home/mmaaz/ros2_ws/install/moveit_task_constructor_demo/lib/moveit_task_constructor_demo/cartesian
[51.977s] -- Symlinking: /home/mmaaz/ros2_ws/install/moveit_task_constructor_demo/lib/moveit_task_constructor_demo/modular
[51.984s] -- Symlinking: /home/mmaaz/ros2_ws/install/moveit_task_constructor_demo/lib/moveit_task_constructor_demo/alternative_path_costs
[51.992s] -- Symlinking: /home/mmaaz/ros2_ws/install/moveit_task_constructor_demo/include/moveit_task_constructor_demo/ik_clearance_cost_parameters.hpp
[51.999s] -- Symlinking: /home/mmaaz/ros2_ws/install/moveit_task_constructor_demo/include/moveit_task_constructor_demo/pick_place_demo_parameters.hpp
[52.006s] -- Symlinking: /home/mmaaz/ros2_ws/install/moveit_task_constructor_demo/lib/moveit_task_constructor_demo/ik_clearance_cost
[52.019s] -- Symlinking: /home/mmaaz/ros2_ws/install/moveit_task_constructor_demo/lib/moveit_task_constructor_demo/fallbacks_move_to
[52.026s] -- Up-to-date symlink: /home/mmaaz/ros2_ws/install/moveit_task_constructor_demo/include/moveit_task_constructor_demo/ik_clearance_cost_parameters.hpp
[52.026s] -- Up-to-date symlink: /home/mmaaz/ros2_ws/install/moveit_task_constructor_demo/include/moveit_task_constructor_demo/pick_place_demo_parameters.hpp
[52.026s] -- Symlinking: /home/mmaaz/ros2_ws/install/moveit_task_constructor_demo/lib/moveit_task_constructor_demo/pick_place_demo
[52.038s] -- Symlinking: /home/mmaaz/ros2_ws/install/moveit_task_constructor_demo/lib/moveit_task_constructor_demo/alternatives.py
[52.047s] -- Symlinking: /home/mmaaz/ros2_ws/install/moveit_task_constructor_demo/lib/moveit_task_constructor_demo/cartesian.py
[52.054s] -- Symlinking: /home/mmaaz/ros2_ws/install/moveit_task_constructor_demo/lib/moveit_task_constructor_demo/compute_ik.py
[52.063s] -- Symlinking: /home/mmaaz/ros2_ws/install/moveit_task_constructor_demo/lib/moveit_task_constructor_demo/constrained.py
[52.069s] -- Symlinking: /home/mmaaz/ros2_ws/install/moveit_task_constructor_demo/lib/moveit_task_constructor_demo/current_state.py
[52.076s] -- Symlinking: /home/mmaaz/ros2_ws/install/moveit_task_constructor_demo/lib/moveit_task_constructor_demo/fallbacks.py
[52.085s] -- Symlinking: /home/mmaaz/ros2_ws/install/moveit_task_constructor_demo/lib/moveit_task_constructor_demo/fix_collision_objects.py
[52.091s] -- Symlinking: /home/mmaaz/ros2_ws/install/moveit_task_constructor_demo/lib/moveit_task_constructor_demo/fixed_state.py
[52.102s] -- Symlinking: /home/mmaaz/ros2_ws/install/moveit_task_constructor_demo/lib/moveit_task_constructor_demo/generate_pose.py
[52.109s] -- Symlinking: /home/mmaaz/ros2_ws/install/moveit_task_constructor_demo/lib/moveit_task_constructor_demo/merger.py
[52.116s] -- Symlinking: /home/mmaaz/ros2_ws/install/moveit_task_constructor_demo/lib/moveit_task_constructor_demo/modify_planning_scene.py
[52.124s] -- Symlinking: /home/mmaaz/ros2_ws/install/moveit_task_constructor_demo/lib/moveit_task_constructor_demo/multi_planner.py
[52.131s] -- Symlinking: /home/mmaaz/ros2_ws/install/moveit_task_constructor_demo/lib/moveit_task_constructor_demo/pickplace.py
[52.139s] -- Symlinking: /home/mmaaz/ros2_ws/install/moveit_task_constructor_demo/lib/moveit_task_constructor_demo/properties.py
[52.148s] -- Symlinking: /home/mmaaz/ros2_ws/install/moveit_task_constructor_demo/share/moveit_task_constructor_demo/launch/demo.launch.py
[52.155s] -- Symlinking: /home/mmaaz/ros2_ws/install/moveit_task_constructor_demo/share/moveit_task_constructor_demo/launch/run.launch.py
[52.163s] -- Symlinking: /home/mmaaz/ros2_ws/install/moveit_task_constructor_demo/share/moveit_task_constructor_demo/config/mtc.rviz
[52.169s] -- Symlinking: /home/mmaaz/ros2_ws/install/moveit_task_constructor_demo/share/moveit_task_constructor_demo/config/panda_config.yaml
[52.176s] -- Symlinking: /home/mmaaz/ros2_ws/install/moveit_task_constructor_demo/share/ament_index/resource_index/package_run_dependencies/moveit_task_constructor_demo
[52.183s] -- Symlinking: /home/mmaaz/ros2_ws/install/moveit_task_constructor_demo/share/ament_index/resource_index/parent_prefix_path/moveit_task_constructor_demo
[52.190s] -- Symlinking: /home/mmaaz/ros2_ws/install/moveit_task_constructor_demo/share/moveit_task_constructor_demo/environment/ament_prefix_path.sh
[52.198s] -- Symlinking: /home/mmaaz/ros2_ws/install/moveit_task_constructor_demo/share/moveit_task_constructor_demo/environment/ament_prefix_path.dsv
[52.205s] -- Symlinking: /home/mmaaz/ros2_ws/install/moveit_task_constructor_demo/share/moveit_task_constructor_demo/environment/path.sh
[52.211s] -- Symlinking: /home/mmaaz/ros2_ws/install/moveit_task_constructor_demo/share/moveit_task_constructor_demo/environment/path.dsv
[52.218s] -- Symlinking: /home/mmaaz/ros2_ws/install/moveit_task_constructor_demo/share/moveit_task_constructor_demo/local_setup.bash
[52.225s] -- Symlinking: /home/mmaaz/ros2_ws/install/moveit_task_constructor_demo/share/moveit_task_constructor_demo/local_setup.sh
[52.232s] -- Symlinking: /home/mmaaz/ros2_ws/install/moveit_task_constructor_demo/share/moveit_task_constructor_demo/local_setup.zsh
[52.238s] -- Symlinking: /home/mmaaz/ros2_ws/install/moveit_task_constructor_demo/share/moveit_task_constructor_demo/local_setup.dsv
[52.245s] -- Symlinking: /home/mmaaz/ros2_ws/install/moveit_task_constructor_demo/share/moveit_task_constructor_demo/package.dsv
[52.252s] -- Symlinking: /home/mmaaz/ros2_ws/install/moveit_task_constructor_demo/share/ament_index/resource_index/packages/moveit_task_constructor_demo
[52.259s] -- Symlinking: /home/mmaaz/ros2_ws/install/moveit_task_constructor_demo/share/moveit_task_constructor_demo/cmake/moveit_task_constructor_demoConfig.cmake
[52.266s] -- Symlinking: /home/mmaaz/ros2_ws/install/moveit_task_constructor_demo/share/moveit_task_constructor_demo/cmake/moveit_task_constructor_demoConfig-version.cmake
[52.272s] -- Symlinking: /home/mmaaz/ros2_ws/install/moveit_task_constructor_demo/share/moveit_task_constructor_demo/package.xml
[52.281s] Invoked command in '/home/mmaaz/ros2_ws/build/moveit_task_constructor_demo' returned '0': CMAKE_MODULE_PATH=/home/mmaaz/ros2_ws/install/moveit_task_constructor_core/share/moveit_task_constructor_core/cmake:/home/mmaaz/ros2_ws/install/warehouse_ros_mongo/share/warehouse_ros_mongo/cmake CMAKE_PREFIX_PATH=/home/mmaaz/ros2_ws/install/moveit_task_constructor_capabilities:/home/mmaaz/ros2_ws/install/moveit_task_constructor_core:/home/mmaaz/ros2_ws/install/rviz_marker_tools:/home/mmaaz/ros2_ws/install/moveit_task_constructor_msgs:/home/mmaaz/ros2_ws/install/warehouse_ros_mongo:/home/mmaaz/ros2_ws/install/mycobot_mtc_pick_place_demo:/home/mmaaz/ros2_ws/install/mycobot_mtc_demos:/home/mmaaz/ros2_ws/install/moveit_task_constructor_visualization:/home/mmaaz/ros2_ws/install/moveit_task_constructor_demo:/home/mmaaz/ros2_ws/install/mycobot_ros2:/home/mmaaz/ros2_ws/install/mycobot_system_tests:/home/mmaaz/ros2_ws/install/mycobot_moveit_demos:/home/mmaaz/ros2_ws/install/mycobot_moveit_config:/home/mmaaz/ros2_ws/install/mycobot_interfaces:/home/mmaaz/ros2_ws/install/mycobot_gazebo:/home/mmaaz/ros2_ws/install/mycobot_description:/home/mmaaz/ros2_ws/install/mycobot_bringup:/opt/ros/jazzy/opt/gz_sim_vendor:/opt/ros/jazzy/opt/gz_sensors_vendor:/opt/ros/jazzy/opt/gz_physics_vendor:/opt/ros/jazzy/opt/sdformat_vendor:/opt/ros/jazzy/opt/gz_gui_vendor:/opt/ros/jazzy/opt/gz_transport_vendor:/opt/ros/jazzy/opt/gz_rendering_vendor:/opt/ros/jazzy/opt/gz_plugin_vendor:/opt/ros/jazzy/opt/gz_fuel_tools_vendor:/opt/ros/jazzy/opt/gz_msgs_vendor:/opt/ros/jazzy/opt/gz_common_vendor:/opt/ros/jazzy/opt/gz_math_vendor:/opt/ros/jazzy/opt/gz_utils_vendor:/opt/ros/jazzy/opt/gz_tools_vendor:/opt/ros/jazzy/opt/gz_ogre_next_vendor:/opt/ros/jazzy/opt/gz_dartsim_vendor:/opt/ros/jazzy/opt/gz_cmake_vendor:/opt/ros/jazzy LD_LIBRARY_PATH=/home/mmaaz/ros2_ws/install/moveit_task_constructor_capabilities/lib:/home/mmaaz/ros2_ws/install/moveit_task_constructor_core/lib:/home/mmaaz/ros2_ws/install/rviz_marker_tools/lib:/home/mmaaz/ros2_ws/install/moveit_task_constructor_msgs/lib:/home/mmaaz/ros2_ws/install/warehouse_ros_mongo/lib:/home/mmaaz/ros2_ws/install/mycobot_mtc_pick_place_demo/lib:/home/mmaaz/ros2_ws/install/moveit_task_constructor_visualization/lib:/home/mmaaz/ros2_ws/install/moveit_task_constructor_demo/lib:/home/mmaaz/ros2_ws/install/mycobot_interfaces/lib:/opt/ros/jazzy/opt/gz_sim_vendor/lib:/opt/ros/jazzy/opt/gz_sensors_vendor/lib:/opt/ros/jazzy/opt/gz_physics_vendor/lib:/opt/ros/jazzy/opt/sdformat_vendor/lib:/opt/ros/jazzy/opt/rviz_ogre_vendor/lib:/opt/ros/jazzy/lib/x86_64-linux-gnu:/opt/ros/jazzy/opt/gz_gui_vendor/lib:/opt/ros/jazzy/opt/gz_transport_vendor/lib:/opt/ros/jazzy/opt/gz_rendering_vendor/lib:/opt/ros/jazzy/opt/gz_plugin_vendor/lib:/opt/ros/jazzy/opt/gz_fuel_tools_vendor/lib:/opt/ros/jazzy/opt/gz_msgs_vendor/lib:/opt/ros/jazzy/opt/gz_common_vendor/lib:/opt/ros/jazzy/opt/gz_math_vendor/lib:/opt/ros/jazzy/opt/gz_utils_vendor/lib:/opt/ros/jazzy/opt/gz_tools_vendor/lib:/opt/ros/jazzy/opt/gz_ogre_next_vendor/lib:/opt/ros/jazzy/opt/gz_dartsim_vendor/lib:/opt/ros/jazzy/opt/gz_cmake_vendor/lib:/opt/ros/jazzy/lib PYTHONPATH=/home/mmaaz/ros2_ws/install/moveit_task_constructor_core/lib/python3.12/site-packages:/home/mmaaz/ros2_ws/install/moveit_task_constructor_msgs/lib/python3.12/site-packages:/home/mmaaz/ros2_ws/install/warehouse_ros_mongo/lib/python3.12/site-packages:/home/mmaaz/ros2_ws/install/mycobot_interfaces/lib/python3.12/site-packages:/opt/ros/jazzy/lib/python3.12/site-packages /usr/bin/cmake --install /home/mmaaz/ros2_ws/build/moveit_task_constructor_demo
