[0.033s] Invoking command in '/home/mmaaz/ros2_ws/build/mycobot_moveit_config': CMAKE_PREFIX_PATH=${CMAKE_PREFIX_PATH}:/opt/ros/jazzy /usr/bin/cmake /home/mmaaz/ros2_ws/src/mycobot_ros2/mycobot_moveit_config -DAMENT_CMAKE_SYMLINK_INSTALL=1 -DCMAKE_INSTALL_PREFIX=/home/mmaaz/ros2_ws/install/mycobot_moveit_config
[0.272s] -- The C compiler identification is GNU 13.3.0
[1.610s] -- The CXX compiler identification is GNU 13.3.0
[2.990s] -- Detecting C compiler ABI info
[3.587s] -- Detecting C compiler ABI info - done
[3.599s] -- Check for working C compiler: /usr/bin/cc - skipped
[3.599s] -- Detecting C compile features
[3.600s] -- Detecting C compile features - done
[3.854s] -- Detecting CXX compiler ABI info
[4.485s] -- Detecting CXX compiler ABI info - done
[4.497s] -- Check for working CXX compiler: /usr/bin/c++ - skipped
[4.498s] -- Detecting CXX compile features
[4.499s] -- Detecting CXX compile features - done
[4.504s] -- Found ament_cmake: 2.5.4 (/opt/ros/jazzy/share/ament_cmake/cmake)
[4.695s] -- Found Python3: /usr/bin/python3 (found version "3.12.3") found components: Interpreter 
[4.816s] -- Override CMake install command with custom implementation using symlinks instead of copying resources
[4.912s] -- Found moveit_ros_planning_interface: 2.12.3 (/opt/ros/jazzy/share/moveit_ros_planning_interface/cmake)
[5.722s] -- Found Boost: /usr/lib/x86_64-linux-gnu/cmake/Boost-1.83.0/BoostConfig.cmake (found version "1.83.0") found components: date_time filesystem program_options system thread 
[6.109s] -- Found rosidl_generator_c: 4.6.5 (/opt/ros/jazzy/share/rosidl_generator_c/cmake)
[6.126s] -- Found rosidl_generator_cpp: 4.6.5 (/opt/ros/jazzy/share/rosidl_generator_cpp/cmake)
[6.151s] -- Using all available rosidl_typesupport_c: rosidl_typesupport_fastrtps_c;rosidl_typesupport_introspection_c
[6.174s] -- Using all available rosidl_typesupport_cpp: rosidl_typesupport_fastrtps_cpp;rosidl_typesupport_introspection_cpp
[6.649s] -- Found Boost: /usr/lib/x86_64-linux-gnu/cmake/Boost-1.83.0/BoostConfig.cmake (found version "1.83.0") found components: chrono date_time filesystem iostreams program_options regex serialization system thread 
[12.324s] -- Found parameter_traits: 0.4.0 (/opt/ros/jazzy/share/parameter_traits/cmake)
[12.439s] -- Found rmw_implementation_cmake: 7.3.2 (/opt/ros/jazzy/share/rmw_implementation_cmake/cmake)
[12.447s] -- Found rmw_fastrtps_cpp: 8.4.2 (/opt/ros/jazzy/share/rmw_fastrtps_cpp/cmake)
[12.569s] -- Found OpenSSL: /usr/lib/x86_64-linux-gnu/libcrypto.so (found version "3.0.13")  
[12.863s] -- Found FastRTPS: /opt/ros/jazzy/include (Required is at least version "2.13") 
[13.025s] -- Using RMW implementation 'rmw_fastrtps_cpp' as default
[13.485s] -- Found rclcpp_lifecycle: 28.1.9 (/opt/ros/jazzy/share/rclcpp_lifecycle/cmake)
[13.545s] -- Found Boost: /usr/lib/x86_64-linux-gnu/cmake/Boost-1.83.0/BoostConfig.cmake (found version "1.83.0") found components: filesystem 
[13.772s] -- Found Eigen3: TRUE (found version "3.4.0") 
[13.772s] -- Ensuring Eigen3 include directory is part of orocos-kdl CMake target
[14.077s] -- Found Boost: /usr/lib/x86_64-linux-gnu/cmake/Boost-1.83.0/BoostConfig.cmake (found version "1.83.0") found components: system filesystem date_time program_options thread chrono 
[14.178s] -- Found Boost: /usr/lib/x86_64-linux-gnu/cmake/Boost-1.83.0/BoostConfig.cmake (found version "1.83.0") found components: thread system filesystem regex date_time program_options 
[14.233s] -- Found Boost: /usr/lib/x86_64-linux-gnu/cmake/Boost-1.83.0/BoostConfig.cmake (found version "1.83.0") found components: system filesystem date_time program_options thread 
[14.315s] -- Found moveit_kinematics: 2.12.3 (/opt/ros/jazzy/share/moveit_kinematics/cmake)
[14.322s] -- Found Boost: /usr/lib/x86_64-linux-gnu/cmake/Boost-1.83.0/BoostConfig.cmake (found version "1.83.0") found components: program_options system 
[14.376s] -- Found moveit_planners_ompl: 2.12.3 (/opt/ros/jazzy/share/moveit_planners_ompl/cmake)
[14.396s] -- Found moveit_ros_visualization: 2.12.3 (/opt/ros/jazzy/share/moveit_ros_visualization/cmake)
[14.404s] -- Found Boost: /usr/lib/x86_64-linux-gnu/cmake/Boost-1.83.0/BoostConfig.cmake (found version "1.83.0") found components: thread date_time system filesystem 
[14.498s] -- Setting OGRE_DIR to: '/opt/ros/jazzy/share/rviz_ogre_vendor/cmake/../../../opt/rviz_ogre_vendor/lib/OGRE/cmake'
[14.501s] -- Found OGRE
[14.501s] --   static     : OFF
[14.501s] --   components : MeshLodGenerator;Overlay;Paging;Property;RTShaderSystem;Terrain;Volume
[14.501s] --   plugins    : Plugin_BSPSceneManager;Plugin_OctreeSceneManager;Plugin_PCZSceneManager;Plugin_ParticleFX;RenderSystem_GL;RenderSystem_GL3Plus;Codec_STBI
[14.502s] --   media      : /opt/ros/jazzy/opt/rviz_ogre_vendor/share/OGRE/Media
[14.502s] -- OGRE_LIBRARIES: OgreMeshLodGenerator;OgreOverlay;OgrePaging;OgreProperty;OgreRTShaderSystem;OgreTerrain;OgreVolume;OgreMain
[14.502s] -- OGRE_LIBRARY_DIRS: /opt/ros/jazzy/opt/rviz_ogre_vendor/lib
[14.503s] -- OGRE_PLUGINS: Plugin_BSPSceneManager;Plugin_OctreeSceneManager;Plugin_PCZSceneManager;Plugin_ParticleFX;RenderSystem_GL;RenderSystem_GL3Plus;Codec_STBI
[14.503s] -- OGRE_PLUGIN_DIR: /opt/ros/jazzy/opt/rviz_ogre_vendor/lib/OGRE
[14.503s] -- rviz_ogre_vendor::OgreOverlay for IMPORTED_LOCATION_RELEASE: /opt/ros/jazzy/opt/rviz_ogre_vendor/lib/libOgreOverlay.so
[14.503s] -- rviz_ogre_vendor::OgreOverlay for IMPORTED_LOCATION_DEBUG: /opt/ros/jazzy/opt/rviz_ogre_vendor/lib/libOgreOverlay.so
[14.503s] -- rviz_ogre_vendor::OgreMain for IMPORTED_LOCATION_RELEASE: /opt/ros/jazzy/opt/rviz_ogre_vendor/lib/libOgreMain.so
[14.503s] -- rviz_ogre_vendor::OgreMain for IMPORTED_LOCATION_DEBUG: /opt/ros/jazzy/opt/rviz_ogre_vendor/lib/libOgreMain.so
[24.320s] -- Found ZLIB: /usr/lib/x86_64-linux-gnu/libz.so (found version "1.3")  
[27.116s] -- Found OpenGL: /usr/lib/x86_64-linux-gnu/libOpenGL.so   
[37.719s] -- Found X11: /usr/include   
[37.719s] -- Looking for XOpenDisplay in /usr/lib/x86_64-linux-gnu/libX11.so;/usr/lib/x86_64-linux-gnu/libXext.so
[38.083s] -- Looking for XOpenDisplay in /usr/lib/x86_64-linux-gnu/libX11.so;/usr/lib/x86_64-linux-gnu/libXext.so - found
[38.083s] -- Looking for gethostbyname
[38.403s] -- Looking for gethostbyname - found
[38.403s] -- Looking for connect
[38.734s] -- Looking for connect - found
[38.734s] -- Looking for remove
[39.054s] -- Looking for remove - found
[39.054s] -- Looking for shmat
[39.324s] -- Looking for shmat - found
[39.324s] -- Looking for IceConnectionNumber in ICE
[39.603s] -- Looking for IceConnectionNumber in ICE - found
[39.835s] -- Setting yaml-cpp_DIR to: '/opt/ros/jazzy/share/yaml_cpp_vendor/cmake/../../../opt/yaml_cpp_vendor/share/cmake/yaml-cpp'
[39.972s] -- Found rviz_visual_tools: 4.1.4 (/opt/ros/jazzy/share/rviz_visual_tools/cmake)
[39.993s] -- Found ament_lint_auto: 0.17.2 (/opt/ros/jazzy/share/ament_lint_auto/cmake)
[40.116s] -- Added test 'flake8' to check Python code syntax and style conventions
[40.116s] -- Configured 'flake8' exclude dirs and/or files: 
[40.117s] -- Added test 'lint_cmake' to check CMake code style
[40.119s] -- Added test 'pep257' to check Python code against some of the docstring style conventions in PEP 257
[40.120s] -- Added test 'xmllint' to check XML markup files
[40.123s] -- Configuring done (40.1s)
[40.130s] -- Generating done (0.0s)
[40.134s] -- Build files have been written to: /home/mmaaz/ros2_ws/build/mycobot_moveit_config
[40.148s] Invoked command in '/home/mmaaz/ros2_ws/build/mycobot_moveit_config' returned '0': CMAKE_PREFIX_PATH=${CMAKE_PREFIX_PATH}:/opt/ros/jazzy /usr/bin/cmake /home/mmaaz/ros2_ws/src/mycobot_ros2/mycobot_moveit_config -DAMENT_CMAKE_SYMLINK_INSTALL=1 -DCMAKE_INSTALL_PREFIX=/home/mmaaz/ros2_ws/install/mycobot_moveit_config
[40.149s] Invoking command in '/home/mmaaz/ros2_ws/build/mycobot_moveit_config': CMAKE_PREFIX_PATH=${CMAKE_PREFIX_PATH}:/opt/ros/jazzy /usr/bin/cmake --build /home/mmaaz/ros2_ws/build/mycobot_moveit_config -- -j22 -l22
[40.195s] Invoked command in '/home/mmaaz/ros2_ws/build/mycobot_moveit_config' returned '0': CMAKE_PREFIX_PATH=${CMAKE_PREFIX_PATH}:/opt/ros/jazzy /usr/bin/cmake --build /home/mmaaz/ros2_ws/build/mycobot_moveit_config -- -j22 -l22
[40.197s] Invoking command in '/home/mmaaz/ros2_ws/build/mycobot_moveit_config': CMAKE_PREFIX_PATH=${CMAKE_PREFIX_PATH}:/opt/ros/jazzy /usr/bin/cmake --install /home/mmaaz/ros2_ws/build/mycobot_moveit_config
[40.204s] -- Install configuration: ""
[40.204s] -- Execute custom install script
[40.205s] -- Symlinking: /home/mmaaz/ros2_ws/install/mycobot_moveit_config/share/mycobot_moveit_config/config/mycobot_280/initial_positions.yaml
[40.212s] -- Symlinking: /home/mmaaz/ros2_ws/install/mycobot_moveit_config/share/mycobot_moveit_config/config/mycobot_280/joint_limits.yaml
[40.225s] -- Symlinking: /home/mmaaz/ros2_ws/install/mycobot_moveit_config/share/mycobot_moveit_config/config/mycobot_280/kinematics.yaml
[40.234s] -- Symlinking: /home/mmaaz/ros2_ws/install/mycobot_moveit_config/share/mycobot_moveit_config/config/mycobot_280/moveit_controllers.yaml
[40.244s] -- Symlinking: /home/mmaaz/ros2_ws/install/mycobot_moveit_config/share/mycobot_moveit_config/config/mycobot_280/mycobot_280.srdf
[40.251s] -- Symlinking: /home/mmaaz/ros2_ws/install/mycobot_moveit_config/share/mycobot_moveit_config/config/mycobot_280/pilz_cartesian_limits.yaml
[40.259s] -- Symlinking: /home/mmaaz/ros2_ws/install/mycobot_moveit_config/share/mycobot_moveit_config/config/mycobot_280/ros2_controllers.yaml
[40.266s] -- Symlinking: /home/mmaaz/ros2_ws/install/mycobot_moveit_config/share/mycobot_moveit_config/config/mycobot_280/ros2_controllers_template.yaml
[40.274s] -- Symlinking: /home/mmaaz/ros2_ws/install/mycobot_moveit_config/share/mycobot_moveit_config/config/ompl_planning.yaml
[40.282s] -- Symlinking: /home/mmaaz/ros2_ws/install/mycobot_moveit_config/share/mycobot_moveit_config/config/pilz_industrial_motion_planner_planning.yaml
[40.289s] -- Symlinking: /home/mmaaz/ros2_ws/install/mycobot_moveit_config/share/mycobot_moveit_config/config/stomp_planning.yaml
[40.297s] -- Symlinking: /home/mmaaz/ros2_ws/install/mycobot_moveit_config/share/mycobot_moveit_config/launch/load_ros2_controllers.launch.py
[40.306s] -- Symlinking: /home/mmaaz/ros2_ws/install/mycobot_moveit_config/share/mycobot_moveit_config/launch/move_group.launch.py
[40.319s] -- Symlinking: /home/mmaaz/ros2_ws/install/mycobot_moveit_config/share/mycobot_moveit_config/rviz/move_group.rviz
[40.327s] -- Symlinking: /home/mmaaz/ros2_ws/install/mycobot_moveit_config/share/mycobot_moveit_config/.setup_assistant
[40.336s] -- Symlinking: /home/mmaaz/ros2_ws/install/mycobot_moveit_config/share/ament_index/resource_index/package_run_dependencies/mycobot_moveit_config
[40.347s] -- Symlinking: /home/mmaaz/ros2_ws/install/mycobot_moveit_config/share/ament_index/resource_index/parent_prefix_path/mycobot_moveit_config
[40.355s] -- Symlinking: /home/mmaaz/ros2_ws/install/mycobot_moveit_config/share/mycobot_moveit_config/environment/ament_prefix_path.sh
[40.363s] -- Symlinking: /home/mmaaz/ros2_ws/install/mycobot_moveit_config/share/mycobot_moveit_config/environment/ament_prefix_path.dsv
[40.377s] -- Symlinking: /home/mmaaz/ros2_ws/install/mycobot_moveit_config/share/mycobot_moveit_config/environment/path.sh
[40.385s] -- Symlinking: /home/mmaaz/ros2_ws/install/mycobot_moveit_config/share/mycobot_moveit_config/environment/path.dsv
[40.393s] -- Symlinking: /home/mmaaz/ros2_ws/install/mycobot_moveit_config/share/mycobot_moveit_config/local_setup.bash
[40.403s] -- Symlinking: /home/mmaaz/ros2_ws/install/mycobot_moveit_config/share/mycobot_moveit_config/local_setup.sh
[40.411s] -- Symlinking: /home/mmaaz/ros2_ws/install/mycobot_moveit_config/share/mycobot_moveit_config/local_setup.zsh
[40.418s] -- Symlinking: /home/mmaaz/ros2_ws/install/mycobot_moveit_config/share/mycobot_moveit_config/local_setup.dsv
[40.426s] -- Symlinking: /home/mmaaz/ros2_ws/install/mycobot_moveit_config/share/mycobot_moveit_config/package.dsv
[40.434s] -- Symlinking: /home/mmaaz/ros2_ws/install/mycobot_moveit_config/share/ament_index/resource_index/packages/mycobot_moveit_config
[40.445s] -- Symlinking: /home/mmaaz/ros2_ws/install/mycobot_moveit_config/share/mycobot_moveit_config/cmake/mycobot_moveit_configConfig.cmake
[40.454s] -- Symlinking: /home/mmaaz/ros2_ws/install/mycobot_moveit_config/share/mycobot_moveit_config/cmake/mycobot_moveit_configConfig-version.cmake
[40.462s] -- Symlinking: /home/mmaaz/ros2_ws/install/mycobot_moveit_config/share/mycobot_moveit_config/package.xml
[40.472s] Invoked command in '/home/mmaaz/ros2_ws/build/mycobot_moveit_config' returned '0': CMAKE_PREFIX_PATH=${CMAKE_PREFIX_PATH}:/opt/ros/jazzy /usr/bin/cmake --install /home/mmaaz/ros2_ws/build/mycobot_moveit_config
