[0.842s] Invoking command in '/home/mmaaz/ros2_ws/build/mycobot_ros2': CMAKE_PREFIX_PATH=/home/mmaaz/ros2_ws/install/mycobot_system_tests:/home/mmaaz/ros2_ws/install/mycobot_moveit_config:/home/mmaaz/ros2_ws/install/mycobot_gazebo:/home/mmaaz/ros2_ws/install/mycobot_description:/home/mmaaz/ros2_ws/install/mycobot_bringup:/home/mmaaz/ros2_ws/install/warehouse_ros_mongo:/home/mmaaz/ros2_ws/install/mycobot_mtc_pick_place_demo:/home/mmaaz/ros2_ws/install/mycobot_mtc_demos:/home/mmaaz/ros2_ws/install/moveit_task_constructor_visualization:/home/mmaaz/ros2_ws/install/moveit_task_constructor_demo:/home/mmaaz/ros2_ws/install/moveit_task_constructor_capabilities:/home/mmaaz/ros2_ws/install/moveit_task_constructor_core:/home/mmaaz/ros2_ws/install/rviz_marker_tools:/home/mmaaz/ros2_ws/install/mycobot_ros2:/home/mmaaz/ros2_ws/install/mycobot_moveit_demos:/home/mmaaz/ros2_ws/install/mycobot_interfaces:/home/mmaaz/ros2_ws/install/moveit_task_constructor_msgs:/opt/ros/jazzy/opt/gz_sim_vendor:/opt/ros/jazzy/opt/gz_sensors_vendor:/opt/ros/jazzy/opt/gz_physics_vendor:/opt/ros/jazzy/opt/sdformat_vendor:/opt/ros/jazzy/opt/gz_gui_vendor:/opt/ros/jazzy/opt/gz_transport_vendor:/opt/ros/jazzy/opt/gz_rendering_vendor:/opt/ros/jazzy/opt/gz_plugin_vendor:/opt/ros/jazzy/opt/gz_fuel_tools_vendor:/opt/ros/jazzy/opt/gz_msgs_vendor:/opt/ros/jazzy/opt/gz_common_vendor:/opt/ros/jazzy/opt/gz_math_vendor:/opt/ros/jazzy/opt/gz_utils_vendor:/opt/ros/jazzy/opt/gz_tools_vendor:/opt/ros/jazzy/opt/gz_ogre_next_vendor:/opt/ros/jazzy/opt/gz_dartsim_vendor:/opt/ros/jazzy/opt/gz_cmake_vendor:/opt/ros/jazzy /usr/bin/cmake /home/mmaaz/ros2_ws/src/mycobot_ros2/mycobot_ros2 -DAMENT_CMAKE_SYMLINK_INSTALL=1 -DCMAKE_INSTALL_PREFIX=/home/mmaaz/ros2_ws/install/mycobot_ros2
[1.255s] -- The C compiler identification is GNU 13.3.0
[2.518s] -- The CXX compiler identification is GNU 13.3.0
[3.804s] -- Detecting C compiler ABI info
[4.546s] -- Detecting C compiler ABI info - done
[4.555s] -- Check for working C compiler: /usr/bin/cc - skipped
[4.556s] -- Detecting C compile features
[4.556s] -- Detecting C compile features - done
[4.921s] -- Detecting CXX compiler ABI info
[5.767s] -- Detecting CXX compiler ABI info - done
[5.778s] -- Check for working CXX compiler: /usr/bin/c++ - skipped
[5.778s] -- Detecting CXX compile features
[5.778s] -- Detecting CXX compile features - done
[5.786s] -- Found ament_cmake: 2.5.4 (/opt/ros/jazzy/share/ament_cmake/cmake)
[6.021s] -- Found Python3: /usr/bin/python3 (found version "3.12.3") found components: Interpreter 
[6.150s] -- Override CMake install command with custom implementation using symlinks instead of copying resources
[6.210s] -- Found ament_lint_auto: 0.17.2 (/opt/ros/jazzy/share/ament_lint_auto/cmake)
[6.368s] -- Added test 'lint_cmake' to check CMake code style
[6.369s] -- Added test 'xmllint' to check XML markup files
[6.372s] -- Configuring done (5.5s)
[6.376s] -- Generating done (0.0s)
[6.377s] -- Build files have been written to: /home/mmaaz/ros2_ws/build/mycobot_ros2
[6.382s] Invoked command in '/home/mmaaz/ros2_ws/build/mycobot_ros2' returned '0': CMAKE_PREFIX_PATH=/home/mmaaz/ros2_ws/install/mycobot_system_tests:/home/mmaaz/ros2_ws/install/mycobot_moveit_config:/home/mmaaz/ros2_ws/install/mycobot_gazebo:/home/mmaaz/ros2_ws/install/mycobot_description:/home/mmaaz/ros2_ws/install/mycobot_bringup:/home/mmaaz/ros2_ws/install/warehouse_ros_mongo:/home/mmaaz/ros2_ws/install/mycobot_mtc_pick_place_demo:/home/mmaaz/ros2_ws/install/mycobot_mtc_demos:/home/mmaaz/ros2_ws/install/moveit_task_constructor_visualization:/home/mmaaz/ros2_ws/install/moveit_task_constructor_demo:/home/mmaaz/ros2_ws/install/moveit_task_constructor_capabilities:/home/mmaaz/ros2_ws/install/moveit_task_constructor_core:/home/mmaaz/ros2_ws/install/rviz_marker_tools:/home/mmaaz/ros2_ws/install/mycobot_ros2:/home/mmaaz/ros2_ws/install/mycobot_moveit_demos:/home/mmaaz/ros2_ws/install/mycobot_interfaces:/home/mmaaz/ros2_ws/install/moveit_task_constructor_msgs:/opt/ros/jazzy/opt/gz_sim_vendor:/opt/ros/jazzy/opt/gz_sensors_vendor:/opt/ros/jazzy/opt/gz_physics_vendor:/opt/ros/jazzy/opt/sdformat_vendor:/opt/ros/jazzy/opt/gz_gui_vendor:/opt/ros/jazzy/opt/gz_transport_vendor:/opt/ros/jazzy/opt/gz_rendering_vendor:/opt/ros/jazzy/opt/gz_plugin_vendor:/opt/ros/jazzy/opt/gz_fuel_tools_vendor:/opt/ros/jazzy/opt/gz_msgs_vendor:/opt/ros/jazzy/opt/gz_common_vendor:/opt/ros/jazzy/opt/gz_math_vendor:/opt/ros/jazzy/opt/gz_utils_vendor:/opt/ros/jazzy/opt/gz_tools_vendor:/opt/ros/jazzy/opt/gz_ogre_next_vendor:/opt/ros/jazzy/opt/gz_dartsim_vendor:/opt/ros/jazzy/opt/gz_cmake_vendor:/opt/ros/jazzy /usr/bin/cmake /home/mmaaz/ros2_ws/src/mycobot_ros2/mycobot_ros2 -DAMENT_CMAKE_SYMLINK_INSTALL=1 -DCMAKE_INSTALL_PREFIX=/home/mmaaz/ros2_ws/install/mycobot_ros2
[6.385s] Invoking command in '/home/mmaaz/ros2_ws/build/mycobot_ros2': CMAKE_PREFIX_PATH=/home/mmaaz/ros2_ws/install/mycobot_system_tests:/home/mmaaz/ros2_ws/install/mycobot_moveit_config:/home/mmaaz/ros2_ws/install/mycobot_gazebo:/home/mmaaz/ros2_ws/install/mycobot_description:/home/mmaaz/ros2_ws/install/mycobot_bringup:/home/mmaaz/ros2_ws/install/warehouse_ros_mongo:/home/mmaaz/ros2_ws/install/mycobot_mtc_pick_place_demo:/home/mmaaz/ros2_ws/install/mycobot_mtc_demos:/home/mmaaz/ros2_ws/install/moveit_task_constructor_visualization:/home/mmaaz/ros2_ws/install/moveit_task_constructor_demo:/home/mmaaz/ros2_ws/install/moveit_task_constructor_capabilities:/home/mmaaz/ros2_ws/install/moveit_task_constructor_core:/home/mmaaz/ros2_ws/install/rviz_marker_tools:/home/mmaaz/ros2_ws/install/mycobot_ros2:/home/mmaaz/ros2_ws/install/mycobot_moveit_demos:/home/mmaaz/ros2_ws/install/mycobot_interfaces:/home/mmaaz/ros2_ws/install/moveit_task_constructor_msgs:/opt/ros/jazzy/opt/gz_sim_vendor:/opt/ros/jazzy/opt/gz_sensors_vendor:/opt/ros/jazzy/opt/gz_physics_vendor:/opt/ros/jazzy/opt/sdformat_vendor:/opt/ros/jazzy/opt/gz_gui_vendor:/opt/ros/jazzy/opt/gz_transport_vendor:/opt/ros/jazzy/opt/gz_rendering_vendor:/opt/ros/jazzy/opt/gz_plugin_vendor:/opt/ros/jazzy/opt/gz_fuel_tools_vendor:/opt/ros/jazzy/opt/gz_msgs_vendor:/opt/ros/jazzy/opt/gz_common_vendor:/opt/ros/jazzy/opt/gz_math_vendor:/opt/ros/jazzy/opt/gz_utils_vendor:/opt/ros/jazzy/opt/gz_tools_vendor:/opt/ros/jazzy/opt/gz_ogre_next_vendor:/opt/ros/jazzy/opt/gz_dartsim_vendor:/opt/ros/jazzy/opt/gz_cmake_vendor:/opt/ros/jazzy /usr/bin/cmake --build /home/mmaaz/ros2_ws/build/mycobot_ros2 -- -j22 -l22
[6.436s] Invoked command in '/home/mmaaz/ros2_ws/build/mycobot_ros2' returned '0': CMAKE_PREFIX_PATH=/home/mmaaz/ros2_ws/install/mycobot_system_tests:/home/mmaaz/ros2_ws/install/mycobot_moveit_config:/home/mmaaz/ros2_ws/install/mycobot_gazebo:/home/mmaaz/ros2_ws/install/mycobot_description:/home/mmaaz/ros2_ws/install/mycobot_bringup:/home/mmaaz/ros2_ws/install/warehouse_ros_mongo:/home/mmaaz/ros2_ws/install/mycobot_mtc_pick_place_demo:/home/mmaaz/ros2_ws/install/mycobot_mtc_demos:/home/mmaaz/ros2_ws/install/moveit_task_constructor_visualization:/home/mmaaz/ros2_ws/install/moveit_task_constructor_demo:/home/mmaaz/ros2_ws/install/moveit_task_constructor_capabilities:/home/mmaaz/ros2_ws/install/moveit_task_constructor_core:/home/mmaaz/ros2_ws/install/rviz_marker_tools:/home/mmaaz/ros2_ws/install/mycobot_ros2:/home/mmaaz/ros2_ws/install/mycobot_moveit_demos:/home/mmaaz/ros2_ws/install/mycobot_interfaces:/home/mmaaz/ros2_ws/install/moveit_task_constructor_msgs:/opt/ros/jazzy/opt/gz_sim_vendor:/opt/ros/jazzy/opt/gz_sensors_vendor:/opt/ros/jazzy/opt/gz_physics_vendor:/opt/ros/jazzy/opt/sdformat_vendor:/opt/ros/jazzy/opt/gz_gui_vendor:/opt/ros/jazzy/opt/gz_transport_vendor:/opt/ros/jazzy/opt/gz_rendering_vendor:/opt/ros/jazzy/opt/gz_plugin_vendor:/opt/ros/jazzy/opt/gz_fuel_tools_vendor:/opt/ros/jazzy/opt/gz_msgs_vendor:/opt/ros/jazzy/opt/gz_common_vendor:/opt/ros/jazzy/opt/gz_math_vendor:/opt/ros/jazzy/opt/gz_utils_vendor:/opt/ros/jazzy/opt/gz_tools_vendor:/opt/ros/jazzy/opt/gz_ogre_next_vendor:/opt/ros/jazzy/opt/gz_dartsim_vendor:/opt/ros/jazzy/opt/gz_cmake_vendor:/opt/ros/jazzy /usr/bin/cmake --build /home/mmaaz/ros2_ws/build/mycobot_ros2 -- -j22 -l22
[6.437s] Invoking command in '/home/mmaaz/ros2_ws/build/mycobot_ros2': CMAKE_PREFIX_PATH=/home/mmaaz/ros2_ws/install/mycobot_system_tests:/home/mmaaz/ros2_ws/install/mycobot_moveit_config:/home/mmaaz/ros2_ws/install/mycobot_gazebo:/home/mmaaz/ros2_ws/install/mycobot_description:/home/mmaaz/ros2_ws/install/mycobot_bringup:/home/mmaaz/ros2_ws/install/warehouse_ros_mongo:/home/mmaaz/ros2_ws/install/mycobot_mtc_pick_place_demo:/home/mmaaz/ros2_ws/install/mycobot_mtc_demos:/home/mmaaz/ros2_ws/install/moveit_task_constructor_visualization:/home/mmaaz/ros2_ws/install/moveit_task_constructor_demo:/home/mmaaz/ros2_ws/install/moveit_task_constructor_capabilities:/home/mmaaz/ros2_ws/install/moveit_task_constructor_core:/home/mmaaz/ros2_ws/install/rviz_marker_tools:/home/mmaaz/ros2_ws/install/mycobot_ros2:/home/mmaaz/ros2_ws/install/mycobot_moveit_demos:/home/mmaaz/ros2_ws/install/mycobot_interfaces:/home/mmaaz/ros2_ws/install/moveit_task_constructor_msgs:/opt/ros/jazzy/opt/gz_sim_vendor:/opt/ros/jazzy/opt/gz_sensors_vendor:/opt/ros/jazzy/opt/gz_physics_vendor:/opt/ros/jazzy/opt/sdformat_vendor:/opt/ros/jazzy/opt/gz_gui_vendor:/opt/ros/jazzy/opt/gz_transport_vendor:/opt/ros/jazzy/opt/gz_rendering_vendor:/opt/ros/jazzy/opt/gz_plugin_vendor:/opt/ros/jazzy/opt/gz_fuel_tools_vendor:/opt/ros/jazzy/opt/gz_msgs_vendor:/opt/ros/jazzy/opt/gz_common_vendor:/opt/ros/jazzy/opt/gz_math_vendor:/opt/ros/jazzy/opt/gz_utils_vendor:/opt/ros/jazzy/opt/gz_tools_vendor:/opt/ros/jazzy/opt/gz_ogre_next_vendor:/opt/ros/jazzy/opt/gz_dartsim_vendor:/opt/ros/jazzy/opt/gz_cmake_vendor:/opt/ros/jazzy /usr/bin/cmake --install /home/mmaaz/ros2_ws/build/mycobot_ros2
[6.445s] -- Install configuration: ""
[6.445s] -- Execute custom install script
[6.446s] -- Symlinking: /home/mmaaz/ros2_ws/install/mycobot_ros2/share/ament_index/resource_index/package_run_dependencies/mycobot_ros2
[6.456s] -- Symlinking: /home/mmaaz/ros2_ws/install/mycobot_ros2/share/ament_index/resource_index/parent_prefix_path/mycobot_ros2
[6.467s] -- Symlinking: /home/mmaaz/ros2_ws/install/mycobot_ros2/share/mycobot_ros2/environment/ament_prefix_path.sh
[6.477s] -- Symlinking: /home/mmaaz/ros2_ws/install/mycobot_ros2/share/mycobot_ros2/environment/ament_prefix_path.dsv
[6.486s] -- Symlinking: /home/mmaaz/ros2_ws/install/mycobot_ros2/share/mycobot_ros2/environment/path.sh
[6.496s] -- Symlinking: /home/mmaaz/ros2_ws/install/mycobot_ros2/share/mycobot_ros2/environment/path.dsv
[6.505s] -- Symlinking: /home/mmaaz/ros2_ws/install/mycobot_ros2/share/mycobot_ros2/local_setup.bash
[6.513s] -- Symlinking: /home/mmaaz/ros2_ws/install/mycobot_ros2/share/mycobot_ros2/local_setup.sh
[6.524s] -- Symlinking: /home/mmaaz/ros2_ws/install/mycobot_ros2/share/mycobot_ros2/local_setup.zsh
[6.533s] -- Symlinking: /home/mmaaz/ros2_ws/install/mycobot_ros2/share/mycobot_ros2/local_setup.dsv
[6.541s] -- Symlinking: /home/mmaaz/ros2_ws/install/mycobot_ros2/share/mycobot_ros2/package.dsv
[6.552s] -- Symlinking: /home/mmaaz/ros2_ws/install/mycobot_ros2/share/ament_index/resource_index/packages/mycobot_ros2
[6.562s] -- Symlinking: /home/mmaaz/ros2_ws/install/mycobot_ros2/share/mycobot_ros2/cmake/mycobot_ros2Config.cmake
[6.575s] -- Symlinking: /home/mmaaz/ros2_ws/install/mycobot_ros2/share/mycobot_ros2/cmake/mycobot_ros2Config-version.cmake
[6.584s] -- Symlinking: /home/mmaaz/ros2_ws/install/mycobot_ros2/share/mycobot_ros2/package.xml
[6.598s] Invoked command in '/home/mmaaz/ros2_ws/build/mycobot_ros2' returned '0': CMAKE_PREFIX_PATH=/home/mmaaz/ros2_ws/install/mycobot_system_tests:/home/mmaaz/ros2_ws/install/mycobot_moveit_config:/home/mmaaz/ros2_ws/install/mycobot_gazebo:/home/mmaaz/ros2_ws/install/mycobot_description:/home/mmaaz/ros2_ws/install/mycobot_bringup:/home/mmaaz/ros2_ws/install/warehouse_ros_mongo:/home/mmaaz/ros2_ws/install/mycobot_mtc_pick_place_demo:/home/mmaaz/ros2_ws/install/mycobot_mtc_demos:/home/mmaaz/ros2_ws/install/moveit_task_constructor_visualization:/home/mmaaz/ros2_ws/install/moveit_task_constructor_demo:/home/mmaaz/ros2_ws/install/moveit_task_constructor_capabilities:/home/mmaaz/ros2_ws/install/moveit_task_constructor_core:/home/mmaaz/ros2_ws/install/rviz_marker_tools:/home/mmaaz/ros2_ws/install/mycobot_ros2:/home/mmaaz/ros2_ws/install/mycobot_moveit_demos:/home/mmaaz/ros2_ws/install/mycobot_interfaces:/home/mmaaz/ros2_ws/install/moveit_task_constructor_msgs:/opt/ros/jazzy/opt/gz_sim_vendor:/opt/ros/jazzy/opt/gz_sensors_vendor:/opt/ros/jazzy/opt/gz_physics_vendor:/opt/ros/jazzy/opt/sdformat_vendor:/opt/ros/jazzy/opt/gz_gui_vendor:/opt/ros/jazzy/opt/gz_transport_vendor:/opt/ros/jazzy/opt/gz_rendering_vendor:/opt/ros/jazzy/opt/gz_plugin_vendor:/opt/ros/jazzy/opt/gz_fuel_tools_vendor:/opt/ros/jazzy/opt/gz_msgs_vendor:/opt/ros/jazzy/opt/gz_common_vendor:/opt/ros/jazzy/opt/gz_math_vendor:/opt/ros/jazzy/opt/gz_utils_vendor:/opt/ros/jazzy/opt/gz_tools_vendor:/opt/ros/jazzy/opt/gz_ogre_next_vendor:/opt/ros/jazzy/opt/gz_dartsim_vendor:/opt/ros/jazzy/opt/gz_cmake_vendor:/opt/ros/jazzy /usr/bin/cmake --install /home/mmaaz/ros2_ws/build/mycobot_ros2
