[0.060s] Invoking command in '/home/mmaaz/ros2_ws/build/warehouse_ros_mongo': CMAKE_PREFIX_PATH=${CMAKE_PREFIX_PATH}:/opt/ros/jazzy /usr/bin/cmake /home/mmaaz/ros2_ws/src/warehouse_ros_mongo -DAMENT_CMAKE_SYMLINK_INSTALL=1 -DCMAKE_INSTALL_PREFIX=/home/mmaaz/ros2_ws/install/warehouse_ros_mongo
[0.406s] -- The C compiler identification is GNU 13.3.0
[1.969s] -- The CXX compiler identification is GNU 13.3.0
[3.393s] -- Detecting C compiler ABI info
[4.007s] -- Detecting C compiler ABI info - done
[4.028s] -- Check for working C compiler: /usr/bin/cc - skipped
[4.029s] -- Detecting C compile features
[4.029s] -- Detecting C compile features - done
[4.371s] -- Detecting CXX compiler ABI info
[5.484s] -- Detecting CXX compiler ABI info - done
[5.498s] -- Check for working CXX compiler: /usr/bin/c++ - skipped
[5.499s] -- Detecting CXX compile features
[5.499s] -- Detecting CXX compile features - done
[5.504s] -- Found ament_cmake: 2.5.4 (/opt/ros/jazzy/share/ament_cmake/cmake)
[5.713s] -- Found Python3: /usr/bin/python3 (found version "3.12.3") found components: Interpreter 
[5.831s] -- Override CMake install command with custom implementation using symlinks instead of copying resources
[5.908s] -- Found rclcpp: 28.1.9 (/opt/ros/jazzy/share/rclcpp/cmake)
[6.224s] -- Found rosidl_generator_c: 4.6.5 (/opt/ros/jazzy/share/rosidl_generator_c/cmake)
[6.238s] -- Found rosidl_generator_cpp: 4.6.5 (/opt/ros/jazzy/share/rosidl_generator_cpp/cmake)
[6.252s] -- Using all available rosidl_typesupport_c: rosidl_typesupport_fastrtps_c;rosidl_typesupport_introspection_c
[6.277s] -- Using all available rosidl_typesupport_cpp: rosidl_typesupport_fastrtps_cpp;rosidl_typesupport_introspection_cpp
[6.367s] -- Found rmw_implementation_cmake: 7.3.2 (/opt/ros/jazzy/share/rmw_implementation_cmake/cmake)
[6.373s] -- Found rmw_fastrtps_cpp: 8.4.2 (/opt/ros/jazzy/share/rmw_fastrtps_cpp/cmake)
[6.472s] -- Found OpenSSL: /usr/lib/x86_64-linux-gnu/libcrypto.so (found version "3.0.13")  
[6.844s] -- Found FastRTPS: /opt/ros/jazzy/include (Required is at least version "2.13") 
[7.070s] -- Using RMW implementation 'rmw_fastrtps_cpp' as default
[7.440s] -- Found std_msgs: 5.3.6 (/opt/ros/jazzy/share/std_msgs/cmake)
[7.465s] -- Found warehouse_ros: 2.0.5 (/opt/ros/jazzy/share/warehouse_ros/cmake)
[8.040s] -- Found eigen3_cmake_module: 0.3.0 (/opt/ros/jazzy/share/eigen3_cmake_module/cmake)
[8.041s] -- Found Eigen3: TRUE (found version "3.4.0") 
[8.041s] -- Ensuring Eigen3 include directory is part of orocos-kdl CMake target
[8.502s] -- Found MONGODB: /usr/include, /usr/lib/x86_64-linux-gnu/libmongoclient.so
[8.502s] -- MONGODB using new interface: YES
[8.503s] -- Found MONGODB: /usr/lib/x86_64-linux-gnu/libmongoclient.so  
[8.528s] -- Found rclpy: 7.1.4 (/opt/ros/jazzy/share/rclpy/cmake)
[9.099s] -- Found Boost: /usr/lib/x86_64-linux-gnu/cmake/Boost-1.83.0/BoostConfig.cmake (found version "1.83.0") found components: system filesystem thread 
[9.100s] -- Looking for C++ include mongo/version.h
[9.999s] -- Looking for C++ include mongo/version.h - found
[10.278s] -- Found launch_testing_ament_cmake: 3.4.4 (/opt/ros/jazzy/share/launch_testing_ament_cmake/cmake)
[10.287s] -- Found python_cmake_module: 0.11.1 (/opt/ros/jazzy/share/python_cmake_module/cmake)
[10.484s] -- Found PythonExtra: /usr/bin/python3  
[10.495s] -- Found ament_cmake_gtest: 2.5.4 (/opt/ros/jazzy/share/ament_cmake_gtest/cmake)
[10.520s] -- Found gtest sources under '/opt/ros/jazzy/src/gtest_vendor': C++ tests using 'Google Test' will be built
[10.521s] -- Found Threads: TRUE  
[10.521s] -- Found ament_lint_auto: 0.17.2 (/opt/ros/jazzy/share/ament_lint_auto/cmake)
[17.625s] -- Added test 'copyright' to check source files copyright and LICENSE
[17.634s] -- Configuring done (17.6s)
[17.702s] -- Generating done (0.1s)
[17.723s] -- Build files have been written to: /home/mmaaz/ros2_ws/build/warehouse_ros_mongo
[17.761s] Invoked command in '/home/mmaaz/ros2_ws/build/warehouse_ros_mongo' returned '0': CMAKE_PREFIX_PATH=${CMAKE_PREFIX_PATH}:/opt/ros/jazzy /usr/bin/cmake /home/mmaaz/ros2_ws/src/warehouse_ros_mongo -DAMENT_CMAKE_SYMLINK_INSTALL=1 -DCMAKE_INSTALL_PREFIX=/home/mmaaz/ros2_ws/install/warehouse_ros_mongo
[17.764s] Invoking command in '/home/mmaaz/ros2_ws/build/warehouse_ros_mongo': CMAKE_PREFIX_PATH=${CMAKE_PREFIX_PATH}:/opt/ros/jazzy /usr/bin/cmake --build /home/mmaaz/ros2_ws/build/warehouse_ros_mongo -- -j22 -l22
[17.885s] [ 10%] [32mBuilding CXX object CMakeFiles/warehouse_ros_mongo.dir/src/message_collection.cpp.o[0m
[17.887s] [ 20%] [32mBuilding CXX object CMakeFiles/warehouse_ros_mongo.dir/src/query_results.cpp.o[0m
[17.892s] [ 30%] [32mBuilding CXX object CMakeFiles/warehouse_ros_mongo.dir/src/database_connection.cpp.o[0m
[17.908s] [ 40%] [32mBuilding CXX object gtest/CMakeFiles/gtest.dir/src/gtest-all.cc.o[0m
[17.911s] [ 50%] [32mBuilding CXX object gtest/CMakeFiles/gtest_main.dir/src/gtest_main.cc.o[0m
[17.917s] [ 50%] Built target ament_cmake_python_symlink_warehouse_ros_mongo
[18.570s] running egg_info
[18.572s] creating warehouse_ros_mongo.egg-info
[18.632s] writing warehouse_ros_mongo.egg-info/PKG-INFO
[18.633s] writing dependency_links to warehouse_ros_mongo.egg-info/dependency_links.txt
[18.633s] writing top-level names to warehouse_ros_mongo.egg-info/top_level.txt
[18.633s] writing manifest file 'warehouse_ros_mongo.egg-info/SOURCES.txt'
[18.802s] reading manifest file 'warehouse_ros_mongo.egg-info/SOURCES.txt'
[18.803s] writing manifest file 'warehouse_ros_mongo.egg-info/SOURCES.txt'
[18.895s] [ 50%] Built target ament_cmake_python_build_warehouse_ros_mongo_egg
[21.459s] [ 60%] [32m[1mLinking CXX static library libgtest_main.a[0m
[21.758s] [ 60%] Built target gtest_main
[30.097s] [ 70%] [32m[1mLinking CXX static library libgtest.a[0m
[30.138s] [ 70%] Built target gtest
[30.389s] [ 80%] [32m[1mLinking CXX shared library libwarehouse_ros_mongo.so[0m
[30.813s] [ 80%] Built target warehouse_ros_mongo
[30.832s] [ 90%] [32mBuilding CXX object CMakeFiles/test_warehouse_ros_mongo_cpp.dir/test/test_warehouse_ros_mongo.cpp.o[0m
[37.288s] [100%] [32m[1mLinking CXX executable test_warehouse_ros_mongo_cpp[0m
[37.916s] [100%] Built target test_warehouse_ros_mongo_cpp
[37.927s] Invoked command in '/home/mmaaz/ros2_ws/build/warehouse_ros_mongo' returned '0': CMAKE_PREFIX_PATH=${CMAKE_PREFIX_PATH}:/opt/ros/jazzy /usr/bin/cmake --build /home/mmaaz/ros2_ws/build/warehouse_ros_mongo -- -j22 -l22
[37.928s] Invoking command in '/home/mmaaz/ros2_ws/build/warehouse_ros_mongo': CMAKE_PREFIX_PATH=${CMAKE_PREFIX_PATH}:/opt/ros/jazzy /usr/bin/cmake --install /home/mmaaz/ros2_ws/build/warehouse_ros_mongo
[37.939s] -- Install configuration: ""
[37.940s] -- Execute custom install script
[37.940s] -- Symlinking: /home/mmaaz/ros2_ws/install/warehouse_ros_mongo/share/warehouse_ros_mongo/environment/pythonpath.sh
[37.951s] -- Symlinking: /home/mmaaz/ros2_ws/install/warehouse_ros_mongo/share/warehouse_ros_mongo/environment/pythonpath.dsv
[37.960s] -- Symlinking: /home/mmaaz/ros2_ws/install/warehouse_ros_mongo/lib/python3.12/site-packages/warehouse_ros_mongo-2.0.3-py3.12.egg-info/PKG-INFO
[37.968s] -- Symlinking: /home/mmaaz/ros2_ws/install/warehouse_ros_mongo/lib/python3.12/site-packages/warehouse_ros_mongo-2.0.3-py3.12.egg-info/SOURCES.txt
[37.976s] -- Symlinking: /home/mmaaz/ros2_ws/install/warehouse_ros_mongo/lib/python3.12/site-packages/warehouse_ros_mongo-2.0.3-py3.12.egg-info/dependency_links.txt
[37.985s] -- Symlinking: /home/mmaaz/ros2_ws/install/warehouse_ros_mongo/lib/python3.12/site-packages/warehouse_ros_mongo-2.0.3-py3.12.egg-info/top_level.txt
[37.994s] -- Symlinking: /home/mmaaz/ros2_ws/install/warehouse_ros_mongo/lib/python3.12/site-packages/warehouse_ros_mongo/__init__.py
[38.001s] -- Symlinking: /home/mmaaz/ros2_ws/install/warehouse_ros_mongo/lib/python3.12/site-packages/warehouse_ros_mongo/mongo_wrapper_ros.py
[38.011s] -- Symlinking: /home/mmaaz/ros2_ws/install/warehouse_ros_mongo/lib/warehouse_ros_mongo/mongo_wrapper_ros.py
[38.019s] -- Symlinking: /home/mmaaz/ros2_ws/install/warehouse_ros_mongo/include/warehouse_ros_mongo/config.h
[38.030s] -- Symlinking: /home/mmaaz/ros2_ws/install/warehouse_ros_mongo/share/warehouse_ros_mongo/warehouse_ros_mongo.launch.py
[38.041s] -- Symlinking: /home/mmaaz/ros2_ws/install/warehouse_ros_mongo/share/warehouse_ros_mongo/cmake/FindMONGODB.cmake
[38.051s] -- Symlinking: /home/mmaaz/ros2_ws/install/warehouse_ros_mongo/share/warehouse_ros_mongo/environment/library_path.sh
[38.060s] -- Symlinking: /home/mmaaz/ros2_ws/install/warehouse_ros_mongo/share/warehouse_ros_mongo/environment/library_path.dsv
[38.069s] -- Symlinking: /home/mmaaz/ros2_ws/install/warehouse_ros_mongo/share/warehouse_ros_mongo//mongo_database_connection_plugin_description.xml
[38.078s] -- Symlinking: /home/mmaaz/ros2_ws/install/warehouse_ros_mongo/share/ament_index/resource_index/package_run_dependencies/warehouse_ros_mongo
[38.093s] -- Symlinking: /home/mmaaz/ros2_ws/install/warehouse_ros_mongo/share/ament_index/resource_index/parent_prefix_path/warehouse_ros_mongo
[38.101s] -- Symlinking: /home/mmaaz/ros2_ws/install/warehouse_ros_mongo/share/warehouse_ros_mongo/environment/ament_prefix_path.sh
[38.110s] -- Symlinking: /home/mmaaz/ros2_ws/install/warehouse_ros_mongo/share/warehouse_ros_mongo/environment/ament_prefix_path.dsv
[38.119s] -- Symlinking: /home/mmaaz/ros2_ws/install/warehouse_ros_mongo/share/warehouse_ros_mongo/environment/path.sh
[38.129s] -- Symlinking: /home/mmaaz/ros2_ws/install/warehouse_ros_mongo/share/warehouse_ros_mongo/environment/path.dsv
[38.137s] -- Symlinking: /home/mmaaz/ros2_ws/install/warehouse_ros_mongo/share/warehouse_ros_mongo/local_setup.bash
[38.146s] -- Symlinking: /home/mmaaz/ros2_ws/install/warehouse_ros_mongo/share/warehouse_ros_mongo/local_setup.sh
[38.154s] -- Symlinking: /home/mmaaz/ros2_ws/install/warehouse_ros_mongo/share/warehouse_ros_mongo/local_setup.zsh
[38.163s] -- Symlinking: /home/mmaaz/ros2_ws/install/warehouse_ros_mongo/share/warehouse_ros_mongo/local_setup.dsv
[38.172s] -- Symlinking: /home/mmaaz/ros2_ws/install/warehouse_ros_mongo/share/warehouse_ros_mongo/package.dsv
[38.181s] -- Symlinking: /home/mmaaz/ros2_ws/install/warehouse_ros_mongo/share/ament_index/resource_index/packages/warehouse_ros_mongo
[38.192s] -- Symlinking: /home/mmaaz/ros2_ws/install/warehouse_ros_mongo/share/ament_index/resource_index/warehouse_ros__pluginlib__plugin/warehouse_ros_mongo
[38.203s] -- Symlinking: /home/mmaaz/ros2_ws/install/warehouse_ros_mongo/share/warehouse_ros_mongo/cmake/ConfigExtras.cmake
[38.212s] -- Symlinking: /home/mmaaz/ros2_ws/install/warehouse_ros_mongo/share/warehouse_ros_mongo/cmake/ament_cmake_export_targets-extras.cmake
[38.221s] -- Symlinking: /home/mmaaz/ros2_ws/install/warehouse_ros_mongo/share/warehouse_ros_mongo/cmake/ament_cmake_export_dependencies-extras.cmake
[38.231s] -- Symlinking: /home/mmaaz/ros2_ws/install/warehouse_ros_mongo/share/warehouse_ros_mongo/cmake/warehouse_ros_mongoConfig.cmake
[38.238s] -- Symlinking: /home/mmaaz/ros2_ws/install/warehouse_ros_mongo/share/warehouse_ros_mongo/cmake/warehouse_ros_mongoConfig-version.cmake
[38.252s] -- Symlinking: /home/mmaaz/ros2_ws/install/warehouse_ros_mongo/share/warehouse_ros_mongo/package.xml
[38.307s] Listing '/home/mmaaz/ros2_ws/install/warehouse_ros_mongo/lib/python3.12/site-packages/warehouse_ros_mongo'...
[38.308s] Compiling '/home/mmaaz/ros2_ws/install/warehouse_ros_mongo/lib/python3.12/site-packages/warehouse_ros_mongo/__init__.py'...
[38.308s] Compiling '/home/mmaaz/ros2_ws/install/warehouse_ros_mongo/lib/python3.12/site-packages/warehouse_ros_mongo/mongo_wrapper_ros.py'...
[38.315s] -- Up-to-date: /home/mmaaz/ros2_ws/install/warehouse_ros_mongo/include
[38.315s] -- Installing: /home/mmaaz/ros2_ws/install/warehouse_ros_mongo/include/metadata.h
[38.315s] -- Installing: /home/mmaaz/ros2_ws/install/warehouse_ros_mongo/include/database_connection.h
[38.315s] -- Installing: /home/mmaaz/ros2_ws/install/warehouse_ros_mongo/include/message_collection.h
[38.316s] -- Installing: /home/mmaaz/ros2_ws/install/warehouse_ros_mongo/include/query_results.h
[38.316s] -- Installing: /home/mmaaz/ros2_ws/install/warehouse_ros_mongo/lib/libwarehouse_ros_mongo.so
[38.316s] -- Set non-toolchain portion of runtime path of "/home/mmaaz/ros2_ws/install/warehouse_ros_mongo/lib/libwarehouse_ros_mongo.so" to ""
[38.316s] -- Installing: /home/mmaaz/ros2_ws/install/warehouse_ros_mongo/share/warehouse_ros_mongo/cmake/export_warehouse_ros_mongoExport.cmake
[38.316s] -- Installing: /home/mmaaz/ros2_ws/install/warehouse_ros_mongo/share/warehouse_ros_mongo/cmake/export_warehouse_ros_mongoExport-noconfig.cmake
[38.318s] Invoked command in '/home/mmaaz/ros2_ws/build/warehouse_ros_mongo' returned '0': CMAKE_PREFIX_PATH=${CMAKE_PREFIX_PATH}:/opt/ros/jazzy /usr/bin/cmake --install /home/mmaaz/ros2_ws/build/warehouse_ros_mongo
