[0.601s] Invoking command in '/home/mmaaz/ros2_ws/build/moveit_task_constructor_visualization': CMAKE_MODULE_PATH=/home/mmaaz/ros2_ws/install/moveit_task_constructor_core/share/moveit_task_constructor_core/cmake:/home/mmaaz/ros2_ws/install/warehouse_ros_mongo/share/warehouse_ros_mongo/cmake CMAKE_PREFIX_PATH=/home/mmaaz/ros2_ws/install/moveit_task_constructor_core:/home/mmaaz/ros2_ws/install/rviz_marker_tools:/home/mmaaz/ros2_ws/install/moveit_task_constructor_msgs:/home/mmaaz/ros2_ws/install/warehouse_ros_mongo:/home/mmaaz/ros2_ws/install/mycobot_mtc_pick_place_demo:/home/mmaaz/ros2_ws/install/mycobot_mtc_demos:/home/mmaaz/ros2_ws/install/moveit_task_constructor_visualization:/home/mmaaz/ros2_ws/install/moveit_task_constructor_demo:/home/mmaaz/ros2_ws/install/moveit_task_constructor_capabilities:/home/mmaaz/ros2_ws/install/mycobot_ros2:/home/mmaaz/ros2_ws/install/mycobot_system_tests:/home/mmaaz/ros2_ws/install/mycobot_moveit_demos:/home/mmaaz/ros2_ws/install/mycobot_moveit_config:/home/mmaaz/ros2_ws/install/mycobot_interfaces:/home/mmaaz/ros2_ws/install/mycobot_gazebo:/home/mmaaz/ros2_ws/install/mycobot_description:/home/mmaaz/ros2_ws/install/mycobot_bringup:/opt/ros/jazzy/opt/gz_sim_vendor:/opt/ros/jazzy/opt/gz_sensors_vendor:/opt/ros/jazzy/opt/gz_physics_vendor:/opt/ros/jazzy/opt/sdformat_vendor:/opt/ros/jazzy/opt/gz_gui_vendor:/opt/ros/jazzy/opt/gz_transport_vendor:/opt/ros/jazzy/opt/gz_rendering_vendor:/opt/ros/jazzy/opt/gz_plugin_vendor:/opt/ros/jazzy/opt/gz_fuel_tools_vendor:/opt/ros/jazzy/opt/gz_msgs_vendor:/opt/ros/jazzy/opt/gz_common_vendor:/opt/ros/jazzy/opt/gz_math_vendor:/opt/ros/jazzy/opt/gz_utils_vendor:/opt/ros/jazzy/opt/gz_tools_vendor:/opt/ros/jazzy/opt/gz_ogre_next_vendor:/opt/ros/jazzy/opt/gz_dartsim_vendor:/opt/ros/jazzy/opt/gz_cmake_vendor:/opt/ros/jazzy LD_LIBRARY_PATH=/home/mmaaz/ros2_ws/install/moveit_task_constructor_core/lib:/home/mmaaz/ros2_ws/install/rviz_marker_tools/lib:/home/mmaaz/ros2_ws/install/moveit_task_constructor_msgs/lib:/home/mmaaz/ros2_ws/install/warehouse_ros_mongo/lib:/home/mmaaz/ros2_ws/install/mycobot_mtc_pick_place_demo/lib:/home/mmaaz/ros2_ws/install/moveit_task_constructor_visualization/lib:/home/mmaaz/ros2_ws/install/moveit_task_constructor_demo/lib:/home/mmaaz/ros2_ws/install/moveit_task_constructor_capabilities/lib:/home/mmaaz/ros2_ws/install/mycobot_interfaces/lib:/opt/ros/jazzy/opt/gz_sim_vendor/lib:/opt/ros/jazzy/opt/gz_sensors_vendor/lib:/opt/ros/jazzy/opt/gz_physics_vendor/lib:/opt/ros/jazzy/opt/sdformat_vendor/lib:/opt/ros/jazzy/opt/rviz_ogre_vendor/lib:/opt/ros/jazzy/lib/x86_64-linux-gnu:/opt/ros/jazzy/opt/gz_gui_vendor/lib:/opt/ros/jazzy/opt/gz_transport_vendor/lib:/opt/ros/jazzy/opt/gz_rendering_vendor/lib:/opt/ros/jazzy/opt/gz_plugin_vendor/lib:/opt/ros/jazzy/opt/gz_fuel_tools_vendor/lib:/opt/ros/jazzy/opt/gz_msgs_vendor/lib:/opt/ros/jazzy/opt/gz_common_vendor/lib:/opt/ros/jazzy/opt/gz_math_vendor/lib:/opt/ros/jazzy/opt/gz_utils_vendor/lib:/opt/ros/jazzy/opt/gz_tools_vendor/lib:/opt/ros/jazzy/opt/gz_ogre_next_vendor/lib:/opt/ros/jazzy/opt/gz_dartsim_vendor/lib:/opt/ros/jazzy/opt/gz_cmake_vendor/lib:/opt/ros/jazzy/lib PYTHONPATH=/home/mmaaz/ros2_ws/install/moveit_task_constructor_core/lib/python3.12/site-packages:/home/mmaaz/ros2_ws/install/moveit_task_constructor_msgs/lib/python3.12/site-packages:/home/mmaaz/ros2_ws/install/warehouse_ros_mongo/lib/python3.12/site-packages:/home/mmaaz/ros2_ws/install/mycobot_interfaces/lib/python3.12/site-packages:/opt/ros/jazzy/lib/python3.12/site-packages /usr/bin/cmake /home/mmaaz/ros2_ws/src/moveit_task_constructor/visualization -DAMENT_CMAKE_SYMLINK_INSTALL=1 -DCMAKE_INSTALL_PREFIX=/home/mmaaz/ros2_ws/install/moveit_task_constructor_visualization
[0.783s] -- The C compiler identification is GNU 13.3.0
[1.414s] -- The CXX compiler identification is GNU 13.3.0
[2.044s] -- Detecting C compiler ABI info
[2.524s] -- Detecting C compiler ABI info - done
[2.537s] -- Check for working C compiler: /usr/bin/cc - skipped
[2.538s] -- Detecting C compile features
[2.538s] -- Detecting C compile features - done
[2.743s] -- Detecting CXX compiler ABI info
[3.200s] -- Detecting CXX compiler ABI info - done
[3.209s] -- Check for working CXX compiler: /usr/bin/c++ - skipped
[3.209s] -- Detecting CXX compile features
[3.210s] -- Detecting CXX compile features - done
[3.214s] -- Found ament_cmake: 2.5.4 (/opt/ros/jazzy/share/ament_cmake/cmake)
[3.375s] -- Found Python3: /usr/bin/python3 (found version "3.12.3") found components: Interpreter 
[3.456s] -- Override CMake install command with custom implementation using symlinks instead of copying resources
[3.512s] -- Found Boost: /usr/lib/x86_64-linux-gnu/cmake/Boost-1.83.0/BoostConfig.cmake (found version "1.83.0")  
[3.515s] -- Found moveit_common: 2.12.3 (/opt/ros/jazzy/share/moveit_common/cmake)
[3.602s] [0mmoveit_task_constructor_visualization: You did not request a specific build type: Choosing 'Release' for maximum performance[0m
[3.605s] -- Found moveit_core: 2.12.3 (/opt/ros/jazzy/share/moveit_core/cmake)
[3.965s] -- Found Boost: /usr/lib/x86_64-linux-gnu/cmake/Boost-1.83.0/BoostConfig.cmake (found version "1.83.0") found components: chrono date_time filesystem iostreams program_options regex serialization system thread 
[6.350s] -- Found parameter_traits: 0.4.0 (/opt/ros/jazzy/share/parameter_traits/cmake)
[6.467s] -- Found rosidl_generator_c: 4.6.5 (/opt/ros/jazzy/share/rosidl_generator_c/cmake)
[6.484s] -- Found rosidl_generator_cpp: 4.6.5 (/opt/ros/jazzy/share/rosidl_generator_cpp/cmake)
[6.511s] -- Using all available rosidl_typesupport_c: rosidl_typesupport_fastrtps_c;rosidl_typesupport_introspection_c
[6.534s] -- Using all available rosidl_typesupport_cpp: rosidl_typesupport_fastrtps_cpp;rosidl_typesupport_introspection_cpp
[6.638s] -- Found rmw_implementation_cmake: 7.3.2 (/opt/ros/jazzy/share/rmw_implementation_cmake/cmake)
[6.643s] -- Found rmw_fastrtps_cpp: 8.4.2 (/opt/ros/jazzy/share/rmw_fastrtps_cpp/cmake)
[6.729s] -- Found OpenSSL: /usr/lib/x86_64-linux-gnu/libcrypto.so (found version "3.0.13")  
[7.028s] -- Found FastRTPS: /opt/ros/jazzy/include (Required is at least version "2.13") 
[7.187s] -- Using RMW implementation 'rmw_fastrtps_cpp' as default
[7.434s] -- Found rclcpp_lifecycle: 28.1.9 (/opt/ros/jazzy/share/rclcpp_lifecycle/cmake)
[7.472s] -- Found Boost: /usr/lib/x86_64-linux-gnu/cmake/Boost-1.83.0/BoostConfig.cmake (found version "1.83.0") found components: filesystem 
[7.701s] -- Found Eigen3: TRUE (found version "3.4.0") 
[7.702s] -- Ensuring Eigen3 include directory is part of orocos-kdl CMake target
[8.082s] -- Found moveit_ros_visualization: 2.12.3 (/opt/ros/jazzy/share/moveit_ros_visualization/cmake)
[8.086s] -- Found Boost: /usr/lib/x86_64-linux-gnu/cmake/Boost-1.83.0/BoostConfig.cmake (found version "1.83.0") found components: thread date_time system filesystem 
[8.108s] -- Found Boost: /usr/lib/x86_64-linux-gnu/cmake/Boost-1.83.0/BoostConfig.cmake (found version "1.83.0") found components: system filesystem date_time program_options thread chrono 
[8.160s] -- Found Boost: /usr/lib/x86_64-linux-gnu/cmake/Boost-1.83.0/BoostConfig.cmake (found version "1.83.0") found components: date_time filesystem program_options system thread 
[8.179s] -- Found Boost: /usr/lib/x86_64-linux-gnu/cmake/Boost-1.83.0/BoostConfig.cmake (found version "1.83.0") found components: thread system filesystem regex date_time program_options 
[8.209s] -- Found Boost: /usr/lib/x86_64-linux-gnu/cmake/Boost-1.83.0/BoostConfig.cmake (found version "1.83.0") found components: system filesystem date_time program_options thread 
[8.297s] -- Setting OGRE_DIR to: '/opt/ros/jazzy/share/rviz_ogre_vendor/cmake/../../../opt/rviz_ogre_vendor/lib/OGRE/cmake'
[8.298s] -- Found OGRE
[8.298s] --   static     : OFF
[8.298s] --   components : MeshLodGenerator;Overlay;Paging;Property;RTShaderSystem;Terrain;Volume
[8.298s] --   plugins    : Plugin_BSPSceneManager;Plugin_OctreeSceneManager;Plugin_PCZSceneManager;Plugin_ParticleFX;RenderSystem_GL;RenderSystem_GL3Plus;Codec_STBI
[8.298s] --   media      : /opt/ros/jazzy/opt/rviz_ogre_vendor/share/OGRE/Media
[8.299s] -- OGRE_LIBRARIES: OgreMeshLodGenerator;OgreOverlay;OgrePaging;OgreProperty;OgreRTShaderSystem;OgreTerrain;OgreVolume;OgreMain
[8.299s] -- OGRE_LIBRARY_DIRS: /opt/ros/jazzy/opt/rviz_ogre_vendor/lib
[8.299s] -- OGRE_PLUGINS: Plugin_BSPSceneManager;Plugin_OctreeSceneManager;Plugin_PCZSceneManager;Plugin_ParticleFX;RenderSystem_GL;RenderSystem_GL3Plus;Codec_STBI
[8.299s] -- OGRE_PLUGIN_DIR: /opt/ros/jazzy/opt/rviz_ogre_vendor/lib/OGRE
[8.299s] -- rviz_ogre_vendor::OgreOverlay for IMPORTED_LOCATION_RELEASE: /opt/ros/jazzy/opt/rviz_ogre_vendor/lib/libOgreOverlay.so
[8.299s] -- rviz_ogre_vendor::OgreOverlay for IMPORTED_LOCATION_DEBUG: /opt/ros/jazzy/opt/rviz_ogre_vendor/lib/libOgreOverlay.so
[8.299s] -- rviz_ogre_vendor::OgreMain for IMPORTED_LOCATION_RELEASE: /opt/ros/jazzy/opt/rviz_ogre_vendor/lib/libOgreMain.so
[8.299s] -- rviz_ogre_vendor::OgreMain for IMPORTED_LOCATION_DEBUG: /opt/ros/jazzy/opt/rviz_ogre_vendor/lib/libOgreMain.so
[12.590s] -- Found ZLIB: /usr/lib/x86_64-linux-gnu/libz.so (found version "1.3")  
[13.830s] -- Found OpenGL: /usr/lib/x86_64-linux-gnu/libOpenGL.so   
[22.666s] -- Found X11: /usr/include   
[22.666s] -- Looking for XOpenDisplay in /usr/lib/x86_64-linux-gnu/libX11.so;/usr/lib/x86_64-linux-gnu/libXext.so
[23.100s] -- Looking for XOpenDisplay in /usr/lib/x86_64-linux-gnu/libX11.so;/usr/lib/x86_64-linux-gnu/libXext.so - found
[23.100s] -- Looking for gethostbyname
[23.465s] -- Looking for gethostbyname - found
[23.465s] -- Looking for connect
[23.858s] -- Looking for connect - found
[23.858s] -- Looking for remove
[24.256s] -- Looking for remove - found
[24.256s] -- Looking for shmat
[24.608s] -- Looking for shmat - found
[24.608s] -- Looking for IceConnectionNumber in ICE
[25.019s] -- Looking for IceConnectionNumber in ICE - found
[25.313s] -- Setting yaml-cpp_DIR to: '/opt/ros/jazzy/share/yaml_cpp_vendor/cmake/../../../opt/yaml_cpp_vendor/share/cmake/yaml-cpp'
[25.464s] -- Found moveit_task_constructor_core: 0.1.3 (/home/mmaaz/ros2_ws/install/moveit_task_constructor_core/share/moveit_task_constructor_core/cmake)
[25.576s] -- Found PkgConfig: /usr/bin/pkg-config (found version "1.8.1") 
[25.577s] -- Checking for module 'yaml-0.1'
[25.592s] --   Found yaml-0.1, version 0.2.5
[25.634s] -- Found ament_cmake_gtest: 2.5.4 (/opt/ros/jazzy/share/ament_cmake_gtest/cmake)
[25.640s] -- Found ament_cmake_gmock: 2.5.4 (/opt/ros/jazzy/share/ament_cmake_gmock/cmake)
[25.647s] -- Found launch_testing_ament_cmake: 3.4.4 (/opt/ros/jazzy/share/launch_testing_ament_cmake/cmake)
[25.653s] -- Found python_cmake_module: 0.11.1 (/opt/ros/jazzy/share/python_cmake_module/cmake)
[25.817s] -- Found PythonExtra: /usr/bin/python3  
[25.821s] -- Found gtest sources under '/opt/ros/jazzy/src/gtest_vendor': C++ tests using 'Google Test' will be built
[25.827s] -- Found Threads: TRUE  
[25.833s] -- Found gmock sources under '/opt/ros/jazzy/src/gmock_vendor': C++ tests using 'Google Mock' will be built
[25.854s] -- Configuring done (25.2s)
[26.117s] -- Generating done (0.2s)
[26.158s] -- Build files have been written to: /home/mmaaz/ros2_ws/build/moveit_task_constructor_visualization
[26.189s] Invoked command in '/home/mmaaz/ros2_ws/build/moveit_task_constructor_visualization' returned '0': CMAKE_MODULE_PATH=/home/mmaaz/ros2_ws/install/moveit_task_constructor_core/share/moveit_task_constructor_core/cmake:/home/mmaaz/ros2_ws/install/warehouse_ros_mongo/share/warehouse_ros_mongo/cmake CMAKE_PREFIX_PATH=/home/mmaaz/ros2_ws/install/moveit_task_constructor_core:/home/mmaaz/ros2_ws/install/rviz_marker_tools:/home/mmaaz/ros2_ws/install/moveit_task_constructor_msgs:/home/mmaaz/ros2_ws/install/warehouse_ros_mongo:/home/mmaaz/ros2_ws/install/mycobot_mtc_pick_place_demo:/home/mmaaz/ros2_ws/install/mycobot_mtc_demos:/home/mmaaz/ros2_ws/install/moveit_task_constructor_visualization:/home/mmaaz/ros2_ws/install/moveit_task_constructor_demo:/home/mmaaz/ros2_ws/install/moveit_task_constructor_capabilities:/home/mmaaz/ros2_ws/install/mycobot_ros2:/home/mmaaz/ros2_ws/install/mycobot_system_tests:/home/mmaaz/ros2_ws/install/mycobot_moveit_demos:/home/mmaaz/ros2_ws/install/mycobot_moveit_config:/home/mmaaz/ros2_ws/install/mycobot_interfaces:/home/mmaaz/ros2_ws/install/mycobot_gazebo:/home/mmaaz/ros2_ws/install/mycobot_description:/home/mmaaz/ros2_ws/install/mycobot_bringup:/opt/ros/jazzy/opt/gz_sim_vendor:/opt/ros/jazzy/opt/gz_sensors_vendor:/opt/ros/jazzy/opt/gz_physics_vendor:/opt/ros/jazzy/opt/sdformat_vendor:/opt/ros/jazzy/opt/gz_gui_vendor:/opt/ros/jazzy/opt/gz_transport_vendor:/opt/ros/jazzy/opt/gz_rendering_vendor:/opt/ros/jazzy/opt/gz_plugin_vendor:/opt/ros/jazzy/opt/gz_fuel_tools_vendor:/opt/ros/jazzy/opt/gz_msgs_vendor:/opt/ros/jazzy/opt/gz_common_vendor:/opt/ros/jazzy/opt/gz_math_vendor:/opt/ros/jazzy/opt/gz_utils_vendor:/opt/ros/jazzy/opt/gz_tools_vendor:/opt/ros/jazzy/opt/gz_ogre_next_vendor:/opt/ros/jazzy/opt/gz_dartsim_vendor:/opt/ros/jazzy/opt/gz_cmake_vendor:/opt/ros/jazzy LD_LIBRARY_PATH=/home/mmaaz/ros2_ws/install/moveit_task_constructor_core/lib:/home/mmaaz/ros2_ws/install/rviz_marker_tools/lib:/home/mmaaz/ros2_ws/install/moveit_task_constructor_msgs/lib:/home/mmaaz/ros2_ws/install/warehouse_ros_mongo/lib:/home/mmaaz/ros2_ws/install/mycobot_mtc_pick_place_demo/lib:/home/mmaaz/ros2_ws/install/moveit_task_constructor_visualization/lib:/home/mmaaz/ros2_ws/install/moveit_task_constructor_demo/lib:/home/mmaaz/ros2_ws/install/moveit_task_constructor_capabilities/lib:/home/mmaaz/ros2_ws/install/mycobot_interfaces/lib:/opt/ros/jazzy/opt/gz_sim_vendor/lib:/opt/ros/jazzy/opt/gz_sensors_vendor/lib:/opt/ros/jazzy/opt/gz_physics_vendor/lib:/opt/ros/jazzy/opt/sdformat_vendor/lib:/opt/ros/jazzy/opt/rviz_ogre_vendor/lib:/opt/ros/jazzy/lib/x86_64-linux-gnu:/opt/ros/jazzy/opt/gz_gui_vendor/lib:/opt/ros/jazzy/opt/gz_transport_vendor/lib:/opt/ros/jazzy/opt/gz_rendering_vendor/lib:/opt/ros/jazzy/opt/gz_plugin_vendor/lib:/opt/ros/jazzy/opt/gz_fuel_tools_vendor/lib:/opt/ros/jazzy/opt/gz_msgs_vendor/lib:/opt/ros/jazzy/opt/gz_common_vendor/lib:/opt/ros/jazzy/opt/gz_math_vendor/lib:/opt/ros/jazzy/opt/gz_utils_vendor/lib:/opt/ros/jazzy/opt/gz_tools_vendor/lib:/opt/ros/jazzy/opt/gz_ogre_next_vendor/lib:/opt/ros/jazzy/opt/gz_dartsim_vendor/lib:/opt/ros/jazzy/opt/gz_cmake_vendor/lib:/opt/ros/jazzy/lib PYTHONPATH=/home/mmaaz/ros2_ws/install/moveit_task_constructor_core/lib/python3.12/site-packages:/home/mmaaz/ros2_ws/install/moveit_task_constructor_msgs/lib/python3.12/site-packages:/home/mmaaz/ros2_ws/install/warehouse_ros_mongo/lib/python3.12/site-packages:/home/mmaaz/ros2_ws/install/mycobot_interfaces/lib/python3.12/site-packages:/opt/ros/jazzy/lib/python3.12/site-packages /usr/bin/cmake /home/mmaaz/ros2_ws/src/moveit_task_constructor/visualization -DAMENT_CMAKE_SYMLINK_INSTALL=1 -DCMAKE_INSTALL_PREFIX=/home/mmaaz/ros2_ws/install/moveit_task_constructor_visualization
[26.191s] Invoking command in '/home/mmaaz/ros2_ws/build/moveit_task_constructor_visualization': CMAKE_MODULE_PATH=/home/mmaaz/ros2_ws/install/moveit_task_constructor_core/share/moveit_task_constructor_core/cmake:/home/mmaaz/ros2_ws/install/warehouse_ros_mongo/share/warehouse_ros_mongo/cmake CMAKE_PREFIX_PATH=/home/mmaaz/ros2_ws/install/moveit_task_constructor_core:/home/mmaaz/ros2_ws/install/rviz_marker_tools:/home/mmaaz/ros2_ws/install/moveit_task_constructor_msgs:/home/mmaaz/ros2_ws/install/warehouse_ros_mongo:/home/mmaaz/ros2_ws/install/mycobot_mtc_pick_place_demo:/home/mmaaz/ros2_ws/install/mycobot_mtc_demos:/home/mmaaz/ros2_ws/install/moveit_task_constructor_visualization:/home/mmaaz/ros2_ws/install/moveit_task_constructor_demo:/home/mmaaz/ros2_ws/install/moveit_task_constructor_capabilities:/home/mmaaz/ros2_ws/install/mycobot_ros2:/home/mmaaz/ros2_ws/install/mycobot_system_tests:/home/mmaaz/ros2_ws/install/mycobot_moveit_demos:/home/mmaaz/ros2_ws/install/mycobot_moveit_config:/home/mmaaz/ros2_ws/install/mycobot_interfaces:/home/mmaaz/ros2_ws/install/mycobot_gazebo:/home/mmaaz/ros2_ws/install/mycobot_description:/home/mmaaz/ros2_ws/install/mycobot_bringup:/opt/ros/jazzy/opt/gz_sim_vendor:/opt/ros/jazzy/opt/gz_sensors_vendor:/opt/ros/jazzy/opt/gz_physics_vendor:/opt/ros/jazzy/opt/sdformat_vendor:/opt/ros/jazzy/opt/gz_gui_vendor:/opt/ros/jazzy/opt/gz_transport_vendor:/opt/ros/jazzy/opt/gz_rendering_vendor:/opt/ros/jazzy/opt/gz_plugin_vendor:/opt/ros/jazzy/opt/gz_fuel_tools_vendor:/opt/ros/jazzy/opt/gz_msgs_vendor:/opt/ros/jazzy/opt/gz_common_vendor:/opt/ros/jazzy/opt/gz_math_vendor:/opt/ros/jazzy/opt/gz_utils_vendor:/opt/ros/jazzy/opt/gz_tools_vendor:/opt/ros/jazzy/opt/gz_ogre_next_vendor:/opt/ros/jazzy/opt/gz_dartsim_vendor:/opt/ros/jazzy/opt/gz_cmake_vendor:/opt/ros/jazzy LD_LIBRARY_PATH=/home/mmaaz/ros2_ws/install/moveit_task_constructor_core/lib:/home/mmaaz/ros2_ws/install/rviz_marker_tools/lib:/home/mmaaz/ros2_ws/install/moveit_task_constructor_msgs/lib:/home/mmaaz/ros2_ws/install/warehouse_ros_mongo/lib:/home/mmaaz/ros2_ws/install/mycobot_mtc_pick_place_demo/lib:/home/mmaaz/ros2_ws/install/moveit_task_constructor_visualization/lib:/home/mmaaz/ros2_ws/install/moveit_task_constructor_demo/lib:/home/mmaaz/ros2_ws/install/moveit_task_constructor_capabilities/lib:/home/mmaaz/ros2_ws/install/mycobot_interfaces/lib:/opt/ros/jazzy/opt/gz_sim_vendor/lib:/opt/ros/jazzy/opt/gz_sensors_vendor/lib:/opt/ros/jazzy/opt/gz_physics_vendor/lib:/opt/ros/jazzy/opt/sdformat_vendor/lib:/opt/ros/jazzy/opt/rviz_ogre_vendor/lib:/opt/ros/jazzy/lib/x86_64-linux-gnu:/opt/ros/jazzy/opt/gz_gui_vendor/lib:/opt/ros/jazzy/opt/gz_transport_vendor/lib:/opt/ros/jazzy/opt/gz_rendering_vendor/lib:/opt/ros/jazzy/opt/gz_plugin_vendor/lib:/opt/ros/jazzy/opt/gz_fuel_tools_vendor/lib:/opt/ros/jazzy/opt/gz_msgs_vendor/lib:/opt/ros/jazzy/opt/gz_common_vendor/lib:/opt/ros/jazzy/opt/gz_math_vendor/lib:/opt/ros/jazzy/opt/gz_utils_vendor/lib:/opt/ros/jazzy/opt/gz_tools_vendor/lib:/opt/ros/jazzy/opt/gz_ogre_next_vendor/lib:/opt/ros/jazzy/opt/gz_dartsim_vendor/lib:/opt/ros/jazzy/opt/gz_cmake_vendor/lib:/opt/ros/jazzy/lib PYTHONPATH=/home/mmaaz/ros2_ws/install/moveit_task_constructor_core/lib/python3.12/site-packages:/home/mmaaz/ros2_ws/install/moveit_task_constructor_msgs/lib/python3.12/site-packages:/home/mmaaz/ros2_ws/install/warehouse_ros_mongo/lib/python3.12/site-packages:/home/mmaaz/ros2_ws/install/mycobot_interfaces/lib/python3.12/site-packages:/opt/ros/jazzy/lib/python3.12/site-packages /usr/bin/cmake --build /home/mmaaz/ros2_ws/build/moveit_task_constructor_visualization -- -j22 -l22
[26.242s] [  0%] Built target gmock_main_autogen_timestamp_deps
[26.244s] [  0%] Built target motion_planning_tasks_properties_autogen_timestamp_deps
[26.245s] [  0%] Built target moveit_task_visualization_tools_autogen_timestamp_deps
[26.246s] [  0%] Built target gtest_main_autogen_timestamp_deps
[26.249s] [  0%] Built target motion_planning_tasks_utils_autogen_timestamp_deps
[26.255s] [  0%] Built target gtest_autogen_timestamp_deps
[26.256s] [  0%] Built target gmock_autogen_timestamp_deps
[26.266s] [  1%] [34m[1mAutomatic MOC for target gtest_main[0m
[26.266s] [  2%] [34m[1mAutomatic MOC for target gmock_main[0m
[26.267s] [  3%] [34m[1mAutomatic MOC for target motion_planning_tasks_properties[0m
[26.269s] [  5%] [34m[1mAutomatic MOC for target moveit_task_visualization_tools[0m
[26.271s] [  6%] [34m[1mAutomatic MOC for target motion_planning_tasks_utils[0m
[26.280s] [  7%] [34m[1mAutomatic MOC for target gtest[0m
[26.284s] [  9%] [34m[1mAutomatic MOC for target gmock[0m
[26.313s] [  9%] Built target gmock_main_autogen
[26.313s] [  9%] Built target motion_planning_tasks_properties_autogen
[26.316s] [  9%] Built target gtest_main_autogen
[26.323s] [  9%] Built target gtest_autogen
[26.339s] [ 11%] Built target gmock_autogen
[26.339s] [ 11%] [32mBuilding CXX object gmock/CMakeFiles/gmock_main.dir/gmock_main_autogen/mocs_compilation.cpp.o[0m
[26.339s] [ 11%] [32mBuilding CXX object gmock/CMakeFiles/gmock_main.dir/src/gmock_main.cc.o[0m
[26.342s] [ 14%] [32mBuilding CXX object gtest/CMakeFiles/gtest_main.dir/gtest_main_autogen/mocs_compilation.cpp.o[0m
[26.343s] [ 14%] [32mBuilding CXX object gtest/CMakeFiles/gtest_main.dir/src/gtest_main.cc.o[0m
[26.349s] [ 15%] [32mBuilding CXX object motion_planning_tasks/properties/CMakeFiles/motion_planning_tasks_properties.dir/motion_planning_tasks_properties_autogen/mocs_compilation.cpp.o[0m
[26.350s] [ 17%] [32mBuilding CXX object motion_planning_tasks/properties/CMakeFiles/motion_planning_tasks_properties.dir/property_from_yaml.cpp.o[0m
[26.351s] [ 18%] [32mBuilding CXX object motion_planning_tasks/properties/CMakeFiles/motion_planning_tasks_properties.dir/property_factory.cpp.o[0m
[26.354s] [ 19%] [32mBuilding CXX object gtest/CMakeFiles/gtest.dir/gtest_autogen/mocs_compilation.cpp.o[0m
[26.355s] [ 21%] [32mBuilding CXX object gtest/CMakeFiles/gtest.dir/src/gtest-all.cc.o[0m
[26.370s] [ 22%] [32mBuilding CXX object gmock/CMakeFiles/gmock.dir/opt/ros/jazzy/src/gtest_vendor/src/gtest-all.cc.o[0m
[26.370s] [ 23%] [32mBuilding CXX object gmock/CMakeFiles/gmock.dir/src/gmock-all.cc.o[0m
[26.371s] [ 25%] [32mBuilding CXX object gmock/CMakeFiles/gmock.dir/gmock_autogen/mocs_compilation.cpp.o[0m
[26.505s] [ 25%] Built target motion_planning_tasks_utils_autogen
[26.538s] [ 26%] [32mBuilding CXX object motion_planning_tasks/utils/CMakeFiles/motion_planning_tasks_utils.dir/motion_planning_tasks_utils_autogen/mocs_compilation.cpp.o[0m
[26.538s] [ 27%] [32mBuilding CXX object motion_planning_tasks/utils/CMakeFiles/motion_planning_tasks_utils.dir/icon.cpp.o[0m
[26.543s] [ 30%] [32mBuilding CXX object motion_planning_tasks/utils/CMakeFiles/motion_planning_tasks_utils.dir/tree_merge_proxy_model.cpp.o[0m
[26.543s] [ 30%] [32mBuilding CXX object motion_planning_tasks/utils/CMakeFiles/motion_planning_tasks_utils.dir/flat_merge_proxy_model.cpp.o[0m
[26.670s] [ 30%] Built target moveit_task_visualization_tools_autogen
[26.716s] [ 35%] [32mBuilding CXX object visualization_tools/CMakeFiles/moveit_task_visualization_tools.dir/src/display_solution.cpp.o[0m
[26.717s] [ 35%] [32mBuilding CXX object visualization_tools/CMakeFiles/moveit_task_visualization_tools.dir/src/task_solution_visualization.cpp.o[0m
[26.717s] [ 35%] [32mBuilding CXX object visualization_tools/CMakeFiles/moveit_task_visualization_tools.dir/src/task_solution_panel.cpp.o[0m
[26.717s] [ 35%] [32mBuilding CXX object visualization_tools/CMakeFiles/moveit_task_visualization_tools.dir/src/marker_visualization.cpp.o[0m
[26.717s] [ 36%] [32mBuilding CXX object visualization_tools/CMakeFiles/moveit_task_visualization_tools.dir/moveit_task_visualization_tools_autogen/mocs_compilation.cpp.o[0m
[28.433s] [ 38%] [32m[1mLinking CXX static library libgtest_main.a[0m
[28.491s] [ 39%] Built target gtest_main
[29.267s] [ 40%] [32m[1mLinking CXX static library libgmock_main.a[0m
[29.340s] [ 42%] Built target gmock_main
[31.626s] [ 43%] [32m[1mLinking CXX shared library libmotion_planning_tasks_utils.so[0m
[32.511s] [ 44%] Built target motion_planning_tasks_utils
[33.953s] [ 46%] [32m[1mLinking CXX shared library libmotion_planning_tasks_properties.so[0m
[35.005s] [ 47%] Built target motion_planning_tasks_properties
[40.597s] [ 48%] [32m[1mLinking CXX static library libgtest.a[0m
[40.641s] [ 50%] Built target gtest
[40.663s] [ 50%] Built target moveit_task_constructor_visualization-test-merge-models_autogen_timestamp_deps
[40.663s] [ 51%] [32m[1mLinking CXX static library libgmock.a[0m
[40.685s] [ 52%] [34m[1mAutomatic MOC for target moveit_task_constructor_visualization-test-merge-models[0m
[40.702s] [ 53%] Built target gmock
[40.737s] [ 53%] Built target moveit_task_constructor_visualization-test-merge-models_autogen
[40.762s] [ 56%] [32mBuilding CXX object motion_planning_tasks/test/CMakeFiles/moveit_task_constructor_visualization-test-merge-models.dir/moveit_task_constructor_visualization-test-merge-models_autogen/mocs_compilation.cpp.o[0m
[40.762s] [ 56%] [32mBuilding CXX object motion_planning_tasks/test/CMakeFiles/moveit_task_constructor_visualization-test-merge-models.dir/test_merge_models.cpp.o[0m
[43.742s] [ 57%] [32m[1mLinking CXX executable moveit_task_constructor_visualization-test-merge-models[0m
[44.280s] [ 59%] Built target moveit_task_constructor_visualization-test-merge-models
[46.355s] [ 60%] [32m[1mLinking CXX shared library libmoveit_task_visualization_tools.so[0m
[50.614s] [ 61%] Built target moveit_task_visualization_tools
[50.642s] [ 61%] Built target motion_planning_tasks_rviz_plugin_autogen_timestamp_deps
[50.667s] [ 63%] [34m[1mAutomatic MOC for target motion_planning_tasks_rviz_plugin[0m
[51.708s] [ 63%] Built target motion_planning_tasks_rviz_plugin_autogen
[51.724s] [ 64%] [34m[1mGenerating ui_global_settings.h[0m
[51.728s] [ 65%] [34m[1mGenerating ui_task_panel.h[0m
[51.728s] [ 67%] [34m[1mAutomatic RCC for resources.qrc[0m
[51.733s] [ 68%] [34m[1mGenerating ui_task_view.h[0m
[51.804s] [ 69%] [32mBuilding CXX object motion_planning_tasks/src/CMakeFiles/motion_planning_tasks_rviz_plugin.dir/job_queue.cpp.o[0m
[51.805s] [ 71%] [32mBuilding CXX object motion_planning_tasks/src/CMakeFiles/motion_planning_tasks_rviz_plugin.dir/motion_planning_tasks_rviz_plugin_autogen/mocs_compilation.cpp.o[0m
[51.805s] [ 76%] [32mBuilding CXX object motion_planning_tasks/src/CMakeFiles/motion_planning_tasks_rviz_plugin.dir/local_task_model.cpp.o[0m
[51.805s] [ 76%] [32mBuilding CXX object motion_planning_tasks/src/CMakeFiles/motion_planning_tasks_rviz_plugin.dir/factory_model.cpp.o[0m
[51.806s] [ 76%] [32mBuilding CXX object motion_planning_tasks/src/CMakeFiles/motion_planning_tasks_rviz_plugin.dir/plugin_init.cpp.o[0m
[51.806s] [ 76%] [32mBuilding CXX object motion_planning_tasks/src/CMakeFiles/motion_planning_tasks_rviz_plugin.dir/icons.cpp.o[0m
[51.807s] [ 77%] [32mBuilding CXX object motion_planning_tasks/src/CMakeFiles/motion_planning_tasks_rviz_plugin.dir/meta_task_list_model.cpp.o[0m
[51.807s] [ 78%] [32mBuilding CXX object motion_planning_tasks/src/CMakeFiles/motion_planning_tasks_rviz_plugin.dir/remote_task_model.cpp.o[0m
[51.809s] [ 80%] [32mBuilding CXX object motion_planning_tasks/src/CMakeFiles/motion_planning_tasks_rviz_plugin.dir/task_display.cpp.o[0m
[51.810s] [ 81%] [32mBuilding CXX object motion_planning_tasks/src/CMakeFiles/motion_planning_tasks_rviz_plugin.dir/task_panel.cpp.o[0m
[51.811s] [ 82%] [32mBuilding CXX object motion_planning_tasks/src/CMakeFiles/motion_planning_tasks_rviz_plugin.dir/motion_planning_tasks_rviz_plugin_autogen/EWIEGA46WW/qrc_resources.cpp.o[0m
[51.818s] [ 84%] [32mBuilding CXX object motion_planning_tasks/src/CMakeFiles/motion_planning_tasks_rviz_plugin.dir/task_list_model.cpp.o[0m
[86.274s] [ 85%] [32m[1mLinking CXX shared library libmotion_planning_tasks_rviz_plugin.so[0m
[88.781s] [ 86%] Built target motion_planning_tasks_rviz_plugin
[88.796s] [ 86%] Built target moveit_task_constructor_visualization-test-solution-models_autogen_timestamp_deps
[88.796s] [ 86%] Built target moveit_task_constructor_visualization-test-task_model_autogen_timestamp_deps
[88.813s] [ 89%] [34m[1mAutomatic MOC for target moveit_task_constructor_visualization-test-task_model[0m
[88.814s] [ 89%] [34m[1mAutomatic MOC for target moveit_task_constructor_visualization-test-solution-models[0m
[88.848s] [ 89%] Built target moveit_task_constructor_visualization-test-task_model_autogen
[88.852s] [ 89%] Built target moveit_task_constructor_visualization-test-solution-models_autogen
[88.868s] [ 92%] [32mBuilding CXX object motion_planning_tasks/test/CMakeFiles/moveit_task_constructor_visualization-test-task_model.dir/test_task_model.cpp.o[0m
[88.868s] [ 92%] [32mBuilding CXX object motion_planning_tasks/test/CMakeFiles/moveit_task_constructor_visualization-test-task_model.dir/moveit_task_constructor_visualization-test-task_model_autogen/mocs_compilation.cpp.o[0m
[88.870s] [ 93%] [32mBuilding CXX object motion_planning_tasks/test/CMakeFiles/moveit_task_constructor_visualization-test-solution-models.dir/test_solution_models.cpp.o[0m
[88.870s] [ 94%] [32mBuilding CXX object motion_planning_tasks/test/CMakeFiles/moveit_task_constructor_visualization-test-solution-models.dir/moveit_task_constructor_visualization-test-solution-models_autogen/mocs_compilation.cpp.o[0m
[95.301s] [ 96%] [32m[1mLinking CXX executable moveit_task_constructor_visualization-test-solution-models[0m
[95.738s] [ 97%] [32m[1mLinking CXX executable moveit_task_constructor_visualization-test-task_model[0m
[96.259s] [ 98%] Built target moveit_task_constructor_visualization-test-solution-models
[96.744s] [100%] Built target moveit_task_constructor_visualization-test-task_model
[96.755s] Invoked command in '/home/mmaaz/ros2_ws/build/moveit_task_constructor_visualization' returned '0': CMAKE_MODULE_PATH=/home/mmaaz/ros2_ws/install/moveit_task_constructor_core/share/moveit_task_constructor_core/cmake:/home/mmaaz/ros2_ws/install/warehouse_ros_mongo/share/warehouse_ros_mongo/cmake CMAKE_PREFIX_PATH=/home/mmaaz/ros2_ws/install/moveit_task_constructor_core:/home/mmaaz/ros2_ws/install/rviz_marker_tools:/home/mmaaz/ros2_ws/install/moveit_task_constructor_msgs:/home/mmaaz/ros2_ws/install/warehouse_ros_mongo:/home/mmaaz/ros2_ws/install/mycobot_mtc_pick_place_demo:/home/mmaaz/ros2_ws/install/mycobot_mtc_demos:/home/mmaaz/ros2_ws/install/moveit_task_constructor_visualization:/home/mmaaz/ros2_ws/install/moveit_task_constructor_demo:/home/mmaaz/ros2_ws/install/moveit_task_constructor_capabilities:/home/mmaaz/ros2_ws/install/mycobot_ros2:/home/mmaaz/ros2_ws/install/mycobot_system_tests:/home/mmaaz/ros2_ws/install/mycobot_moveit_demos:/home/mmaaz/ros2_ws/install/mycobot_moveit_config:/home/mmaaz/ros2_ws/install/mycobot_interfaces:/home/mmaaz/ros2_ws/install/mycobot_gazebo:/home/mmaaz/ros2_ws/install/mycobot_description:/home/mmaaz/ros2_ws/install/mycobot_bringup:/opt/ros/jazzy/opt/gz_sim_vendor:/opt/ros/jazzy/opt/gz_sensors_vendor:/opt/ros/jazzy/opt/gz_physics_vendor:/opt/ros/jazzy/opt/sdformat_vendor:/opt/ros/jazzy/opt/gz_gui_vendor:/opt/ros/jazzy/opt/gz_transport_vendor:/opt/ros/jazzy/opt/gz_rendering_vendor:/opt/ros/jazzy/opt/gz_plugin_vendor:/opt/ros/jazzy/opt/gz_fuel_tools_vendor:/opt/ros/jazzy/opt/gz_msgs_vendor:/opt/ros/jazzy/opt/gz_common_vendor:/opt/ros/jazzy/opt/gz_math_vendor:/opt/ros/jazzy/opt/gz_utils_vendor:/opt/ros/jazzy/opt/gz_tools_vendor:/opt/ros/jazzy/opt/gz_ogre_next_vendor:/opt/ros/jazzy/opt/gz_dartsim_vendor:/opt/ros/jazzy/opt/gz_cmake_vendor:/opt/ros/jazzy LD_LIBRARY_PATH=/home/mmaaz/ros2_ws/install/moveit_task_constructor_core/lib:/home/mmaaz/ros2_ws/install/rviz_marker_tools/lib:/home/mmaaz/ros2_ws/install/moveit_task_constructor_msgs/lib:/home/mmaaz/ros2_ws/install/warehouse_ros_mongo/lib:/home/mmaaz/ros2_ws/install/mycobot_mtc_pick_place_demo/lib:/home/mmaaz/ros2_ws/install/moveit_task_constructor_visualization/lib:/home/mmaaz/ros2_ws/install/moveit_task_constructor_demo/lib:/home/mmaaz/ros2_ws/install/moveit_task_constructor_capabilities/lib:/home/mmaaz/ros2_ws/install/mycobot_interfaces/lib:/opt/ros/jazzy/opt/gz_sim_vendor/lib:/opt/ros/jazzy/opt/gz_sensors_vendor/lib:/opt/ros/jazzy/opt/gz_physics_vendor/lib:/opt/ros/jazzy/opt/sdformat_vendor/lib:/opt/ros/jazzy/opt/rviz_ogre_vendor/lib:/opt/ros/jazzy/lib/x86_64-linux-gnu:/opt/ros/jazzy/opt/gz_gui_vendor/lib:/opt/ros/jazzy/opt/gz_transport_vendor/lib:/opt/ros/jazzy/opt/gz_rendering_vendor/lib:/opt/ros/jazzy/opt/gz_plugin_vendor/lib:/opt/ros/jazzy/opt/gz_fuel_tools_vendor/lib:/opt/ros/jazzy/opt/gz_msgs_vendor/lib:/opt/ros/jazzy/opt/gz_common_vendor/lib:/opt/ros/jazzy/opt/gz_math_vendor/lib:/opt/ros/jazzy/opt/gz_utils_vendor/lib:/opt/ros/jazzy/opt/gz_tools_vendor/lib:/opt/ros/jazzy/opt/gz_ogre_next_vendor/lib:/opt/ros/jazzy/opt/gz_dartsim_vendor/lib:/opt/ros/jazzy/opt/gz_cmake_vendor/lib:/opt/ros/jazzy/lib PYTHONPATH=/home/mmaaz/ros2_ws/install/moveit_task_constructor_core/lib/python3.12/site-packages:/home/mmaaz/ros2_ws/install/moveit_task_constructor_msgs/lib/python3.12/site-packages:/home/mmaaz/ros2_ws/install/warehouse_ros_mongo/lib/python3.12/site-packages:/home/mmaaz/ros2_ws/install/mycobot_interfaces/lib/python3.12/site-packages:/opt/ros/jazzy/lib/python3.12/site-packages /usr/bin/cmake --build /home/mmaaz/ros2_ws/build/moveit_task_constructor_visualization -- -j22 -l22
[96.757s] Invoking command in '/home/mmaaz/ros2_ws/build/moveit_task_constructor_visualization': CMAKE_MODULE_PATH=/home/mmaaz/ros2_ws/install/moveit_task_constructor_core/share/moveit_task_constructor_core/cmake:/home/mmaaz/ros2_ws/install/warehouse_ros_mongo/share/warehouse_ros_mongo/cmake CMAKE_PREFIX_PATH=/home/mmaaz/ros2_ws/install/moveit_task_constructor_core:/home/mmaaz/ros2_ws/install/rviz_marker_tools:/home/mmaaz/ros2_ws/install/moveit_task_constructor_msgs:/home/mmaaz/ros2_ws/install/warehouse_ros_mongo:/home/mmaaz/ros2_ws/install/mycobot_mtc_pick_place_demo:/home/mmaaz/ros2_ws/install/mycobot_mtc_demos:/home/mmaaz/ros2_ws/install/moveit_task_constructor_visualization:/home/mmaaz/ros2_ws/install/moveit_task_constructor_demo:/home/mmaaz/ros2_ws/install/moveit_task_constructor_capabilities:/home/mmaaz/ros2_ws/install/mycobot_ros2:/home/mmaaz/ros2_ws/install/mycobot_system_tests:/home/mmaaz/ros2_ws/install/mycobot_moveit_demos:/home/mmaaz/ros2_ws/install/mycobot_moveit_config:/home/mmaaz/ros2_ws/install/mycobot_interfaces:/home/mmaaz/ros2_ws/install/mycobot_gazebo:/home/mmaaz/ros2_ws/install/mycobot_description:/home/mmaaz/ros2_ws/install/mycobot_bringup:/opt/ros/jazzy/opt/gz_sim_vendor:/opt/ros/jazzy/opt/gz_sensors_vendor:/opt/ros/jazzy/opt/gz_physics_vendor:/opt/ros/jazzy/opt/sdformat_vendor:/opt/ros/jazzy/opt/gz_gui_vendor:/opt/ros/jazzy/opt/gz_transport_vendor:/opt/ros/jazzy/opt/gz_rendering_vendor:/opt/ros/jazzy/opt/gz_plugin_vendor:/opt/ros/jazzy/opt/gz_fuel_tools_vendor:/opt/ros/jazzy/opt/gz_msgs_vendor:/opt/ros/jazzy/opt/gz_common_vendor:/opt/ros/jazzy/opt/gz_math_vendor:/opt/ros/jazzy/opt/gz_utils_vendor:/opt/ros/jazzy/opt/gz_tools_vendor:/opt/ros/jazzy/opt/gz_ogre_next_vendor:/opt/ros/jazzy/opt/gz_dartsim_vendor:/opt/ros/jazzy/opt/gz_cmake_vendor:/opt/ros/jazzy LD_LIBRARY_PATH=/home/mmaaz/ros2_ws/install/moveit_task_constructor_core/lib:/home/mmaaz/ros2_ws/install/rviz_marker_tools/lib:/home/mmaaz/ros2_ws/install/moveit_task_constructor_msgs/lib:/home/mmaaz/ros2_ws/install/warehouse_ros_mongo/lib:/home/mmaaz/ros2_ws/install/mycobot_mtc_pick_place_demo/lib:/home/mmaaz/ros2_ws/install/moveit_task_constructor_visualization/lib:/home/mmaaz/ros2_ws/install/moveit_task_constructor_demo/lib:/home/mmaaz/ros2_ws/install/moveit_task_constructor_capabilities/lib:/home/mmaaz/ros2_ws/install/mycobot_interfaces/lib:/opt/ros/jazzy/opt/gz_sim_vendor/lib:/opt/ros/jazzy/opt/gz_sensors_vendor/lib:/opt/ros/jazzy/opt/gz_physics_vendor/lib:/opt/ros/jazzy/opt/sdformat_vendor/lib:/opt/ros/jazzy/opt/rviz_ogre_vendor/lib:/opt/ros/jazzy/lib/x86_64-linux-gnu:/opt/ros/jazzy/opt/gz_gui_vendor/lib:/opt/ros/jazzy/opt/gz_transport_vendor/lib:/opt/ros/jazzy/opt/gz_rendering_vendor/lib:/opt/ros/jazzy/opt/gz_plugin_vendor/lib:/opt/ros/jazzy/opt/gz_fuel_tools_vendor/lib:/opt/ros/jazzy/opt/gz_msgs_vendor/lib:/opt/ros/jazzy/opt/gz_common_vendor/lib:/opt/ros/jazzy/opt/gz_math_vendor/lib:/opt/ros/jazzy/opt/gz_utils_vendor/lib:/opt/ros/jazzy/opt/gz_tools_vendor/lib:/opt/ros/jazzy/opt/gz_ogre_next_vendor/lib:/opt/ros/jazzy/opt/gz_dartsim_vendor/lib:/opt/ros/jazzy/opt/gz_cmake_vendor/lib:/opt/ros/jazzy/lib PYTHONPATH=/home/mmaaz/ros2_ws/install/moveit_task_constructor_core/lib/python3.12/site-packages:/home/mmaaz/ros2_ws/install/moveit_task_constructor_msgs/lib/python3.12/site-packages:/home/mmaaz/ros2_ws/install/warehouse_ros_mongo/lib/python3.12/site-packages:/home/mmaaz/ros2_ws/install/mycobot_interfaces/lib/python3.12/site-packages:/opt/ros/jazzy/lib/python3.12/site-packages /usr/bin/cmake --install /home/mmaaz/ros2_ws/build/moveit_task_constructor_visualization
[96.767s] -- Install configuration: "Release"
[96.768s] -- Execute custom install script
[96.769s] -- Symlinking: /home/mmaaz/ros2_ws/install/moveit_task_constructor_visualization/include/moveit/visualization_tools/display_solution.h
[96.776s] -- Symlinking: /home/mmaaz/ros2_ws/install/moveit_task_constructor_visualization/include/moveit/visualization_tools/marker_visualization.h
[96.784s] -- Symlinking: /home/mmaaz/ros2_ws/install/moveit_task_constructor_visualization/include/moveit/visualization_tools/task_solution_panel.h
[96.791s] -- Symlinking: /home/mmaaz/ros2_ws/install/moveit_task_constructor_visualization/include/moveit/visualization_tools/task_solution_visualization.h
[96.798s] -- Symlinking: /home/mmaaz/ros2_ws/install/moveit_task_constructor_visualization/lib/libmotion_planning_tasks_utils.so
[96.806s] -- Symlinking: /home/mmaaz/ros2_ws/install/moveit_task_constructor_visualization/share/icons/classes/Motion Planning Tasks.svg
[96.813s] -- Symlinking: /home/mmaaz/ros2_ws/install/moveit_task_constructor_visualization/share/moveit_task_constructor_visualization//motion_planning_tasks_rviz_plugin_description.xml
[96.821s] -- Symlinking: /home/mmaaz/ros2_ws/install/moveit_task_constructor_visualization/share/moveit_task_constructor_visualization/environment/library_path.sh
[96.829s] -- Symlinking: /home/mmaaz/ros2_ws/install/moveit_task_constructor_visualization/share/moveit_task_constructor_visualization/environment/library_path.dsv
[96.836s] -- Symlinking: /home/mmaaz/ros2_ws/install/moveit_task_constructor_visualization/share/ament_index/resource_index/package_run_dependencies/moveit_task_constructor_visualization
[96.845s] -- Symlinking: /home/mmaaz/ros2_ws/install/moveit_task_constructor_visualization/share/ament_index/resource_index/parent_prefix_path/moveit_task_constructor_visualization
[96.854s] -- Symlinking: /home/mmaaz/ros2_ws/install/moveit_task_constructor_visualization/share/moveit_task_constructor_visualization/environment/ament_prefix_path.sh
[96.862s] -- Symlinking: /home/mmaaz/ros2_ws/install/moveit_task_constructor_visualization/share/moveit_task_constructor_visualization/environment/ament_prefix_path.dsv
[96.870s] -- Symlinking: /home/mmaaz/ros2_ws/install/moveit_task_constructor_visualization/share/moveit_task_constructor_visualization/environment/path.sh
[96.877s] -- Symlinking: /home/mmaaz/ros2_ws/install/moveit_task_constructor_visualization/share/moveit_task_constructor_visualization/environment/path.dsv
[96.885s] -- Symlinking: /home/mmaaz/ros2_ws/install/moveit_task_constructor_visualization/share/moveit_task_constructor_visualization/local_setup.bash
[96.893s] -- Symlinking: /home/mmaaz/ros2_ws/install/moveit_task_constructor_visualization/share/moveit_task_constructor_visualization/local_setup.sh
[96.900s] -- Symlinking: /home/mmaaz/ros2_ws/install/moveit_task_constructor_visualization/share/moveit_task_constructor_visualization/local_setup.zsh
[96.908s] -- Symlinking: /home/mmaaz/ros2_ws/install/moveit_task_constructor_visualization/share/moveit_task_constructor_visualization/local_setup.dsv
[96.915s] -- Symlinking: /home/mmaaz/ros2_ws/install/moveit_task_constructor_visualization/share/moveit_task_constructor_visualization/package.dsv
[96.923s] -- Symlinking: /home/mmaaz/ros2_ws/install/moveit_task_constructor_visualization/share/ament_index/resource_index/packages/moveit_task_constructor_visualization
[96.931s] -- Symlinking: /home/mmaaz/ros2_ws/install/moveit_task_constructor_visualization/share/ament_index/resource_index/rviz_common__pluginlib__plugin/moveit_task_constructor_visualization
[96.938s] -- Symlinking: /home/mmaaz/ros2_ws/install/moveit_task_constructor_visualization/share/moveit_task_constructor_visualization/cmake/ament_cmake_export_include_directories-extras.cmake
[96.945s] -- Symlinking: /home/mmaaz/ros2_ws/install/moveit_task_constructor_visualization/share/moveit_task_constructor_visualization/cmake/ament_cmake_export_libraries-extras.cmake
[96.953s] -- Symlinking: /home/mmaaz/ros2_ws/install/moveit_task_constructor_visualization/share/moveit_task_constructor_visualization/cmake/ament_cmake_export_dependencies-extras.cmake
[96.961s] -- Symlinking: /home/mmaaz/ros2_ws/install/moveit_task_constructor_visualization/share/moveit_task_constructor_visualization/cmake/moveit_task_constructor_visualizationConfig.cmake
[96.968s] -- Symlinking: /home/mmaaz/ros2_ws/install/moveit_task_constructor_visualization/share/moveit_task_constructor_visualization/cmake/moveit_task_constructor_visualizationConfig-version.cmake
[96.976s] -- Symlinking: /home/mmaaz/ros2_ws/install/moveit_task_constructor_visualization/share/moveit_task_constructor_visualization/package.xml
[96.984s] -- Installing: /home/mmaaz/ros2_ws/install/moveit_task_constructor_visualization/lib/libmoveit_task_visualization_tools.so.0.1.3
[96.985s] -- Set non-toolchain portion of runtime path of "/home/mmaaz/ros2_ws/install/moveit_task_constructor_visualization/lib/libmoveit_task_visualization_tools.so.0.1.3" to ""
[96.985s] -- Installing: /home/mmaaz/ros2_ws/install/moveit_task_constructor_visualization/lib/libmoveit_task_visualization_tools.so
[96.985s] -- Installing: /home/mmaaz/ros2_ws/install/moveit_task_constructor_visualization/lib/libmotion_planning_tasks_properties.so
[96.985s] -- Set non-toolchain portion of runtime path of "/home/mmaaz/ros2_ws/install/moveit_task_constructor_visualization/lib/libmotion_planning_tasks_properties.so" to ""
[96.985s] -- Installing: /home/mmaaz/ros2_ws/install/moveit_task_constructor_visualization/lib/libmotion_planning_tasks_rviz_plugin.so.0.1.3
[96.988s] -- Set non-toolchain portion of runtime path of "/home/mmaaz/ros2_ws/install/moveit_task_constructor_visualization/lib/libmotion_planning_tasks_rviz_plugin.so.0.1.3" to ""
[96.988s] -- Installing: /home/mmaaz/ros2_ws/install/moveit_task_constructor_visualization/lib/libmotion_planning_tasks_rviz_plugin.so
[96.990s] Invoked command in '/home/mmaaz/ros2_ws/build/moveit_task_constructor_visualization' returned '0': CMAKE_MODULE_PATH=/home/mmaaz/ros2_ws/install/moveit_task_constructor_core/share/moveit_task_constructor_core/cmake:/home/mmaaz/ros2_ws/install/warehouse_ros_mongo/share/warehouse_ros_mongo/cmake CMAKE_PREFIX_PATH=/home/mmaaz/ros2_ws/install/moveit_task_constructor_core:/home/mmaaz/ros2_ws/install/rviz_marker_tools:/home/mmaaz/ros2_ws/install/moveit_task_constructor_msgs:/home/mmaaz/ros2_ws/install/warehouse_ros_mongo:/home/mmaaz/ros2_ws/install/mycobot_mtc_pick_place_demo:/home/mmaaz/ros2_ws/install/mycobot_mtc_demos:/home/mmaaz/ros2_ws/install/moveit_task_constructor_visualization:/home/mmaaz/ros2_ws/install/moveit_task_constructor_demo:/home/mmaaz/ros2_ws/install/moveit_task_constructor_capabilities:/home/mmaaz/ros2_ws/install/mycobot_ros2:/home/mmaaz/ros2_ws/install/mycobot_system_tests:/home/mmaaz/ros2_ws/install/mycobot_moveit_demos:/home/mmaaz/ros2_ws/install/mycobot_moveit_config:/home/mmaaz/ros2_ws/install/mycobot_interfaces:/home/mmaaz/ros2_ws/install/mycobot_gazebo:/home/mmaaz/ros2_ws/install/mycobot_description:/home/mmaaz/ros2_ws/install/mycobot_bringup:/opt/ros/jazzy/opt/gz_sim_vendor:/opt/ros/jazzy/opt/gz_sensors_vendor:/opt/ros/jazzy/opt/gz_physics_vendor:/opt/ros/jazzy/opt/sdformat_vendor:/opt/ros/jazzy/opt/gz_gui_vendor:/opt/ros/jazzy/opt/gz_transport_vendor:/opt/ros/jazzy/opt/gz_rendering_vendor:/opt/ros/jazzy/opt/gz_plugin_vendor:/opt/ros/jazzy/opt/gz_fuel_tools_vendor:/opt/ros/jazzy/opt/gz_msgs_vendor:/opt/ros/jazzy/opt/gz_common_vendor:/opt/ros/jazzy/opt/gz_math_vendor:/opt/ros/jazzy/opt/gz_utils_vendor:/opt/ros/jazzy/opt/gz_tools_vendor:/opt/ros/jazzy/opt/gz_ogre_next_vendor:/opt/ros/jazzy/opt/gz_dartsim_vendor:/opt/ros/jazzy/opt/gz_cmake_vendor:/opt/ros/jazzy LD_LIBRARY_PATH=/home/mmaaz/ros2_ws/install/moveit_task_constructor_core/lib:/home/mmaaz/ros2_ws/install/rviz_marker_tools/lib:/home/mmaaz/ros2_ws/install/moveit_task_constructor_msgs/lib:/home/mmaaz/ros2_ws/install/warehouse_ros_mongo/lib:/home/mmaaz/ros2_ws/install/mycobot_mtc_pick_place_demo/lib:/home/mmaaz/ros2_ws/install/moveit_task_constructor_visualization/lib:/home/mmaaz/ros2_ws/install/moveit_task_constructor_demo/lib:/home/mmaaz/ros2_ws/install/moveit_task_constructor_capabilities/lib:/home/mmaaz/ros2_ws/install/mycobot_interfaces/lib:/opt/ros/jazzy/opt/gz_sim_vendor/lib:/opt/ros/jazzy/opt/gz_sensors_vendor/lib:/opt/ros/jazzy/opt/gz_physics_vendor/lib:/opt/ros/jazzy/opt/sdformat_vendor/lib:/opt/ros/jazzy/opt/rviz_ogre_vendor/lib:/opt/ros/jazzy/lib/x86_64-linux-gnu:/opt/ros/jazzy/opt/gz_gui_vendor/lib:/opt/ros/jazzy/opt/gz_transport_vendor/lib:/opt/ros/jazzy/opt/gz_rendering_vendor/lib:/opt/ros/jazzy/opt/gz_plugin_vendor/lib:/opt/ros/jazzy/opt/gz_fuel_tools_vendor/lib:/opt/ros/jazzy/opt/gz_msgs_vendor/lib:/opt/ros/jazzy/opt/gz_common_vendor/lib:/opt/ros/jazzy/opt/gz_math_vendor/lib:/opt/ros/jazzy/opt/gz_utils_vendor/lib:/opt/ros/jazzy/opt/gz_tools_vendor/lib:/opt/ros/jazzy/opt/gz_ogre_next_vendor/lib:/opt/ros/jazzy/opt/gz_dartsim_vendor/lib:/opt/ros/jazzy/opt/gz_cmake_vendor/lib:/opt/ros/jazzy/lib PYTHONPATH=/home/mmaaz/ros2_ws/install/moveit_task_constructor_core/lib/python3.12/site-packages:/home/mmaaz/ros2_ws/install/moveit_task_constructor_msgs/lib/python3.12/site-packages:/home/mmaaz/ros2_ws/install/warehouse_ros_mongo/lib/python3.12/site-packages:/home/mmaaz/ros2_ws/install/mycobot_interfaces/lib/python3.12/site-packages:/opt/ros/jazzy/lib/python3.12/site-packages /usr/bin/cmake --install /home/mmaaz/ros2_ws/build/moveit_task_constructor_visualization
