[0.505s] Invoking command in '/home/mmaaz/ros2_ws/src/image_saver': PYTHONPATH=/home/mmaaz/ros2_ws/build/image_saver/prefix_override:/usr/lib/python3/dist-packages/colcon_core/task/python/colcon_distutils_commands:/home/mmaaz/ros2_ws/install/image_saver/lib/python3.12/site-packages:${PYTHONPATH} /usr/bin/python3 -W ignore:setup.py install is deprecated -W ignore:easy_install command is deprecated setup.py egg_info --egg-base ../../build/image_saver build --build-base /home/mmaaz/ros2_ws/build/image_saver/build install --record /home/mmaaz/ros2_ws/build/image_saver/install.log --single-version-externally-managed install_data
[0.678s] running egg_info
[0.690s] writing ../../build/image_saver/image_saver.egg-info/PKG-INFO
[0.690s] writing dependency_links to ../../build/image_saver/image_saver.egg-info/dependency_links.txt
[0.690s] writing entry points to ../../build/image_saver/image_saver.egg-info/entry_points.txt
[0.690s] writing requirements to ../../build/image_saver/image_saver.egg-info/requires.txt
[0.690s] writing top-level names to ../../build/image_saver/image_saver.egg-info/top_level.txt
[0.715s] reading manifest file '../../build/image_saver/image_saver.egg-info/SOURCES.txt'
[0.716s] writing manifest file '../../build/image_saver/image_saver.egg-info/SOURCES.txt'
[0.716s] running build
[0.716s] running build_py
[0.716s] copying image_saver/save_images.py -> /home/mmaaz/ros2_ws/build/image_saver/build/lib/image_saver
[0.717s] running install
[0.721s] running install_lib
[0.733s] copying /home/mmaaz/ros2_ws/build/image_saver/build/lib/image_saver/save_images.py -> /home/mmaaz/ros2_ws/install/image_saver/lib/python3.12/site-packages/image_saver
[0.733s] byte-compiling /home/mmaaz/ros2_ws/install/image_saver/lib/python3.12/site-packages/image_saver/save_images.py to save_images.cpython-312.pyc
[0.734s] running install_data
[0.734s] running install_egg_info
[0.746s] removing '/home/mmaaz/ros2_ws/install/image_saver/lib/python3.12/site-packages/image_saver-0.0.0-py3.12.egg-info' (and everything under it)
[0.746s] Copying ../../build/image_saver/image_saver.egg-info to /home/mmaaz/ros2_ws/install/image_saver/lib/python3.12/site-packages/image_saver-0.0.0-py3.12.egg-info
[0.747s] running install_scripts
[0.826s] Installing save_images script to /home/mmaaz/ros2_ws/install/image_saver/lib/image_saver
[0.826s] writing list of installed files to '/home/mmaaz/ros2_ws/build/image_saver/install.log'
[0.845s] Invoked command in '/home/mmaaz/ros2_ws/src/image_saver' returned '0': PYTHONPATH=/home/mmaaz/ros2_ws/build/image_saver/prefix_override:/usr/lib/python3/dist-packages/colcon_core/task/python/colcon_distutils_commands:/home/mmaaz/ros2_ws/install/image_saver/lib/python3.12/site-packages:${PYTHONPATH} /usr/bin/python3 -W ignore:setup.py install is deprecated -W ignore:easy_install command is deprecated setup.py egg_info --egg-base ../../build/image_saver build --build-base /home/mmaaz/ros2_ws/build/image_saver/build install --record /home/mmaaz/ros2_ws/build/image_saver/install.log --single-version-externally-managed install_data
