[0.035s] Invoking command in '/home/mmaaz/ros2_ws/build/rviz_marker_tools': CMAKE_PREFIX_PATH=${CMAKE_PREFIX_PATH}:/opt/ros/jazzy /usr/bin/cmake /home/mmaaz/ros2_ws/src/moveit_task_constructor/rviz_marker_tools -DAMENT_CMAKE_SYMLINK_INSTALL=1 -DCMAKE_INSTALL_PREFIX=/home/mmaaz/ros2_ws/install/rviz_marker_tools
[0.264s] -- The C compiler identification is GNU 13.3.0
[1.671s] -- The CXX compiler identification is GNU 13.3.0
[2.990s] -- Detecting C compiler ABI info
[3.625s] -- Detecting C compiler ABI info - done
[3.637s] -- Check for working C compiler: /usr/bin/cc - skipped
[3.637s] -- Detecting C compile features
[3.637s] -- Detecting C compile features - done
[3.926s] -- Detecting CXX compiler ABI info
[4.694s] -- Detecting CXX compiler ABI info - done
[4.711s] -- Check for working CXX compiler: /usr/bin/c++ - skipped
[4.711s] -- Detecting CXX compile features
[4.712s] -- Detecting CXX compile features - done
[4.714s] -- Found ament_cmake: 2.5.4 (/opt/ros/jazzy/share/ament_cmake/cmake)
[5.016s] -- Found Python3: /usr/bin/python3 (found version "3.12.3") found components: Interpreter 
[5.127s] -- Override CMake install command with custom implementation using symlinks instead of copying resources
[5.249s] -- Found moveit_common: 2.12.3 (/opt/ros/jazzy/share/moveit_common/cmake)
[5.389s] [0mrviz_marker_tools: You did not request a specific build type: Choosing 'Release' for maximum performance[0m
[5.391s] -- Found eigen3_cmake_module: 0.3.0 (/opt/ros/jazzy/share/eigen3_cmake_module/cmake)
[5.397s] -- Found Eigen3: TRUE (found version "3.4.0") 
[5.399s] -- Found geometry_msgs: 5.3.6 (/opt/ros/jazzy/share/geometry_msgs/cmake)
[5.651s] -- Found rosidl_generator_c: 4.6.5 (/opt/ros/jazzy/share/rosidl_generator_c/cmake)
[5.680s] -- Found rosidl_generator_cpp: 4.6.5 (/opt/ros/jazzy/share/rosidl_generator_cpp/cmake)
[5.709s] -- Using all available rosidl_typesupport_c: rosidl_typesupport_fastrtps_c;rosidl_typesupport_introspection_c
[5.738s] -- Using all available rosidl_typesupport_cpp: rosidl_typesupport_fastrtps_cpp;rosidl_typesupport_introspection_cpp
[5.829s] -- Found rclcpp: 28.1.9 (/opt/ros/jazzy/share/rclcpp/cmake)
[5.954s] -- Found rmw_implementation_cmake: 7.3.2 (/opt/ros/jazzy/share/rmw_implementation_cmake/cmake)
[5.961s] -- Found rmw_fastrtps_cpp: 8.4.2 (/opt/ros/jazzy/share/rmw_fastrtps_cpp/cmake)
[6.091s] -- Found OpenSSL: /usr/lib/x86_64-linux-gnu/libcrypto.so (found version "3.0.13")  
[6.430s] -- Found FastRTPS: /opt/ros/jazzy/include (Required is at least version "2.13") 
[6.608s] -- Using RMW implementation 'rmw_fastrtps_cpp' as default
[6.968s] -- Found tf2_eigen: 0.36.10 (/opt/ros/jazzy/share/tf2_eigen/cmake)
[7.189s] -- Found visualization_msgs: 5.3.6 (/opt/ros/jazzy/share/visualization_msgs/cmake)
[7.275s] -- Configuring done (7.2s)
[7.290s] -- Generating done (0.0s)
[7.295s] -- Build files have been written to: /home/mmaaz/ros2_ws/build/rviz_marker_tools
[7.303s] Invoked command in '/home/mmaaz/ros2_ws/build/rviz_marker_tools' returned '0': CMAKE_PREFIX_PATH=${CMAKE_PREFIX_PATH}:/opt/ros/jazzy /usr/bin/cmake /home/mmaaz/ros2_ws/src/moveit_task_constructor/rviz_marker_tools -DAMENT_CMAKE_SYMLINK_INSTALL=1 -DCMAKE_INSTALL_PREFIX=/home/mmaaz/ros2_ws/install/rviz_marker_tools
[7.305s] Invoking command in '/home/mmaaz/ros2_ws/build/rviz_marker_tools': CMAKE_PREFIX_PATH=${CMAKE_PREFIX_PATH}:/opt/ros/jazzy /usr/bin/cmake --build /home/mmaaz/ros2_ws/build/rviz_marker_tools -- -j22 -l22
[7.370s] [ 50%] [32mBuilding CXX object CMakeFiles/rviz_marker_tools.dir/src/marker_creation.cpp.o[0m
[19.300s] [100%] [32m[1mLinking CXX shared library librviz_marker_tools.so[0m
[20.820s] [100%] Built target rviz_marker_tools
[20.865s] Invoked command in '/home/mmaaz/ros2_ws/build/rviz_marker_tools' returned '0': CMAKE_PREFIX_PATH=${CMAKE_PREFIX_PATH}:/opt/ros/jazzy /usr/bin/cmake --build /home/mmaaz/ros2_ws/build/rviz_marker_tools -- -j22 -l22
[20.865s] Invoking command in '/home/mmaaz/ros2_ws/build/rviz_marker_tools': CMAKE_PREFIX_PATH=${CMAKE_PREFIX_PATH}:/opt/ros/jazzy /usr/bin/cmake --install /home/mmaaz/ros2_ws/build/rviz_marker_tools
[20.964s] -- Install configuration: "Release"
[20.988s] -- Execute custom install script
[20.990s] -- Symlinking: /home/mmaaz/ros2_ws/install/rviz_marker_tools/include/rviz_marker_tools/marker_creation.h
[21.043s] -- Symlinking: /home/mmaaz/ros2_ws/install/rviz_marker_tools/share/rviz_marker_tools/environment/library_path.sh
[21.083s] -- Symlinking: /home/mmaaz/ros2_ws/install/rviz_marker_tools/share/rviz_marker_tools/environment/library_path.dsv
[21.108s] -- Symlinking: /home/mmaaz/ros2_ws/install/rviz_marker_tools/share/ament_index/resource_index/package_run_dependencies/rviz_marker_tools
[21.197s] -- Symlinking: /home/mmaaz/ros2_ws/install/rviz_marker_tools/share/ament_index/resource_index/parent_prefix_path/rviz_marker_tools
[21.290s] -- Symlinking: /home/mmaaz/ros2_ws/install/rviz_marker_tools/share/rviz_marker_tools/environment/ament_prefix_path.sh
[21.388s] -- Symlinking: /home/mmaaz/ros2_ws/install/rviz_marker_tools/share/rviz_marker_tools/environment/ament_prefix_path.dsv
[21.422s] -- Symlinking: /home/mmaaz/ros2_ws/install/rviz_marker_tools/share/rviz_marker_tools/environment/path.sh
[21.473s] -- Symlinking: /home/mmaaz/ros2_ws/install/rviz_marker_tools/share/rviz_marker_tools/environment/path.dsv
[21.593s] -- Symlinking: /home/mmaaz/ros2_ws/install/rviz_marker_tools/share/rviz_marker_tools/local_setup.bash
[21.672s] -- Symlinking: /home/mmaaz/ros2_ws/install/rviz_marker_tools/share/rviz_marker_tools/local_setup.sh
[21.741s] -- Symlinking: /home/mmaaz/ros2_ws/install/rviz_marker_tools/share/rviz_marker_tools/local_setup.zsh
[21.782s] -- Symlinking: /home/mmaaz/ros2_ws/install/rviz_marker_tools/share/rviz_marker_tools/local_setup.dsv
[21.818s] -- Symlinking: /home/mmaaz/ros2_ws/install/rviz_marker_tools/share/rviz_marker_tools/package.dsv
[21.861s] -- Symlinking: /home/mmaaz/ros2_ws/install/rviz_marker_tools/share/ament_index/resource_index/packages/rviz_marker_tools
[21.978s] -- Symlinking: /home/mmaaz/ros2_ws/install/rviz_marker_tools/share/rviz_marker_tools/cmake/ament_cmake_export_targets-extras.cmake
[22.109s] -- Symlinking: /home/mmaaz/ros2_ws/install/rviz_marker_tools/share/rviz_marker_tools/cmake/ament_cmake_export_dependencies-extras.cmake
[22.206s] -- Symlinking: /home/mmaaz/ros2_ws/install/rviz_marker_tools/share/rviz_marker_tools/cmake/rviz_marker_toolsConfig.cmake
[22.252s] -- Symlinking: /home/mmaaz/ros2_ws/install/rviz_marker_tools/share/rviz_marker_tools/cmake/rviz_marker_toolsConfig-version.cmake
[22.295s] -- Symlinking: /home/mmaaz/ros2_ws/install/rviz_marker_tools/share/rviz_marker_tools/package.xml
[22.339s] -- Installing: /home/mmaaz/ros2_ws/install/rviz_marker_tools/lib/librviz_marker_tools.so
[22.339s] -- Set non-toolchain portion of runtime path of "/home/mmaaz/ros2_ws/install/rviz_marker_tools/lib/librviz_marker_tools.so" to ""
[22.339s] -- Installing: /home/mmaaz/ros2_ws/install/rviz_marker_tools/share/rviz_marker_tools/cmake/rviz_marker_toolsTargetsExport.cmake
[22.339s] -- Installing: /home/mmaaz/ros2_ws/install/rviz_marker_tools/share/rviz_marker_tools/cmake/rviz_marker_toolsTargetsExport-release.cmake
[22.347s] Invoked command in '/home/mmaaz/ros2_ws/build/rviz_marker_tools' returned '0': CMAKE_PREFIX_PATH=${CMAKE_PREFIX_PATH}:/opt/ros/jazzy /usr/bin/cmake --install /home/mmaaz/ros2_ws/build/rviz_marker_tools
