-- The C compiler identification is GNU 13.3.0
-- The CXX compiler identification is GNU 13.3.0
-- Detecting C compiler ABI info
-- Detecting C compiler ABI info - done
-- Check for working C compiler: /usr/bin/cc - skipped
-- Detecting C compile features
-- Detecting C compile features - done
-- Detecting CXX compiler ABI info
-- Detecting CXX compiler ABI info - done
-- Check for working CXX compiler: /usr/bin/c++ - skipped
-- Detecting CXX compile features
-- Detecting CXX compile features - done
-- Found ament_cmake: 2.5.4 (/opt/ros/jazzy/share/ament_cmake/cmake)
-- Found Python3: /usr/bin/python3 (found version "3.12.3") found components: Interpreter 
-- Override CMake install command with custom implementation using symlinks instead of copying resources
-- Found Boost: /usr/lib/x86_64-linux-gnu/cmake/Boost-1.83.0/BoostConfig.cmake (found version "1.83.0")  
-- Found geometry_msgs: 5.3.6 (/opt/ros/jazzy/share/geometry_msgs/cmake)
-- Found rosidl_generator_c: 4.6.5 (/opt/ros/jazzy/share/rosidl_generator_c/cmake)
-- Found rosidl_generator_cpp: 4.6.5 (/opt/ros/jazzy/share/rosidl_generator_cpp/cmake)
-- Using all available rosidl_typesupport_c: rosidl_typesupport_fastrtps_c;rosidl_typesupport_introspection_c
-- Using all available rosidl_typesupport_cpp: rosidl_typesupport_fastrtps_cpp;rosidl_typesupport_introspection_cpp
-- Found moveit_common: 2.12.3 (/opt/ros/jazzy/share/moveit_common/cmake)
-- Found moveit_core: 2.12.3 (/opt/ros/jazzy/share/moveit_core/cmake)
-- Found Boost: /usr/lib/x86_64-linux-gnu/cmake/Boost-1.83.0/BoostConfig.cmake (found version "1.83.0") found components: chrono date_time filesystem iostreams program_options regex serialization system thread 
-- Found parameter_traits: 0.4.0 (/opt/ros/jazzy/share/parameter_traits/cmake)
-- Found rmw_implementation_cmake: 7.3.2 (/opt/ros/jazzy/share/rmw_implementation_cmake/cmake)
-- Found rmw_fastrtps_cpp: 8.4.2 (/opt/ros/jazzy/share/rmw_fastrtps_cpp/cmake)
-- Found OpenSSL: /usr/lib/x86_64-linux-gnu/libcrypto.so (found version "3.0.13")  
-- Found FastRTPS: /opt/ros/jazzy/include (Required is at least version "2.13") 
-- Using RMW implementation 'rmw_fastrtps_cpp' as default
-- Found rclcpp_lifecycle: 28.1.9 (/opt/ros/jazzy/share/rclcpp_lifecycle/cmake)
-- Found Boost: /usr/lib/x86_64-linux-gnu/cmake/Boost-1.83.0/BoostConfig.cmake (found version "1.83.0") found components: filesystem 
-- Found Eigen3: TRUE (found version "3.4.0") 
-- Ensuring Eigen3 include directory is part of orocos-kdl CMake target
-- Found moveit_ros_planning: 2.12.3 (/opt/ros/jazzy/share/moveit_ros_planning/cmake)
-- Found Boost: /usr/lib/x86_64-linux-gnu/cmake/Boost-1.83.0/BoostConfig.cmake (found version "1.83.0") found components: system filesystem date_time program_options thread chrono 
-- Found moveit_ros_planning_interface: 2.12.3 (/opt/ros/jazzy/share/moveit_ros_planning_interface/cmake)
-- Found Boost: /usr/lib/x86_64-linux-gnu/cmake/Boost-1.83.0/BoostConfig.cmake (found version "1.83.0") found components: date_time filesystem program_options system thread 
-- Found Boost: /usr/lib/x86_64-linux-gnu/cmake/Boost-1.83.0/BoostConfig.cmake (found version "1.83.0") found components: thread system filesystem regex date_time program_options 
-- Found Boost: /usr/lib/x86_64-linux-gnu/cmake/Boost-1.83.0/BoostConfig.cmake (found version "1.83.0") found components: system filesystem date_time program_options thread 
-- Found moveit_task_constructor_msgs: 0.1.3 (/home/mmaaz/ros2_ws/install/moveit_task_constructor_msgs/share/moveit_task_constructor_msgs/cmake)
-- Found py_binding_tools: 2.0.1 (/opt/ros/jazzy/share/py_binding_tools/cmake)
-- Found rviz_marker_tools: 0.1.3 (/home/mmaaz/ros2_ws/install/rviz_marker_tools/share/rviz_marker_tools/cmake)
-- Found Python3: /usr/bin/python3 (found version "3.12.3") found components: Interpreter Development Development.Module Development.Embed 
Submodule path 'pybind11': checked out 'f4bc71f981d4eb2dd780215fd3c5a7420f1f03aa'
Submodule path '../src/scope_guard': checked out '71a04528184db1749dd08ebbbf4daf3b5dca21fd'
-- pybind11 v2.13.0 dev1
-- Found PythonInterp: /usr/bin/python3 (found suitable version "3.12.3", minimum required is "3.6") 
-- Found PythonLibs: /usr/lib/x86_64-linux-gnu/libpython3.12.so
-- Performing Test HAS_FLTO
-- Performing Test HAS_FLTO - Success
-- Found ament_cmake_pytest: 2.5.4 (/opt/ros/jazzy/share/ament_cmake_pytest/cmake)
-- Found launch_testing_ament_cmake: 3.4.4 (/opt/ros/jazzy/share/launch_testing_ament_cmake/cmake)
-- Found python_cmake_module: 0.11.1 (/opt/ros/jazzy/share/python_cmake_module/cmake)
-- Found Python3: /usr/bin/python3 (found version "3.12.3") found components: Interpreter 
-- Found PythonExtra: /usr/bin/python3  
-- Found ament_cmake_gtest: 2.5.4 (/opt/ros/jazzy/share/ament_cmake_gtest/cmake)
-- Found ament_cmake_gmock: 2.5.4 (/opt/ros/jazzy/share/ament_cmake_gmock/cmake)
-- Found launch_testing_ament_cmake: 3.4.4 (/opt/ros/jazzy/share/launch_testing_ament_cmake/cmake)
-- Found python_cmake_module: 0.11.1 (/opt/ros/jazzy/share/python_cmake_module/cmake)
-- Found gmock sources under '/opt/ros/jazzy/src/gmock_vendor': C++ tests using 'Google Mock' will be built
-- Found gtest sources under '/opt/ros/jazzy/src/gtest_vendor': C++ tests using 'Google Test' will be built
-- Found Threads: TRUE  
-- Configuring done (18.2s)
-- Generating done (0.3s)
-- Build files have been written to: /home/mmaaz/ros2_ws/build/moveit_task_constructor_core
[  2%] [32mBuilding CXX object gtest/CMakeFiles/gtest.dir/src/gtest-all.cc.o[0m
[  2%] [32mBuilding CXX object gmock/CMakeFiles/gmock.dir/opt/ros/jazzy/src/gtest_vendor/src/gtest-all.cc.o[0m
[  3%] [32mBuilding CXX object gmock/CMakeFiles/gmock.dir/src/gmock-all.cc.o[0m
[  4%] [32mBuilding CXX object gtest/CMakeFiles/gtest_main.dir/src/gtest_main.cc.o[0m
[  5%] [32mBuilding CXX object gmock/CMakeFiles/gmock_main.dir/src/gmock_main.cc.o[0m
[  6%] [32mBuilding CXX object src/CMakeFiles/moveit_task_constructor_core.dir/cost_terms.cpp.o[0m
[  8%] [32mBuilding CXX object src/CMakeFiles/moveit_task_constructor_core.dir/container.cpp.o[0m
[  9%] [32mBuilding CXX object src/CMakeFiles/moveit_task_constructor_core.dir/merge.cpp.o[0m
[ 10%] [32mBuilding CXX object src/CMakeFiles/moveit_task_constructor_core.dir/marker_tools.cpp.o[0m
[ 11%] [32mBuilding CXX object src/CMakeFiles/moveit_task_constructor_core.dir/storage.cpp.o[0m
[ 12%] [32mBuilding CXX object src/CMakeFiles/moveit_task_constructor_core.dir/properties.cpp.o[0m
[ 13%] [32mBuilding CXX object src/CMakeFiles/moveit_task_constructor_core.dir/stage.cpp.o[0m
[ 14%] [32mBuilding CXX object src/CMakeFiles/moveit_task_constructor_core.dir/task.cpp.o[0m
[ 16%] [32mBuilding CXX object src/CMakeFiles/moveit_task_constructor_core.dir/introspection.cpp.o[0m
[ 17%] [32mBuilding CXX object src/CMakeFiles/moveit_task_constructor_core.dir/utils.cpp.o[0m
[ 18%] Built target ament_cmake_python_symlink_moveit
[ 18%] [32mBuilding CXX object src/CMakeFiles/moveit_task_constructor_core.dir/solvers/planner_interface.cpp.o[0m
[ 19%] [32mBuilding CXX object src/CMakeFiles/moveit_task_constructor_core.dir/solvers/pipeline_planner.cpp.o[0m
[ 20%] [32mBuilding CXX object src/CMakeFiles/moveit_task_constructor_core.dir/solvers/cartesian_path.cpp.o[0m
[ 21%] [32mBuilding CXX object src/CMakeFiles/moveit_task_constructor_core.dir/solvers/multi_planner.cpp.o[0m
[ 22%] [32mBuilding CXX object src/CMakeFiles/moveit_task_constructor_core.dir/solvers/joint_interpolation.cpp.o[0m
running egg_info
creating moveit.egg-info
writing moveit.egg-info/PKG-INFO
writing dependency_links to moveit.egg-info/dependency_links.txt
writing top-level names to moveit.egg-info/top_level.txt
writing manifest file 'moveit.egg-info/SOURCES.txt'
reading manifest file 'moveit.egg-info/SOURCES.txt'
writing manifest file 'moveit.egg-info/SOURCES.txt'
[ 22%] Built target ament_cmake_python_build_moveit_egg
[ 24%] [32m[1mLinking CXX static library libgtest_main.a[0m
[ 24%] Built target gtest_main
[ 25%] [32m[1mLinking CXX static library libgmock_main.a[0m
[ 25%] Built target gmock_main
[ 26%] [32m[1mLinking CXX static library libgtest.a[0m
[ 26%] Built target gtest
[ 27%] [32m[1mLinking CXX static library libgmock.a[0m
[ 27%] Built target gmock
[ 28%] [32m[1mLinking CXX shared library libmoveit_task_constructor_core.so[0m
[ 28%] Built target moveit_task_constructor_core
[ 29%] [32mBuilding CXX object test/CMakeFiles/gtest_utils.dir/stage_mockups.cpp.o[0m
[ 31%] [32mBuilding CXX object src/stages/CMakeFiles/moveit_task_constructor_core_stages.dir/fixed_state.cpp.o[0m
[ 32%] [32mBuilding CXX object src/stages/CMakeFiles/moveit_task_constructor_core_stages.dir/generate_random_pose.cpp.o[0m
[ 33%] [32mBuilding CXX object src/stages/CMakeFiles/moveit_task_constructor_core_stages.dir/generate_pose.cpp.o[0m
[ 34%] [32mBuilding CXX object src/stages/CMakeFiles/moveit_task_constructor_core_stages.dir/fix_collision_objects.cpp.o[0m
[ 36%] [32mBuilding CXX object src/stages/CMakeFiles/moveit_task_constructor_core_stages.dir/passthrough.cpp.o[0m
[ 36%] [32mBuilding CXX object src/stages/CMakeFiles/moveit_task_constructor_core_stages.dir/generate_grasp_pose.cpp.o[0m
[ 37%] [32mBuilding CXX object src/stages/CMakeFiles/moveit_task_constructor_core_stages.dir/compute_ik.cpp.o[0m
[ 39%] [32mBuilding CXX object src/stages/CMakeFiles/moveit_task_constructor_core_stages.dir/fixed_cartesian_poses.cpp.o[0m
[ 40%] [32mBuilding CXX object src/stages/CMakeFiles/moveit_task_constructor_core_stages.dir/predicate_filter.cpp.o[0m
[ 41%] [32mBuilding CXX object test/CMakeFiles/gtest_utils.dir/gtest_value_printers.cpp.o[0m
[ 42%] [32mBuilding CXX object src/stages/CMakeFiles/moveit_task_constructor_core_stages.dir/move_relative.cpp.o[0m
[ 43%] [32mBuilding CXX object test/CMakeFiles/gtest_utils.dir/models.cpp.o[0m
[ 44%] [32mBuilding CXX object src/stages/CMakeFiles/moveit_task_constructor_core_stages.dir/simple_grasp.cpp.o[0m
[ 45%] [32mBuilding CXX object src/stages/CMakeFiles/moveit_task_constructor_core_stages.dir/generate_place_pose.cpp.o[0m
[ 47%] [32mBuilding CXX object src/stages/CMakeFiles/moveit_task_constructor_core_stages.dir/current_state.cpp.o[0m
[ 48%] [32mBuilding CXX object src/stages/CMakeFiles/moveit_task_constructor_core_stages.dir/move_to.cpp.o[0m
[ 49%] [32mBuilding CXX object src/stages/CMakeFiles/moveit_task_constructor_core_stages.dir/modify_planning_scene.cpp.o[0m
[ 50%] [32mBuilding CXX object src/stages/CMakeFiles/moveit_task_constructor_core_stages.dir/connect.cpp.o[0m
[ 51%] [32mBuilding CXX object src/stages/CMakeFiles/moveit_task_constructor_core_stages.dir/pick.cpp.o[0m
[ 52%] [32m[1mLinking CXX shared library libgtest_utils.so[0m
[ 52%] Built target gtest_utils
[ 54%] [32m[1mLinking CXX shared library libmoveit_task_constructor_core_stages.so[0m
[ 54%] Built target moveit_task_constructor_core_stages
[ 55%] [32mBuilding CXX object test/CMakeFiles/moveit_task_constructor_core-test-container.dir/test_container.cpp.o[0m
[ 56%] [32mBuilding CXX object python/bindings/CMakeFiles/pymoveit_mtc.dir/src/properties.cpp.o[0m
[ 57%] [32mBuilding CXX object python/bindings/CMakeFiles/pymoveit_mtc.dir/src/solvers.cpp.o[0m
[ 58%] [32mBuilding CXX object python/bindings/CMakeFiles/pymoveit_mtc.dir/src/core.cpp.o[0m
[ 60%] [32mBuilding CXX object test/CMakeFiles/moveit_task_constructor_core-test-pruning.dir/test_pruning.cpp.o[0m
[ 60%] [32mBuilding CXX object test/CMakeFiles/moveit_task_constructor_core-test-stage.dir/test_stage.cpp.o[0m
[ 62%] [32mBuilding CXX object test/CMakeFiles/moveit_task_constructor_core-test-cost-terms.dir/test_cost_terms.cpp.o[0m
[ 63%] [32mBuilding CXX object test/CMakeFiles/moveit_task_constructor_core-test-mockups.dir/test_mockups.cpp.o[0m
[ 64%] [32mBuilding CXX object src/stages/CMakeFiles/moveit_task_constructor_core_stage_plugins.dir/plugins.cpp.o[0m
[ 65%] [32mBuilding CXX object test/CMakeFiles/moveit_task_constructor_core-test-fallback.dir/test_fallback.cpp.o[0m
[ 66%] [32mBuilding CXX object test/CMakeFiles/pick_pa10.dir/pick_pa10.cpp.o[0m
[ 67%] [32mBuilding CXX object test/CMakeFiles/pick_pr2.dir/pick_pr2.cpp.o[0m
[ 68%] [32mBuilding CXX object test/CMakeFiles/pick_ur5.dir/pick_ur5.cpp.o[0m
[ 70%] [32mBuilding CXX object python/bindings/CMakeFiles/pymoveit_mtc.dir/src/module.cpp.o[0m
[ 71%] [32mBuilding CXX object test/CMakeFiles/moveit_task_constructor_core-test-serial.dir/test_serial.cpp.o[0m
[ 72%] [32mBuilding CXX object test/CMakeFiles/moveit_task_constructor_core-test-move-relative.dir/test_move_relative.cpp.o[0m
[ 73%] [32mBuilding CXX object test/CMakeFiles/moveit_task_constructor_core-test-properties.dir/test_properties.cpp.o[0m
[ 74%] [32mBuilding CXX object test/CMakeFiles/moveit_task_constructor_core-test-cost-queue.dir/test_cost_queue.cpp.o[0m
[ 75%] [32mBuilding CXX object test/CMakeFiles/moveit_task_constructor_core-test-interface-state.dir/test_interface_state.cpp.o[0m
[ 77%] [32mBuilding CXX object test/CMakeFiles/moveit_task_constructor_core-test-pipeline-planner.dir/test_pipeline_planner.cpp.o[0m
[ 78%] [32mBuilding CXX object test/CMakeFiles/moveit_task_constructor_core-test-move-to.dir/test_move_to.cpp.o[0m
[ 79%] [32mBuilding CXX object python/bindings/CMakeFiles/pymoveit_mtc.dir/src/stages.cpp.o[0m
[ 80%] [32m[1mLinking CXX executable moveit_task_constructor_core-test-properties[0m
[ 80%] Built target moveit_task_constructor_core-test-properties
[ 81%] [32m[1mLinking CXX shared library libmoveit_task_constructor_core_stage_plugins.so[0m
[ 81%] Built target moveit_task_constructor_core_stage_plugins
[ 82%] [32m[1mLinking CXX executable moveit_task_constructor_core-test-cost-queue[0m
[ 82%] Built target moveit_task_constructor_core-test-cost-queue
[ 83%] [32m[1mLinking CXX executable moveit_task_constructor_core-test-stage[0m
[ 85%] [32m[1mLinking CXX executable moveit_task_constructor_core-test-interface-state[0m
[ 85%] Built target moveit_task_constructor_core-test-stage
[ 85%] Built target moveit_task_constructor_core-test-interface-state
[ 86%] [32m[1mLinking CXX executable moveit_task_constructor_core-test-fallback[0m
[ 86%] Built target moveit_task_constructor_core-test-fallback
[ 87%] [32m[1mLinking CXX executable moveit_task_constructor_core-test-pruning[0m
[ 88%] [32m[1mLinking CXX executable pick_ur5[0m
[ 89%] [32m[1mLinking CXX executable moveit_task_constructor_core-test-move-relative[0m
[ 90%] [32m[1mLinking CXX executable moveit_task_constructor_core-test-pipeline-planner[0m
[ 90%] Built target moveit_task_constructor_core-test-pruning
[ 90%] Built target pick_ur5
[ 90%] Built target moveit_task_constructor_core-test-move-relative
[ 91%] [32m[1mLinking CXX executable moveit_task_constructor_core-test-move-to[0m
[ 91%] Built target moveit_task_constructor_core-test-pipeline-planner
[ 93%] [32m[1mLinking CXX executable moveit_task_constructor_core-test-serial[0m
[ 93%] Built target moveit_task_constructor_core-test-move-to
[ 94%] [32m[1mLinking CXX executable moveit_task_constructor_core-test-mockups[0m
[ 94%] Built target moveit_task_constructor_core-test-serial
[ 94%] Built target moveit_task_constructor_core-test-mockups
[ 95%] [32m[1mLinking CXX executable moveit_task_constructor_core-test-cost-terms[0m
[ 95%] Built target moveit_task_constructor_core-test-cost-terms
[ 96%] [32m[1mLinking CXX executable pick_pr2[0m
[ 97%] [32m[1mLinking CXX executable moveit_task_constructor_core-test-container[0m
[ 97%] Built target pick_pr2
[ 98%] [32m[1mLinking CXX executable pick_pa10[0m
[ 98%] Built target moveit_task_constructor_core-test-container
[ 98%] Built target pick_pa10
[100%] [32m[1mLinking CXX shared module pymoveit_mtc.cpython-312-x86_64-linux-gnu.so[0m
[100%] Built target pymoveit_mtc
-- Install configuration: "Release"
-- Execute custom install script
-- Symlinking: /home/mmaaz/ros2_ws/install/moveit_task_constructor_core/share/moveit_task_constructor_core/environment/pythonpath.sh
-- Symlinking: /home/mmaaz/ros2_ws/install/moveit_task_constructor_core/share/moveit_task_constructor_core/environment/pythonpath.dsv
-- Symlinking: /home/mmaaz/ros2_ws/install/moveit_task_constructor_core/lib/python3.12/site-packages/moveit-0.1.3-py3.12.egg-info/PKG-INFO
-- Symlinking: /home/mmaaz/ros2_ws/install/moveit_task_constructor_core/lib/python3.12/site-packages/moveit-0.1.3-py3.12.egg-info/SOURCES.txt
-- Symlinking: /home/mmaaz/ros2_ws/install/moveit_task_constructor_core/lib/python3.12/site-packages/moveit-0.1.3-py3.12.egg-info/dependency_links.txt
-- Symlinking: /home/mmaaz/ros2_ws/install/moveit_task_constructor_core/lib/python3.12/site-packages/moveit-0.1.3-py3.12.egg-info/top_level.txt
-- Symlinking: /home/mmaaz/ros2_ws/install/moveit_task_constructor_core/lib/python3.12/site-packages/moveit/__init__.py
-- Symlinking: /home/mmaaz/ros2_ws/install/moveit_task_constructor_core/lib/python3.12/site-packages/moveit/task_constructor/__init__.py
-- Symlinking: /home/mmaaz/ros2_ws/install/moveit_task_constructor_core/lib/python3.12/site-packages/moveit/task_constructor/core.py
-- Symlinking: /home/mmaaz/ros2_ws/install/moveit_task_constructor_core/lib/python3.12/site-packages/moveit/task_constructor/stages.py
-- Symlinking: /home/mmaaz/ros2_ws/install/moveit_task_constructor_core/include/moveit/python/pybind11/attr.h
-- Symlinking: /home/mmaaz/ros2_ws/install/moveit_task_constructor_core/include/moveit/python/pybind11/buffer_info.h
-- Symlinking: /home/mmaaz/ros2_ws/install/moveit_task_constructor_core/include/moveit/python/pybind11/cast.h
-- Symlinking: /home/mmaaz/ros2_ws/install/moveit_task_constructor_core/include/moveit/python/pybind11/chrono.h
-- Symlinking: /home/mmaaz/ros2_ws/install/moveit_task_constructor_core/include/moveit/python/pybind11/common.h
-- Symlinking: /home/mmaaz/ros2_ws/install/moveit_task_constructor_core/include/moveit/python/pybind11/complex.h
-- Symlinking: /home/mmaaz/ros2_ws/install/moveit_task_constructor_core/include/moveit/python/pybind11/detail/class.h
-- Symlinking: /home/mmaaz/ros2_ws/install/moveit_task_constructor_core/include/moveit/python/pybind11/detail/common.h
-- Symlinking: /home/mmaaz/ros2_ws/install/moveit_task_constructor_core/include/moveit/python/pybind11/detail/descr.h
-- Symlinking: /home/mmaaz/ros2_ws/install/moveit_task_constructor_core/include/moveit/python/pybind11/detail/dynamic_raw_ptr_cast_if_possible.h
-- Symlinking: /home/mmaaz/ros2_ws/install/moveit_task_constructor_core/include/moveit/python/pybind11/detail/init.h
-- Symlinking: /home/mmaaz/ros2_ws/install/moveit_task_constructor_core/include/moveit/python/pybind11/detail/internals.h
-- Symlinking: /home/mmaaz/ros2_ws/install/moveit_task_constructor_core/include/moveit/python/pybind11/detail/smart_holder_poc.h
-- Symlinking: /home/mmaaz/ros2_ws/install/moveit_task_constructor_core/include/moveit/python/pybind11/detail/smart_holder_sfinae_hooks_only.h
-- Symlinking: /home/mmaaz/ros2_ws/install/moveit_task_constructor_core/include/moveit/python/pybind11/detail/smart_holder_type_casters.h
-- Symlinking: /home/mmaaz/ros2_ws/install/moveit_task_constructor_core/include/moveit/python/pybind11/detail/type_caster_base.h
-- Symlinking: /home/mmaaz/ros2_ws/install/moveit_task_constructor_core/include/moveit/python/pybind11/detail/type_caster_odr_guard.h
-- Symlinking: /home/mmaaz/ros2_ws/install/moveit_task_constructor_core/include/moveit/python/pybind11/detail/typeid.h
-- Symlinking: /home/mmaaz/ros2_ws/install/moveit_task_constructor_core/include/moveit/python/pybind11/eigen.h
-- Symlinking: /home/mmaaz/ros2_ws/install/moveit_task_constructor_core/include/moveit/python/pybind11/eigen/common.h
-- Symlinking: /home/mmaaz/ros2_ws/install/moveit_task_constructor_core/include/moveit/python/pybind11/eigen/matrix.h
-- Symlinking: /home/mmaaz/ros2_ws/install/moveit_task_constructor_core/include/moveit/python/pybind11/eigen/tensor.h
-- Symlinking: /home/mmaaz/ros2_ws/install/moveit_task_constructor_core/include/moveit/python/pybind11/embed.h
-- Symlinking: /home/mmaaz/ros2_ws/install/moveit_task_constructor_core/include/moveit/python/pybind11/eval.h
-- Symlinking: /home/mmaaz/ros2_ws/install/moveit_task_constructor_core/include/moveit/python/pybind11/functional.h
-- Symlinking: /home/mmaaz/ros2_ws/install/moveit_task_constructor_core/include/moveit/python/pybind11/gil.h
-- Symlinking: /home/mmaaz/ros2_ws/install/moveit_task_constructor_core/include/moveit/python/pybind11/gil_safe_call_once.h
-- Symlinking: /home/mmaaz/ros2_ws/install/moveit_task_constructor_core/include/moveit/python/pybind11/iostream.h
-- Symlinking: /home/mmaaz/ros2_ws/install/moveit_task_constructor_core/include/moveit/python/pybind11/numpy.h
-- Symlinking: /home/mmaaz/ros2_ws/install/moveit_task_constructor_core/include/moveit/python/pybind11/operators.h
-- Symlinking: /home/mmaaz/ros2_ws/install/moveit_task_constructor_core/include/moveit/python/pybind11/options.h
-- Symlinking: /home/mmaaz/ros2_ws/install/moveit_task_constructor_core/include/moveit/python/pybind11/pybind11.h
-- Symlinking: /home/mmaaz/ros2_ws/install/moveit_task_constructor_core/include/moveit/python/pybind11/pytypes.h
-- Symlinking: /home/mmaaz/ros2_ws/install/moveit_task_constructor_core/include/moveit/python/pybind11/smart_holder.h
-- Symlinking: /home/mmaaz/ros2_ws/install/moveit_task_constructor_core/include/moveit/python/pybind11/stl.h
-- Symlinking: /home/mmaaz/ros2_ws/install/moveit_task_constructor_core/include/moveit/python/pybind11/stl/filesystem.h
-- Symlinking: /home/mmaaz/ros2_ws/install/moveit_task_constructor_core/include/moveit/python/pybind11/stl_bind.h
-- Symlinking: /home/mmaaz/ros2_ws/install/moveit_task_constructor_core/include/moveit/python/pybind11/trampoline_self_life_support.h
-- Symlinking: /home/mmaaz/ros2_ws/install/moveit_task_constructor_core/include/moveit/python/pybind11/type_caster_pyobject_ptr.h
-- Symlinking: /home/mmaaz/ros2_ws/install/moveit_task_constructor_core/include/moveit/python/pybind11/typing.h
-- Symlinking: /home/mmaaz/ros2_ws/install/moveit_task_constructor_core/share/moveit_task_constructor_core/cmake/pybind11Config.cmake
-- Symlinking: /home/mmaaz/ros2_ws/install/moveit_task_constructor_core/share/moveit_task_constructor_core/cmake/pybind11ConfigVersion.cmake
-- Symlinking: /home/mmaaz/ros2_ws/install/moveit_task_constructor_core/share/moveit_task_constructor_core/cmake/FindPythonLibsNew.cmake
-- Symlinking: /home/mmaaz/ros2_ws/install/moveit_task_constructor_core/share/moveit_task_constructor_core/cmake/pybind11Common.cmake
-- Symlinking: /home/mmaaz/ros2_ws/install/moveit_task_constructor_core/share/moveit_task_constructor_core/cmake/pybind11Tools.cmake
-- Symlinking: /home/mmaaz/ros2_ws/install/moveit_task_constructor_core/share/moveit_task_constructor_core/cmake/pybind11NewTools.cmake
-- Symlinking: /home/mmaaz/ros2_ws/install/moveit_task_constructor_core/share/pkgconfig//pybind11.pc
-- Symlinking: /home/mmaaz/ros2_ws/install/moveit_task_constructor_core/lib/python3.12/site-packages/pymoveit_mtc.cpython-312-x86_64-linux-gnu.so
-- Symlinking: /home/mmaaz/ros2_ws/install/moveit_task_constructor_core/include/moveit/python/task_constructor/properties.h
-- Symlinking: /home/mmaaz/ros2_ws/install/moveit_task_constructor_core/include/moveit/task_constructor/container.h
-- Symlinking: /home/mmaaz/ros2_ws/install/moveit_task_constructor_core/include/moveit/task_constructor/cost_queue.h
-- Symlinking: /home/mmaaz/ros2_ws/install/moveit_task_constructor_core/include/moveit/task_constructor/cost_terms.h
-- Symlinking: /home/mmaaz/ros2_ws/install/moveit_task_constructor_core/include/moveit/task_constructor/introspection.h
-- Symlinking: /home/mmaaz/ros2_ws/install/moveit_task_constructor_core/include/moveit/task_constructor/marker_tools.h
-- Symlinking: /home/mmaaz/ros2_ws/install/moveit_task_constructor_core/include/moveit/task_constructor/merge.h
-- Symlinking: /home/mmaaz/ros2_ws/install/moveit_task_constructor_core/include/moveit/task_constructor/moveit_compat.h
-- Symlinking: /home/mmaaz/ros2_ws/install/moveit_task_constructor_core/include/moveit/task_constructor/properties.h
-- Symlinking: /home/mmaaz/ros2_ws/install/moveit_task_constructor_core/include/moveit/task_constructor/solvers.h
-- Symlinking: /home/mmaaz/ros2_ws/install/moveit_task_constructor_core/include/moveit/task_constructor/solvers/cartesian_path.h
-- Symlinking: /home/mmaaz/ros2_ws/install/moveit_task_constructor_core/include/moveit/task_constructor/solvers/joint_interpolation.h
-- Symlinking: /home/mmaaz/ros2_ws/install/moveit_task_constructor_core/include/moveit/task_constructor/solvers/multi_planner.h
-- Symlinking: /home/mmaaz/ros2_ws/install/moveit_task_constructor_core/include/moveit/task_constructor/solvers/pipeline_planner.h
-- Symlinking: /home/mmaaz/ros2_ws/install/moveit_task_constructor_core/include/moveit/task_constructor/solvers/planner_interface.h
-- Symlinking: /home/mmaaz/ros2_ws/install/moveit_task_constructor_core/include/moveit/task_constructor/stage.h
-- Symlinking: /home/mmaaz/ros2_ws/install/moveit_task_constructor_core/include/moveit/task_constructor/stages.h
-- Symlinking: /home/mmaaz/ros2_ws/install/moveit_task_constructor_core/include/moveit/task_constructor/stages/compute_ik.h
-- Symlinking: /home/mmaaz/ros2_ws/install/moveit_task_constructor_core/include/moveit/task_constructor/stages/connect.h
-- Symlinking: /home/mmaaz/ros2_ws/install/moveit_task_constructor_core/include/moveit/task_constructor/stages/current_state.h
-- Symlinking: /home/mmaaz/ros2_ws/install/moveit_task_constructor_core/include/moveit/task_constructor/stages/fix_collision_objects.h
-- Symlinking: /home/mmaaz/ros2_ws/install/moveit_task_constructor_core/include/moveit/task_constructor/stages/fixed_cartesian_poses.h
-- Symlinking: /home/mmaaz/ros2_ws/install/moveit_task_constructor_core/include/moveit/task_constructor/stages/fixed_state.h
-- Symlinking: /home/mmaaz/ros2_ws/install/moveit_task_constructor_core/include/moveit/task_constructor/stages/generate_grasp_pose.h
-- Symlinking: /home/mmaaz/ros2_ws/install/moveit_task_constructor_core/include/moveit/task_constructor/stages/generate_place_pose.h
-- Symlinking: /home/mmaaz/ros2_ws/install/moveit_task_constructor_core/include/moveit/task_constructor/stages/generate_pose.h
-- Symlinking: /home/mmaaz/ros2_ws/install/moveit_task_constructor_core/include/moveit/task_constructor/stages/generate_random_pose.h
-- Symlinking: /home/mmaaz/ros2_ws/install/moveit_task_constructor_core/include/moveit/task_constructor/stages/modify_planning_scene.h
-- Symlinking: /home/mmaaz/ros2_ws/install/moveit_task_constructor_core/include/moveit/task_constructor/stages/move_relative.h
-- Symlinking: /home/mmaaz/ros2_ws/install/moveit_task_constructor_core/include/moveit/task_constructor/stages/move_to.h
-- Symlinking: /home/mmaaz/ros2_ws/install/moveit_task_constructor_core/include/moveit/task_constructor/stages/noop.h
-- Symlinking: /home/mmaaz/ros2_ws/install/moveit_task_constructor_core/include/moveit/task_constructor/stages/passthrough.h
-- Symlinking: /home/mmaaz/ros2_ws/install/moveit_task_constructor_core/include/moveit/task_constructor/stages/pick.h
-- Symlinking: /home/mmaaz/ros2_ws/install/moveit_task_constructor_core/include/moveit/task_constructor/stages/predicate_filter.h
-- Symlinking: /home/mmaaz/ros2_ws/install/moveit_task_constructor_core/include/moveit/task_constructor/stages/simple_grasp.h
-- Symlinking: /home/mmaaz/ros2_ws/install/moveit_task_constructor_core/include/moveit/task_constructor/storage.h
-- Symlinking: /home/mmaaz/ros2_ws/install/moveit_task_constructor_core/include/moveit/task_constructor/task.h
-- Symlinking: /home/mmaaz/ros2_ws/install/moveit_task_constructor_core/include/moveit/task_constructor/trajectory_execution_info.h
-- Symlinking: /home/mmaaz/ros2_ws/install/moveit_task_constructor_core/include/moveit/task_constructor/type_traits.h
-- Symlinking: /home/mmaaz/ros2_ws/install/moveit_task_constructor_core/include/moveit/task_constructor/utils.h
-- Symlinking: /home/mmaaz/ros2_ws/install/moveit_task_constructor_core/share/moveit_task_constructor_core//motion_planning_stages_plugin_description.xml
-- Symlinking: /home/mmaaz/ros2_ws/install/moveit_task_constructor_core/share/moveit_task_constructor_core/environment/library_path.sh
-- Symlinking: /home/mmaaz/ros2_ws/install/moveit_task_constructor_core/share/moveit_task_constructor_core/environment/library_path.dsv
-- Symlinking: /home/mmaaz/ros2_ws/install/moveit_task_constructor_core/share/ament_index/resource_index/package_run_dependencies/moveit_task_constructor_core
-- Symlinking: /home/mmaaz/ros2_ws/install/moveit_task_constructor_core/share/ament_index/resource_index/parent_prefix_path/moveit_task_constructor_core
-- Symlinking: /home/mmaaz/ros2_ws/install/moveit_task_constructor_core/share/moveit_task_constructor_core/environment/ament_prefix_path.sh
-- Symlinking: /home/mmaaz/ros2_ws/install/moveit_task_constructor_core/share/moveit_task_constructor_core/environment/ament_prefix_path.dsv
-- Symlinking: /home/mmaaz/ros2_ws/install/moveit_task_constructor_core/share/moveit_task_constructor_core/environment/path.sh
-- Symlinking: /home/mmaaz/ros2_ws/install/moveit_task_constructor_core/share/moveit_task_constructor_core/environment/path.dsv
-- Symlinking: /home/mmaaz/ros2_ws/install/moveit_task_constructor_core/share/moveit_task_constructor_core/local_setup.bash
-- Symlinking: /home/mmaaz/ros2_ws/install/moveit_task_constructor_core/share/moveit_task_constructor_core/local_setup.sh
-- Symlinking: /home/mmaaz/ros2_ws/install/moveit_task_constructor_core/share/moveit_task_constructor_core/local_setup.zsh
-- Symlinking: /home/mmaaz/ros2_ws/install/moveit_task_constructor_core/share/moveit_task_constructor_core/local_setup.dsv
-- Symlinking: /home/mmaaz/ros2_ws/install/moveit_task_constructor_core/share/moveit_task_constructor_core/package.dsv
-- Symlinking: /home/mmaaz/ros2_ws/install/moveit_task_constructor_core/share/ament_index/resource_index/packages/moveit_task_constructor_core
-- Symlinking: /home/mmaaz/ros2_ws/install/moveit_task_constructor_core/share/ament_index/resource_index/moveit_task_constructor_core__pluginlib__plugin/moveit_task_constructor_core
-- Symlinking: /home/mmaaz/ros2_ws/install/moveit_task_constructor_core/share/moveit_task_constructor_core/cmake/ament_cmake_export_targets-extras.cmake
-- Symlinking: /home/mmaaz/ros2_ws/install/moveit_task_constructor_core/share/moveit_task_constructor_core/cmake/ament_cmake_export_dependencies-extras.cmake
-- Symlinking: /home/mmaaz/ros2_ws/install/moveit_task_constructor_core/share/moveit_task_constructor_core/cmake/moveit_task_constructor_coreConfig.cmake
-- Symlinking: /home/mmaaz/ros2_ws/install/moveit_task_constructor_core/share/moveit_task_constructor_core/cmake/moveit_task_constructor_coreConfig-version.cmake
-- Symlinking: /home/mmaaz/ros2_ws/install/moveit_task_constructor_core/share/moveit_task_constructor_core/package.xml
-- Installing: /home/mmaaz/ros2_ws/install/moveit_task_constructor_core/lib/libmoveit_task_constructor_core_stages.so
-- Set non-toolchain portion of runtime path of "/home/mmaaz/ros2_ws/install/moveit_task_constructor_core/lib/libmoveit_task_constructor_core_stages.so" to ""
-- Installing: /home/mmaaz/ros2_ws/install/moveit_task_constructor_core/lib/libmoveit_task_constructor_core_stage_plugins.so
-- Set non-toolchain portion of runtime path of "/home/mmaaz/ros2_ws/install/moveit_task_constructor_core/lib/libmoveit_task_constructor_core_stage_plugins.so" to ""
-- Installing: /home/mmaaz/ros2_ws/install/moveit_task_constructor_core/lib/libmoveit_task_constructor_core.so
-- Set non-toolchain portion of runtime path of "/home/mmaaz/ros2_ws/install/moveit_task_constructor_core/lib/libmoveit_task_constructor_core.so" to ""
Listing '/home/mmaaz/ros2_ws/install/moveit_task_constructor_core/lib/python3.12/site-packages/moveit'...
Compiling '/home/mmaaz/ros2_ws/install/moveit_task_constructor_core/lib/python3.12/site-packages/moveit/__init__.py'...
Listing '/home/mmaaz/ros2_ws/install/moveit_task_constructor_core/lib/python3.12/site-packages/moveit/task_constructor'...
Compiling '/home/mmaaz/ros2_ws/install/moveit_task_constructor_core/lib/python3.12/site-packages/moveit/task_constructor/__init__.py'...
Compiling '/home/mmaaz/ros2_ws/install/moveit_task_constructor_core/lib/python3.12/site-packages/moveit/task_constructor/core.py'...
Compiling '/home/mmaaz/ros2_ws/install/moveit_task_constructor_core/lib/python3.12/site-packages/moveit/task_constructor/stages.py'...
-- Installing: /home/mmaaz/ros2_ws/install/moveit_task_constructor_core/share/moveit_task_constructor_core/cmake/pybind11Targets.cmake
-- Installing: /home/mmaaz/ros2_ws/install/moveit_task_constructor_core/share/moveit_task_constructor_core/cmake/moveit_task_constructor_coreTargetsExport.cmake
-- Installing: /home/mmaaz/ros2_ws/install/moveit_task_constructor_core/share/moveit_task_constructor_core/cmake/moveit_task_constructor_coreTargetsExport-release.cmake
