[0.033s] Invoking command in '/home/mmaaz/ros2_ws/build/mycobot_moveit_demos': CMAKE_PREFIX_PATH=${CMAKE_PREFIX_PATH}:/opt/ros/jazzy /usr/bin/cmake /home/mmaaz/ros2_ws/src/mycobot_ros2/mycobot_moveit_demos -DAMENT_CMAKE_SYMLINK_INSTALL=1 -DCMAKE_INSTALL_PREFIX=/home/mmaaz/ros2_ws/install/mycobot_moveit_demos
[0.268s] -- The C compiler identification is GNU 13.3.0
[1.889s] -- The CXX compiler identification is GNU 13.3.0
[3.113s] -- Detecting C compiler ABI info
[3.757s] -- Detecting C compiler ABI info - done
[3.765s] -- Check for working C compiler: /usr/bin/cc - skipped
[3.766s] -- Detecting C compile features
[3.766s] -- Detecting C compile features - done
[4.065s] -- Detecting CXX compiler ABI info
[4.755s] -- Detecting CXX compiler ABI info - done
[4.775s] -- Check for working CXX compiler: /usr/bin/c++ - skipped
[4.775s] -- Detecting CXX compile features
[4.776s] -- Detecting CXX compile features - done
[4.781s] -- Found ament_cmake: 2.5.4 (/opt/ros/jazzy/share/ament_cmake/cmake)
[5.265s] -- Found Python3: /usr/bin/python3 (found version "3.12.3") found components: Interpreter 
[5.363s] -- Override CMake install command with custom implementation using symlinks instead of copying resources
[5.413s] -- Found moveit_msgs: 2.6.0 (/opt/ros/jazzy/share/moveit_msgs/cmake)
[5.684s] -- Found rosidl_generator_c: 4.6.5 (/opt/ros/jazzy/share/rosidl_generator_c/cmake)
[5.711s] -- Found rosidl_generator_cpp: 4.6.5 (/opt/ros/jazzy/share/rosidl_generator_cpp/cmake)
[5.740s] -- Using all available rosidl_typesupport_c: rosidl_typesupport_fastrtps_c;rosidl_typesupport_introspection_c
[5.764s] -- Using all available rosidl_typesupport_cpp: rosidl_typesupport_fastrtps_cpp;rosidl_typesupport_introspection_cpp
[6.210s] -- Found moveit_ros_planning_interface: 2.12.3 (/opt/ros/jazzy/share/moveit_ros_planning_interface/cmake)
[6.634s] -- Found Boost: /usr/lib/x86_64-linux-gnu/cmake/Boost-1.83.0/BoostConfig.cmake (found version "1.83.0") found components: date_time filesystem program_options system thread 
[6.672s] -- Found Boost: /usr/lib/x86_64-linux-gnu/cmake/Boost-1.83.0/BoostConfig.cmake (found version "1.83.0") found components: chrono date_time filesystem iostreams program_options regex serialization system thread 
[12.485s] -- Found parameter_traits: 0.4.0 (/opt/ros/jazzy/share/parameter_traits/cmake)
[12.559s] -- Found rmw_implementation_cmake: 7.3.2 (/opt/ros/jazzy/share/rmw_implementation_cmake/cmake)
[12.565s] -- Found rmw_fastrtps_cpp: 8.4.2 (/opt/ros/jazzy/share/rmw_fastrtps_cpp/cmake)
[12.675s] -- Found OpenSSL: /usr/lib/x86_64-linux-gnu/libcrypto.so (found version "3.0.13")  
[12.930s] -- Found FastRTPS: /opt/ros/jazzy/include (Required is at least version "2.13") 
[13.107s] -- Using RMW implementation 'rmw_fastrtps_cpp' as default
[13.553s] -- Found rclcpp_lifecycle: 28.1.9 (/opt/ros/jazzy/share/rclcpp_lifecycle/cmake)
[13.620s] -- Found Boost: /usr/lib/x86_64-linux-gnu/cmake/Boost-1.83.0/BoostConfig.cmake (found version "1.83.0") found components: filesystem 
[13.843s] -- Found Eigen3: TRUE (found version "3.4.0") 
[13.843s] -- Ensuring Eigen3 include directory is part of orocos-kdl CMake target
[14.159s] -- Found Boost: /usr/lib/x86_64-linux-gnu/cmake/Boost-1.83.0/BoostConfig.cmake (found version "1.83.0") found components: system filesystem date_time program_options thread chrono 
[14.286s] -- Found Boost: /usr/lib/x86_64-linux-gnu/cmake/Boost-1.83.0/BoostConfig.cmake (found version "1.83.0") found components: thread system filesystem regex date_time program_options 
[14.346s] -- Found Boost: /usr/lib/x86_64-linux-gnu/cmake/Boost-1.83.0/BoostConfig.cmake (found version "1.83.0") found components: system filesystem date_time program_options thread 
[14.410s] -- Found moveit_visual_tools: 4.1.2 (/opt/ros/jazzy/share/moveit_visual_tools/cmake)
[14.827s] -- Setting OGRE_DIR to: '/opt/ros/jazzy/share/rviz_ogre_vendor/cmake/../../../opt/rviz_ogre_vendor/lib/OGRE/cmake'
[14.829s] -- Found OGRE
[14.830s] --   static     : OFF
[14.830s] --   components : MeshLodGenerator;Overlay;Paging;Property;RTShaderSystem;Terrain;Volume
[14.830s] --   plugins    : Plugin_BSPSceneManager;Plugin_OctreeSceneManager;Plugin_PCZSceneManager;Plugin_ParticleFX;RenderSystem_GL;RenderSystem_GL3Plus;Codec_STBI
[14.830s] --   media      : /opt/ros/jazzy/opt/rviz_ogre_vendor/share/OGRE/Media
[14.830s] -- OGRE_LIBRARIES: OgreMeshLodGenerator;OgreOverlay;OgrePaging;OgreProperty;OgreRTShaderSystem;OgreTerrain;OgreVolume;OgreMain
[14.831s] -- OGRE_LIBRARY_DIRS: /opt/ros/jazzy/opt/rviz_ogre_vendor/lib
[14.831s] -- OGRE_PLUGINS: Plugin_BSPSceneManager;Plugin_OctreeSceneManager;Plugin_PCZSceneManager;Plugin_ParticleFX;RenderSystem_GL;RenderSystem_GL3Plus;Codec_STBI
[14.831s] -- OGRE_PLUGIN_DIR: /opt/ros/jazzy/opt/rviz_ogre_vendor/lib/OGRE
[14.831s] -- rviz_ogre_vendor::OgreOverlay for IMPORTED_LOCATION_RELEASE: /opt/ros/jazzy/opt/rviz_ogre_vendor/lib/libOgreOverlay.so
[14.831s] -- rviz_ogre_vendor::OgreOverlay for IMPORTED_LOCATION_DEBUG: /opt/ros/jazzy/opt/rviz_ogre_vendor/lib/libOgreOverlay.so
[14.831s] -- rviz_ogre_vendor::OgreMain for IMPORTED_LOCATION_RELEASE: /opt/ros/jazzy/opt/rviz_ogre_vendor/lib/libOgreMain.so
[14.831s] -- rviz_ogre_vendor::OgreMain for IMPORTED_LOCATION_DEBUG: /opt/ros/jazzy/opt/rviz_ogre_vendor/lib/libOgreMain.so
[24.846s] -- Found ZLIB: /usr/lib/x86_64-linux-gnu/libz.so (found version "1.3")  
[27.347s] -- Found OpenGL: /usr/lib/x86_64-linux-gnu/libOpenGL.so   
[37.902s] -- Found X11: /usr/include   
[37.903s] -- Looking for XOpenDisplay in /usr/lib/x86_64-linux-gnu/libX11.so;/usr/lib/x86_64-linux-gnu/libXext.so
[38.243s] -- Looking for XOpenDisplay in /usr/lib/x86_64-linux-gnu/libX11.so;/usr/lib/x86_64-linux-gnu/libXext.so - found
[38.244s] -- Looking for gethostbyname
[38.564s] -- Looking for gethostbyname - found
[38.564s] -- Looking for connect
[38.882s] -- Looking for connect - found
[38.882s] -- Looking for remove
[39.192s] -- Looking for remove - found
[39.192s] -- Looking for shmat
[39.469s] -- Looking for shmat - found
[39.469s] -- Looking for IceConnectionNumber in ICE
[39.773s] -- Looking for IceConnectionNumber in ICE - found
[39.859s] -- Setting yaml-cpp_DIR to: '/opt/ros/jazzy/share/yaml_cpp_vendor/cmake/../../../opt/yaml_cpp_vendor/share/cmake/yaml-cpp'
[40.020s] -- Found ament_lint_auto: 0.17.2 (/opt/ros/jazzy/share/ament_lint_auto/cmake)
[40.153s] -- Added test 'cppcheck' to perform static code analysis on C / C++ code
[40.153s] -- Configured cppcheck include dirs: $<BUILD_INTERFACE:/home/mmaaz/ros2_ws/src/mycobot_ros2/mycobot_moveit_demos/include>
[40.154s] -- Configured cppcheck exclude dirs and/or files: 
[40.155s] -- Added test 'lint_cmake' to check CMake code style
[40.157s] -- Added test 'uncrustify' to check C / C++ code style
[40.157s] -- Configured uncrustify additional arguments: 
[40.159s] -- Added test 'xmllint' to check XML markup files
[40.161s] -- Configuring done (40.1s)
[40.209s] -- Generating done (0.0s)
[40.218s] -- Build files have been written to: /home/mmaaz/ros2_ws/build/mycobot_moveit_demos
[40.234s] Invoked command in '/home/mmaaz/ros2_ws/build/mycobot_moveit_demos' returned '0': CMAKE_PREFIX_PATH=${CMAKE_PREFIX_PATH}:/opt/ros/jazzy /usr/bin/cmake /home/mmaaz/ros2_ws/src/mycobot_ros2/mycobot_moveit_demos -DAMENT_CMAKE_SYMLINK_INSTALL=1 -DCMAKE_INSTALL_PREFIX=/home/mmaaz/ros2_ws/install/mycobot_moveit_demos
[40.236s] Invoking command in '/home/mmaaz/ros2_ws/build/mycobot_moveit_demos': CMAKE_PREFIX_PATH=${CMAKE_PREFIX_PATH}:/opt/ros/jazzy /usr/bin/cmake --build /home/mmaaz/ros2_ws/build/mycobot_moveit_demos -- -j22 -l22
[40.285s] [ 25%] [32mBuilding CXX object CMakeFiles/hello_moveit.dir/src/hello_moveit.cpp.o[0m
[40.286s] [ 50%] [32mBuilding CXX object CMakeFiles/plan_around_objects.dir/src/plan_around_objects.cpp.o[0m
[41.797s] In file included from [01m[K/home/mmaaz/ros2_ws/src/mycobot_ros2/mycobot_moveit_demos/src/plan_around_objects.cpp:13[m[K:
[41.797s] [01m[K/opt/ros/jazzy/include/moveit_ros_planning_interface/moveit/move_group_interface/move_group_interface.h:51:77:[m[K [01;36m[Knote: [m[K‘[01m[K#pragma message: .h header is obsolete. Please use the .hpp header instead.[m[K’
[41.797s]    51 | #pragma message(".h header is obsolete. Please use the .hpp header instead."[01;36m[K)[m[K
[41.798s]       |                                                                             [01;36m[K^[m[K
[43.173s] In file included from [01m[K/home/mmaaz/ros2_ws/src/mycobot_ros2/mycobot_moveit_demos/src/hello_moveit.cpp:16[m[K:
[43.173s] [01m[K/opt/ros/jazzy/include/moveit_ros_planning_interface/moveit/move_group_interface/move_group_interface.h:51:77:[m[K [01;36m[Knote: [m[K‘[01m[K#pragma message: .h header is obsolete. Please use the .hpp header instead.[m[K’
[43.173s]    51 | #pragma message(".h header is obsolete. Please use the .hpp header instead."[01;36m[K)[m[K
[43.173s]       |                                                                             [01;36m[K^[m[K
[46.556s] In file included from [01m[K/home/mmaaz/ros2_ws/src/mycobot_ros2/mycobot_moveit_demos/src/plan_around_objects.cpp:14[m[K:
[46.556s] [01m[K/opt/ros/jazzy/include/moveit_ros_planning_interface/moveit/planning_scene_interface/planning_scene_interface.h:50:77:[m[K [01;36m[Knote: [m[K‘[01m[K#pragma message: .h header is obsolete. Please use the .hpp header instead.[m[K’
[46.556s]    50 | #pragma message(".h header is obsolete. Please use the .hpp header instead."[01;36m[K)[m[K
[46.556s]       |                                                                             [01;36m[K^[m[K
[49.152s] [ 75%] [32m[1mLinking CXX executable hello_moveit[0m
[49.822s] [ 75%] Built target hello_moveit
[52.835s] [100%] [32m[1mLinking CXX executable plan_around_objects[0m
[53.770s] [100%] Built target plan_around_objects
[53.781s] Invoked command in '/home/mmaaz/ros2_ws/build/mycobot_moveit_demos' returned '0': CMAKE_PREFIX_PATH=${CMAKE_PREFIX_PATH}:/opt/ros/jazzy /usr/bin/cmake --build /home/mmaaz/ros2_ws/build/mycobot_moveit_demos -- -j22 -l22
[53.782s] Invoking command in '/home/mmaaz/ros2_ws/build/mycobot_moveit_demos': CMAKE_PREFIX_PATH=${CMAKE_PREFIX_PATH}:/opt/ros/jazzy /usr/bin/cmake --install /home/mmaaz/ros2_ws/build/mycobot_moveit_demos
[53.790s] -- Install configuration: ""
[53.791s] -- Execute custom install script
[53.791s] -- Symlinking: /home/mmaaz/ros2_ws/install/mycobot_moveit_demos/lib/mycobot_moveit_demos/hello_moveit
[53.801s] -- Symlinking: /home/mmaaz/ros2_ws/install/mycobot_moveit_demos/lib/mycobot_moveit_demos/plan_around_objects
[53.810s] -- Symlinking: /home/mmaaz/ros2_ws/install/mycobot_moveit_demos/share/ament_index/resource_index/package_run_dependencies/mycobot_moveit_demos
[53.820s] -- Symlinking: /home/mmaaz/ros2_ws/install/mycobot_moveit_demos/share/ament_index/resource_index/parent_prefix_path/mycobot_moveit_demos
[53.831s] -- Symlinking: /home/mmaaz/ros2_ws/install/mycobot_moveit_demos/share/mycobot_moveit_demos/environment/ament_prefix_path.sh
[53.840s] -- Symlinking: /home/mmaaz/ros2_ws/install/mycobot_moveit_demos/share/mycobot_moveit_demos/environment/ament_prefix_path.dsv
[53.848s] -- Symlinking: /home/mmaaz/ros2_ws/install/mycobot_moveit_demos/share/mycobot_moveit_demos/environment/path.sh
[53.857s] -- Symlinking: /home/mmaaz/ros2_ws/install/mycobot_moveit_demos/share/mycobot_moveit_demos/environment/path.dsv
[53.866s] -- Symlinking: /home/mmaaz/ros2_ws/install/mycobot_moveit_demos/share/mycobot_moveit_demos/local_setup.bash
[53.874s] -- Symlinking: /home/mmaaz/ros2_ws/install/mycobot_moveit_demos/share/mycobot_moveit_demos/local_setup.sh
[53.883s] -- Symlinking: /home/mmaaz/ros2_ws/install/mycobot_moveit_demos/share/mycobot_moveit_demos/local_setup.zsh
[53.892s] -- Symlinking: /home/mmaaz/ros2_ws/install/mycobot_moveit_demos/share/mycobot_moveit_demos/local_setup.dsv
[53.901s] -- Symlinking: /home/mmaaz/ros2_ws/install/mycobot_moveit_demos/share/mycobot_moveit_demos/package.dsv
[53.909s] -- Symlinking: /home/mmaaz/ros2_ws/install/mycobot_moveit_demos/share/ament_index/resource_index/packages/mycobot_moveit_demos
[53.918s] -- Symlinking: /home/mmaaz/ros2_ws/install/mycobot_moveit_demos/share/mycobot_moveit_demos/cmake/mycobot_moveit_demosConfig.cmake
[53.925s] -- Symlinking: /home/mmaaz/ros2_ws/install/mycobot_moveit_demos/share/mycobot_moveit_demos/cmake/mycobot_moveit_demosConfig-version.cmake
[53.934s] -- Symlinking: /home/mmaaz/ros2_ws/install/mycobot_moveit_demos/share/mycobot_moveit_demos/package.xml
[53.946s] Invoked command in '/home/mmaaz/ros2_ws/build/mycobot_moveit_demos' returned '0': CMAKE_PREFIX_PATH=${CMAKE_PREFIX_PATH}:/opt/ros/jazzy /usr/bin/cmake --install /home/mmaaz/ros2_ws/build/mycobot_moveit_demos
