[0.025s] Invoking command in '/home/mmaaz/ros2_ws/build/mycobot_description': CMAKE_PREFIX_PATH=${CMAKE_PREFIX_PATH}:/opt/ros/jazzy /usr/bin/cmake /home/mmaaz/ros2_ws/src/mycobot_ros2/mycobot_description -DCMAKE_INSTALL_PREFIX=/home/mmaaz/ros2_ws/install/mycobot_description
[0.079s] -- Found ament_cmake: 2.5.4 (/opt/ros/jazzy/share/ament_cmake/cmake)
[0.417s] -- Override CMake install command with custom implementation using symlinks instead of copying resources
[0.428s] -- Found urdf_tutorial: 1.1.0 (/opt/ros/jazzy/share/urdf_tutorial/cmake)
[0.429s] -- Found ament_lint_auto: 0.17.2 (/opt/ros/jazzy/share/ament_lint_auto/cmake)
[0.599s] -- Added test 'flake8' to check Python code syntax and style conventions
[0.599s] -- Configured 'flake8' exclude dirs and/or files: 
[0.600s] -- Added test 'lint_cmake' to check CMake code style
[0.601s] -- Added test 'pep257' to check Python code against some of the docstring style conventions in PEP 257
[0.604s] -- Added test 'xmllint' to check XML markup files
[0.605s] -- Configuring done (0.5s)
[0.617s] -- Generating done (0.0s)
[0.622s] -- Build files have been written to: /home/mmaaz/ros2_ws/build/mycobot_description
[0.628s] Invoked command in '/home/mmaaz/ros2_ws/build/mycobot_description' returned '0': CMAKE_PREFIX_PATH=${CMAKE_PREFIX_PATH}:/opt/ros/jazzy /usr/bin/cmake /home/mmaaz/ros2_ws/src/mycobot_ros2/mycobot_description -DCMAKE_INSTALL_PREFIX=/home/mmaaz/ros2_ws/install/mycobot_description
[0.630s] Invoking command in '/home/mmaaz/ros2_ws/build/mycobot_description': CMAKE_PREFIX_PATH=${CMAKE_PREFIX_PATH}:/opt/ros/jazzy /usr/bin/cmake --build /home/mmaaz/ros2_ws/build/mycobot_description -- -j22 -l22
[0.686s] Invoked command in '/home/mmaaz/ros2_ws/build/mycobot_description' returned '0': CMAKE_PREFIX_PATH=${CMAKE_PREFIX_PATH}:/opt/ros/jazzy /usr/bin/cmake --build /home/mmaaz/ros2_ws/build/mycobot_description -- -j22 -l22
[0.707s] Invoking command in '/home/mmaaz/ros2_ws/build/mycobot_description': CMAKE_PREFIX_PATH=${CMAKE_PREFIX_PATH}:/opt/ros/jazzy /usr/bin/cmake --install /home/mmaaz/ros2_ws/build/mycobot_description
[0.716s] -- Install configuration: ""
[0.717s] -- Execute custom install script
[0.717s] -- Up-to-date symlink: /home/mmaaz/ros2_ws/install/mycobot_description/share/mycobot_description/launch/robot_state_publisher.launch.py
[0.718s] -- Up-to-date symlink: /home/mmaaz/ros2_ws/install/mycobot_description/share/mycobot_description/meshes/adaptive_gripper/visual/gripper_base.dae
[0.718s] -- Up-to-date symlink: /home/mmaaz/ros2_ws/install/mycobot_description/share/mycobot_description/meshes/adaptive_gripper/visual/gripper_left1.dae
[0.719s] -- Up-to-date symlink: /home/mmaaz/ros2_ws/install/mycobot_description/share/mycobot_description/meshes/adaptive_gripper/visual/gripper_left2.dae
[0.719s] -- Up-to-date symlink: /home/mmaaz/ros2_ws/install/mycobot_description/share/mycobot_description/meshes/adaptive_gripper/visual/gripper_left3.dae
[0.719s] -- Up-to-date symlink: /home/mmaaz/ros2_ws/install/mycobot_description/share/mycobot_description/meshes/adaptive_gripper/visual/gripper_right1.dae
[0.719s] -- Up-to-date symlink: /home/mmaaz/ros2_ws/install/mycobot_description/share/mycobot_description/meshes/adaptive_gripper/visual/gripper_right2.dae
[0.719s] -- Up-to-date symlink: /home/mmaaz/ros2_ws/install/mycobot_description/share/mycobot_description/meshes/adaptive_gripper/visual/gripper_right3.dae
[0.719s] -- Up-to-date symlink: /home/mmaaz/ros2_ws/install/mycobot_description/share/mycobot_description/meshes/d435/visual/d435.stl
[0.719s] -- Up-to-date symlink: /home/mmaaz/ros2_ws/install/mycobot_description/share/mycobot_description/meshes/g_shape_base_v2_0/visual/base_link.dae
[0.720s] -- Up-to-date symlink: /home/mmaaz/ros2_ws/install/mycobot_description/share/mycobot_description/meshes/mycobot_280/visual/link1.dae
[0.720s] -- Up-to-date symlink: /home/mmaaz/ros2_ws/install/mycobot_description/share/mycobot_description/meshes/mycobot_280/visual/link1.png
[0.720s] -- Up-to-date symlink: /home/mmaaz/ros2_ws/install/mycobot_description/share/mycobot_description/meshes/mycobot_280/visual/link2.dae
[0.721s] -- Up-to-date symlink: /home/mmaaz/ros2_ws/install/mycobot_description/share/mycobot_description/meshes/mycobot_280/visual/link2.png
[0.721s] -- Up-to-date symlink: /home/mmaaz/ros2_ws/install/mycobot_description/share/mycobot_description/meshes/mycobot_280/visual/link3.dae
[0.721s] -- Up-to-date symlink: /home/mmaaz/ros2_ws/install/mycobot_description/share/mycobot_description/meshes/mycobot_280/visual/link3.png
[0.721s] -- Up-to-date symlink: /home/mmaaz/ros2_ws/install/mycobot_description/share/mycobot_description/meshes/mycobot_280/visual/link4.dae
[0.722s] -- Up-to-date symlink: /home/mmaaz/ros2_ws/install/mycobot_description/share/mycobot_description/meshes/mycobot_280/visual/link4.png
[0.723s] -- Up-to-date symlink: /home/mmaaz/ros2_ws/install/mycobot_description/share/mycobot_description/meshes/mycobot_280/visual/link5.dae
[0.724s] -- Up-to-date symlink: /home/mmaaz/ros2_ws/install/mycobot_description/share/mycobot_description/meshes/mycobot_280/visual/link5.png
[0.724s] -- Up-to-date symlink: /home/mmaaz/ros2_ws/install/mycobot_description/share/mycobot_description/meshes/mycobot_280/visual/link6.dae
[0.724s] -- Up-to-date symlink: /home/mmaaz/ros2_ws/install/mycobot_description/share/mycobot_description/meshes/mycobot_280/visual/link6.png
[0.725s] -- Up-to-date symlink: /home/mmaaz/ros2_ws/install/mycobot_description/share/mycobot_description/meshes/mycobot_280/visual/link7.dae
[0.725s] -- Up-to-date symlink: /home/mmaaz/ros2_ws/install/mycobot_description/share/mycobot_description/meshes/mycobot_280/visual/link7.png
[0.725s] -- Up-to-date symlink: /home/mmaaz/ros2_ws/install/mycobot_description/share/mycobot_description/meshes/mycobot_280/visual/suit_env.dae
[0.726s] -- Up-to-date symlink: /home/mmaaz/ros2_ws/install/mycobot_description/share/mycobot_description/urdf/control/gazebo_sim_ros2_control.urdf.xacro
[0.726s] -- Up-to-date symlink: /home/mmaaz/ros2_ws/install/mycobot_description/share/mycobot_description/urdf/control/mycobot_280_ros2_control.urdf.xacro
[0.726s] -- Up-to-date symlink: /home/mmaaz/ros2_ws/install/mycobot_description/share/mycobot_description/urdf/mech/adaptive_gripper.urdf.xacro
[0.726s] -- Up-to-date symlink: /home/mmaaz/ros2_ws/install/mycobot_description/share/mycobot_description/urdf/mech/g_shape_base_v2_0.urdf.xacro
[0.727s] -- Up-to-date symlink: /home/mmaaz/ros2_ws/install/mycobot_description/share/mycobot_description/urdf/mech/mycobot_280_arm.urdf.xacro
[0.727s] -- Up-to-date symlink: /home/mmaaz/ros2_ws/install/mycobot_description/share/mycobot_description/urdf/mycobot280_rviz.png
[0.728s] -- Up-to-date symlink: /home/mmaaz/ros2_ws/install/mycobot_description/share/mycobot_description/urdf/robots/mycobot_280.urdf.xacro
[0.728s] -- Up-to-date symlink: /home/mmaaz/ros2_ws/install/mycobot_description/share/mycobot_description/urdf/sensors/intel_rgbd_cam_d435.urdf.xacro
[0.728s] -- Up-to-date symlink: /home/mmaaz/ros2_ws/install/mycobot_description/share/mycobot_description/rviz/mycobot_280_description.rviz
[0.728s] -- Up-to-date symlink: /home/mmaaz/ros2_ws/install/mycobot_description/share/ament_index/resource_index/package_run_dependencies/mycobot_description
[0.729s] -- Up-to-date symlink: /home/mmaaz/ros2_ws/install/mycobot_description/share/ament_index/resource_index/parent_prefix_path/mycobot_description
[0.729s] -- Up-to-date symlink: /home/mmaaz/ros2_ws/install/mycobot_description/share/mycobot_description/environment/ament_prefix_path.sh
[0.729s] -- Up-to-date symlink: /home/mmaaz/ros2_ws/install/mycobot_description/share/mycobot_description/environment/ament_prefix_path.dsv
[0.729s] -- Up-to-date symlink: /home/mmaaz/ros2_ws/install/mycobot_description/share/mycobot_description/environment/path.sh
[0.730s] -- Up-to-date symlink: /home/mmaaz/ros2_ws/install/mycobot_description/share/mycobot_description/environment/path.dsv
[0.730s] -- Up-to-date symlink: /home/mmaaz/ros2_ws/install/mycobot_description/share/mycobot_description/local_setup.bash
[0.730s] -- Up-to-date symlink: /home/mmaaz/ros2_ws/install/mycobot_description/share/mycobot_description/local_setup.sh
[0.731s] -- Up-to-date symlink: /home/mmaaz/ros2_ws/install/mycobot_description/share/mycobot_description/local_setup.zsh
[0.731s] -- Up-to-date symlink: /home/mmaaz/ros2_ws/install/mycobot_description/share/mycobot_description/local_setup.dsv
[0.731s] -- Symlinking: /home/mmaaz/ros2_ws/install/mycobot_description/share/mycobot_description/package.dsv
[0.746s] -- Up-to-date symlink: /home/mmaaz/ros2_ws/install/mycobot_description/share/ament_index/resource_index/packages/mycobot_description
[0.746s] -- Up-to-date symlink: /home/mmaaz/ros2_ws/install/mycobot_description/share/mycobot_description/cmake/mycobot_descriptionConfig.cmake
[0.747s] -- Up-to-date symlink: /home/mmaaz/ros2_ws/install/mycobot_description/share/mycobot_description/cmake/mycobot_descriptionConfig-version.cmake
[0.747s] -- Up-to-date symlink: /home/mmaaz/ros2_ws/install/mycobot_description/share/mycobot_description/package.xml
[0.750s] Invoked command in '/home/mmaaz/ros2_ws/build/mycobot_description' returned '0': CMAKE_PREFIX_PATH=${CMAKE_PREFIX_PATH}:/opt/ros/jazzy /usr/bin/cmake --install /home/mmaaz/ros2_ws/build/mycobot_description
