running egg_info
creating ../../build/image_saver/image_saver.egg-info
writing ../../build/image_saver/image_saver.egg-info/PKG-INFO
writing dependency_links to ../../build/image_saver/image_saver.egg-info/dependency_links.txt
writing entry points to ../../build/image_saver/image_saver.egg-info/entry_points.txt
writing requirements to ../../build/image_saver/image_saver.egg-info/requires.txt
writing top-level names to ../../build/image_saver/image_saver.egg-info/top_level.txt
writing manifest file '../../build/image_saver/image_saver.egg-info/SOURCES.txt'
reading manifest file '../../build/image_saver/image_saver.egg-info/SOURCES.txt'
writing manifest file '../../build/image_saver/image_saver.egg-info/SOURCES.txt'
running build
running build_py
creating /home/mmaaz/ros2_ws/build/image_saver/build
creating /home/mmaaz/ros2_ws/build/image_saver/build/lib
creating /home/mmaaz/ros2_ws/build/image_saver/build/lib/image_saver
copying image_saver/save_images.py -> /home/mmaaz/ros2_ws/build/image_saver/build/lib/image_saver
copying image_saver/__init__.py -> /home/mmaaz/ros2_ws/build/image_saver/build/lib/image_saver
running install
running install_lib
creating /home/mmaaz/ros2_ws/install/image_saver/lib/python3.12/site-packages/image_saver
copying /home/mmaaz/ros2_ws/build/image_saver/build/lib/image_saver/save_images.py -> /home/mmaaz/ros2_ws/install/image_saver/lib/python3.12/site-packages/image_saver
copying /home/mmaaz/ros2_ws/build/image_saver/build/lib/image_saver/__init__.py -> /home/mmaaz/ros2_ws/install/image_saver/lib/python3.12/site-packages/image_saver
byte-compiling /home/mmaaz/ros2_ws/install/image_saver/lib/python3.12/site-packages/image_saver/save_images.py to save_images.cpython-312.pyc
byte-compiling /home/mmaaz/ros2_ws/install/image_saver/lib/python3.12/site-packages/image_saver/__init__.py to __init__.cpython-312.pyc
running install_data
creating /home/mmaaz/ros2_ws/install/image_saver/share/ament_index
creating /home/mmaaz/ros2_ws/install/image_saver/share/ament_index/resource_index
creating /home/mmaaz/ros2_ws/install/image_saver/share/ament_index/resource_index/packages
copying resource/image_saver -> /home/mmaaz/ros2_ws/install/image_saver/share/ament_index/resource_index/packages
copying package.xml -> /home/mmaaz/ros2_ws/install/image_saver/share/image_saver
running install_egg_info
Copying ../../build/image_saver/image_saver.egg-info to /home/mmaaz/ros2_ws/install/image_saver/lib/python3.12/site-packages/image_saver-0.0.0-py3.12.egg-info
running install_scripts
Installing save_images script to /home/mmaaz/ros2_ws/install/image_saver/lib/image_saver
writing list of installed files to '/home/mmaaz/ros2_ws/build/image_saver/install.log'
