[0.820s] Invoking command in '/home/mmaaz/ros2_ws/src/image_saver': PYTHONPATH=/home/mmaaz/ros2_ws/build/image_saver/prefix_override:/usr/lib/python3/dist-packages/colcon_core/task/python/colcon_distutils_commands:/home/mmaaz/ros2_ws/install/image_saver/lib/python3.12/site-packages:${PYTHONPATH} /usr/bin/python3 -W ignore:setup.py install is deprecated -W ignore:easy_install command is deprecated setup.py egg_info --egg-base ../../build/image_saver build --build-base /home/mmaaz/ros2_ws/build/image_saver/build install --record /home/mmaaz/ros2_ws/build/image_saver/install.log --single-version-externally-managed install_data
[0.983s] running egg_info
[0.983s] creating ../../build/image_saver/image_saver.egg-info
[1.005s] writing ../../build/image_saver/image_saver.egg-info/PKG-INFO
[1.005s] writing dependency_links to ../../build/image_saver/image_saver.egg-info/dependency_links.txt
[1.005s] writing entry points to ../../build/image_saver/image_saver.egg-info/entry_points.txt
[1.006s] writing requirements to ../../build/image_saver/image_saver.egg-info/requires.txt
[1.006s] writing top-level names to ../../build/image_saver/image_saver.egg-info/top_level.txt
[1.006s] writing manifest file '../../build/image_saver/image_saver.egg-info/SOURCES.txt'
[1.030s] reading manifest file '../../build/image_saver/image_saver.egg-info/SOURCES.txt'
[1.031s] writing manifest file '../../build/image_saver/image_saver.egg-info/SOURCES.txt'
[1.031s] running build
[1.031s] running build_py
[1.031s] creating /home/mmaaz/ros2_ws/build/image_saver/build
[1.031s] creating /home/mmaaz/ros2_ws/build/image_saver/build/lib
[1.031s] creating /home/mmaaz/ros2_ws/build/image_saver/build/lib/image_saver
[1.031s] copying image_saver/save_images.py -> /home/mmaaz/ros2_ws/build/image_saver/build/lib/image_saver
[1.032s] copying image_saver/__init__.py -> /home/mmaaz/ros2_ws/build/image_saver/build/lib/image_saver
[1.032s] running install
[1.036s] running install_lib
[1.047s] creating /home/mmaaz/ros2_ws/install/image_saver/lib/python3.12/site-packages/image_saver
[1.047s] copying /home/mmaaz/ros2_ws/build/image_saver/build/lib/image_saver/save_images.py -> /home/mmaaz/ros2_ws/install/image_saver/lib/python3.12/site-packages/image_saver
[1.048s] copying /home/mmaaz/ros2_ws/build/image_saver/build/lib/image_saver/__init__.py -> /home/mmaaz/ros2_ws/install/image_saver/lib/python3.12/site-packages/image_saver
[1.048s] byte-compiling /home/mmaaz/ros2_ws/install/image_saver/lib/python3.12/site-packages/image_saver/save_images.py to save_images.cpython-312.pyc
[1.048s] byte-compiling /home/mmaaz/ros2_ws/install/image_saver/lib/python3.12/site-packages/image_saver/__init__.py to __init__.cpython-312.pyc
[1.049s] running install_data
[1.049s] creating /home/mmaaz/ros2_ws/install/image_saver/share/ament_index
[1.049s] creating /home/mmaaz/ros2_ws/install/image_saver/share/ament_index/resource_index
[1.049s] creating /home/mmaaz/ros2_ws/install/image_saver/share/ament_index/resource_index/packages
[1.049s] copying resource/image_saver -> /home/mmaaz/ros2_ws/install/image_saver/share/ament_index/resource_index/packages
[1.049s] copying package.xml -> /home/mmaaz/ros2_ws/install/image_saver/share/image_saver
[1.049s] running install_egg_info
[1.061s] Copying ../../build/image_saver/image_saver.egg-info to /home/mmaaz/ros2_ws/install/image_saver/lib/python3.12/site-packages/image_saver-0.0.0-py3.12.egg-info
[1.063s] running install_scripts
[1.147s] Installing save_images script to /home/mmaaz/ros2_ws/install/image_saver/lib/image_saver
[1.159s] writing list of installed files to '/home/mmaaz/ros2_ws/build/image_saver/install.log'
[1.181s] Invoked command in '/home/mmaaz/ros2_ws/src/image_saver' returned '0': PYTHONPATH=/home/mmaaz/ros2_ws/build/image_saver/prefix_override:/usr/lib/python3/dist-packages/colcon_core/task/python/colcon_distutils_commands:/home/mmaaz/ros2_ws/install/image_saver/lib/python3.12/site-packages:${PYTHONPATH} /usr/bin/python3 -W ignore:setup.py install is deprecated -W ignore:easy_install command is deprecated setup.py egg_info --egg-base ../../build/image_saver build --build-base /home/mmaaz/ros2_ws/build/image_saver/build install --record /home/mmaaz/ros2_ws/build/image_saver/install.log --single-version-externally-managed install_data
